Archive member included because of file (symbol)

C:\Users\Wong Kok Woo\Downloads\EE2024Workspace\Lib_CMSISv1p30_LPC17xx\Debug\libCMSISv1p30_LPC17xx.a(system_LPC17xx.o)
                              ./src/I-WATCH_EE2024.o (SystemCoreClock)
C:\Users\Wong Kok Woo\Downloads\EE2024Workspace\Lib_EaBaseBoard\Debug\libLib_EaBaseBoard.a(acc.o)
                              ./src/I-WATCH_EE2024.o (acc_init)
C:\Users\Wong Kok Woo\Downloads\EE2024Workspace\Lib_EaBaseBoard\Debug\libLib_EaBaseBoard.a(joystick.o)
                              ./src/I-WATCH_EE2024.o (joystick_init)
C:\Users\Wong Kok Woo\Downloads\EE2024Workspace\Lib_EaBaseBoard\Debug\libLib_EaBaseBoard.a(led7seg.o)
                              ./src/I-WATCH_EE2024.o (led7seg_init)
C:\Users\Wong Kok Woo\Downloads\EE2024Workspace\Lib_EaBaseBoard\Debug\libLib_EaBaseBoard.a(light.o)
                              ./src/I-WATCH_EE2024.o (light_enable)
C:\Users\Wong Kok Woo\Downloads\EE2024Workspace\Lib_EaBaseBoard\Debug\libLib_EaBaseBoard.a(oled.o)
                              ./src/I-WATCH_EE2024.o (oled_init)
C:\Users\Wong Kok Woo\Downloads\EE2024Workspace\Lib_EaBaseBoard\Debug\libLib_EaBaseBoard.a(pca9532.o)
                              ./src/I-WATCH_EE2024.o (pca9532_init)
C:\Users\Wong Kok Woo\Downloads\EE2024Workspace\Lib_EaBaseBoard\Debug\libLib_EaBaseBoard.a(temp.o)
                              ./src/I-WATCH_EE2024.o (temp_init)
C:\Users\Wong Kok Woo\Downloads\EE2024Workspace\Lib_EaBaseBoard\Debug\libLib_EaBaseBoard.a(font5x7.o)
                              C:\Users\Wong Kok Woo\Downloads\EE2024Workspace\Lib_EaBaseBoard\Debug\libLib_EaBaseBoard.a(oled.o) (font5x7)
C:\Users\Wong Kok Woo\Downloads\EE2024Workspace\Lib_MCU\Debug\libLib_MCU.a(lpc17xx_gpio.o)
                              ./src/I-WATCH_EE2024.o (GPIO_SetDir)
C:\Users\Wong Kok Woo\Downloads\EE2024Workspace\Lib_MCU\Debug\libLib_MCU.a(lpc17xx_i2c.o)
                              ./src/I-WATCH_EE2024.o (I2C_Init)
C:\Users\Wong Kok Woo\Downloads\EE2024Workspace\Lib_MCU\Debug\libLib_MCU.a(lpc17xx_pinsel.o)
                              ./src/I-WATCH_EE2024.o (PINSEL_ConfigPin)
C:\Users\Wong Kok Woo\Downloads\EE2024Workspace\Lib_MCU\Debug\libLib_MCU.a(lpc17xx_ssp.o)
                              ./src/I-WATCH_EE2024.o (SSP_Init)
C:\Users\Wong Kok Woo\Downloads\EE2024Workspace\Lib_MCU\Debug\libLib_MCU.a(lpc17xx_uart.o)
                              ./src/I-WATCH_EE2024.o (UART_TxCmd)
C:\Users\Wong Kok Woo\Downloads\EE2024Workspace\Lib_MCU\Debug\libLib_MCU.a(lpc17xx_clkpwr.o)
                              C:\Users\Wong Kok Woo\Downloads\EE2024Workspace\Lib_MCU\Debug\libLib_MCU.a(lpc17xx_i2c.o) (CLKPWR_SetPCLKDiv)
c:/nxp/lpcxpresso_6.1.4_194/lpcxpresso/tools/bin/../lib/gcc/arm-none-eabi/4.6.2/armv7-m\libgcc.a(_arm_addsubdf3.o)
                              ./src/I-WATCH_EE2024.o (__aeabi_f2d)
c:/nxp/lpcxpresso_6.1.4_194/lpcxpresso/tools/bin/../lib/gcc/arm-none-eabi/4.6.2/armv7-m\libgcc.a(_arm_muldivdf3.o)
                              ./src/I-WATCH_EE2024.o (__aeabi_ddiv)
c:/nxp/lpcxpresso_6.1.4_194/lpcxpresso/tools/bin/../lib/gcc/arm-none-eabi/4.6.2/armv7-m\libgcc.a(_arm_addsubsf3.o)
                              ./src/I-WATCH_EE2024.o (__aeabi_i2f)
c:/nxp/lpcxpresso_6.1.4_194/lpcxpresso/tools/bin/../lib/gcc/arm-none-eabi/4.6.2/armv7-m\libgcc.a(_aeabi_uldivmod.o)
                              C:\Users\Wong Kok Woo\Downloads\EE2024Workspace\Lib_CMSISv1p30_LPC17xx\Debug\libCMSISv1p30_LPC17xx.a(system_LPC17xx.o) (__aeabi_uldivmod)
c:/nxp/lpcxpresso_6.1.4_194/lpcxpresso/tools/bin/../lib/gcc/arm-none-eabi/4.6.2/armv7-m\libgcc.a(bpabi.o)
                              c:/nxp/lpcxpresso_6.1.4_194/lpcxpresso/tools/bin/../lib/gcc/arm-none-eabi/4.6.2/armv7-m\libgcc.a(_aeabi_uldivmod.o) (__gnu_uldivmod_helper)
c:/nxp/lpcxpresso_6.1.4_194/lpcxpresso/tools/bin/../lib/gcc/arm-none-eabi/4.6.2/armv7-m\libgcc.a(_dvmd_tls.o)
                              c:/nxp/lpcxpresso_6.1.4_194/lpcxpresso/tools/bin/../lib/gcc/arm-none-eabi/4.6.2/armv7-m\libgcc.a(_aeabi_uldivmod.o) (__aeabi_ldiv0)
c:/nxp/lpcxpresso_6.1.4_194/lpcxpresso/tools/bin/../lib/gcc/arm-none-eabi/4.6.2/armv7-m\libgcc.a(_divdi3.o)
                              c:/nxp/lpcxpresso_6.1.4_194/lpcxpresso/tools/bin/../lib/gcc/arm-none-eabi/4.6.2/armv7-m\libgcc.a(bpabi.o) (__divdi3)
c:/nxp/lpcxpresso_6.1.4_194/lpcxpresso/tools/bin/../lib/gcc/arm-none-eabi/4.6.2/armv7-m\libgcc.a(_udivdi3.o)
                              c:/nxp/lpcxpresso_6.1.4_194/lpcxpresso/tools/bin/../lib/gcc/arm-none-eabi/4.6.2/armv7-m\libgcc.a(bpabi.o) (__udivdi3)
c:/nxp/lpcxpresso_6.1.4_194/lpcxpresso/tools/bin/../lib/gcc/arm-none-eabi/4.6.2/../../../../arm-none-eabi/lib/armv7-m\libc.a(lib_a-memset.o)
                              ./src/I-WATCH_EE2024.o (memset)
c:/nxp/lpcxpresso_6.1.4_194/lpcxpresso/tools/bin/../lib/gcc/arm-none-eabi/4.6.2/../../../../arm-none-eabi/lib/armv7-m\libc.a(lib_a-sprintf.o)
[...]
Memory Configuration

Name             Origin             Length             Attributes
MFlash512        0x00000000         0x00080000         xr
RamLoc32         0x10000000         0x00008000         xrw
RamAHB32         0x2007c000         0x00008000         xrw
*default*        0x00000000         0xffffffff

Linker script and memory map

LOAD ./src/I-WATCH_EE2024.o
LOAD ./src/cr_startup_lpc17.o
LOAD C:\Users\Wong Kok Woo\Downloads\EE2024Workspace\Lib_CMSISv1p30_LPC17xx\Debug\libCMSISv1p30_LPC17xx.a
LOAD C:\Users\Wong Kok Woo\Downloads\EE2024Workspace\Lib_EaBaseBoard\Debug\libLib_EaBaseBoard.a
LOAD C:\Users\Wong Kok Woo\Downloads\EE2024Workspace\Lib_MCU\Debug\libLib_MCU.a
START GROUP
LOAD c:/nxp/lpcxpresso_6.1.4_194/lpcxpresso/tools/bin/../lib/gcc/arm-none-eabi/4.6.2/armv7-m\libgcc.a
LOAD c:/nxp/lpcxpresso_6.1.4_194/lpcxpresso/tools/bin/../lib/gcc/arm-none-eabi/4.6.2/../../../../arm-none-eabi/lib/armv7-m\libc.a
LOAD c:/nxp/lpcxpresso_6.1.4_194/lpcxpresso/tools/bin/../lib/gcc/arm-none-eabi/4.6.2/../../../../arm-none-eabi/lib/armv7-m\libm.a
LOAD c:/nxp/lpcxpresso_6.1.4_194/lpcxpresso/tools/bin/../lib/gcc/arm-none-eabi/4.6.2/../../../../arm-none-eabi/lib/armv7-m\libcr_newlib_semihost.a
END GROUP
                0x00080000                __top_MFlash512 = 0x80000
                0x10008000                __top_RamLoc32 = 0x10008000
                0x20084000                __top_RamAHB32 = 0x20084000

.text           0x00000000     0xb514
 FILL mask 0xff
                0x00000000                __vectors_start__ = ABSOLUTE (.)
 *(.isr_vector)
 .isr_vector    0x00000000       0xcc ./src/cr_startup_lpc17.o
                0x00000000                g_pfnVectors
                0x000000cc                . = ALIGN (0x4)
                0x000000cc                __section_table_start = .
                0x000000cc                __data_section_table = .
                0x000000cc        0x4 LONG 0xb51c LOADADDR (.data)
                0x000000d0        0x4 LONG 0x10000000 ADDR (.data)
                0x000000d4        0x4 LONG 0x944 SIZEOF (.data)
                0x000000d8        0x4 LONG 0xb51c LOADADDR (.data_RAM2)
                0x000000dc        0x4 LONG 0x2007c000 ADDR (.data_RAM2)
                0x000000e0        0x4 LONG 0x0 SIZEOF (.data_RAM2)
                0x000000e4                __data_section_table_end = .
                0x000000e4                __bss_section_table = .
                0x000000e4        0x4 LONG 0x10000944 ADDR (.bss)
                0x000000e8        0x4 LONG 0x3b8 SIZEOF (.bss)
                0x000000ec        0x4 LONG 0x2007c000 ADDR (.bss_RAM2)
                0x000000f0        0x4 LONG 0x0 SIZEOF (.bss_RAM2)
                0x000000f4                __bss_section_table_end = .
                0x000000f4                __section_table_end = .
 *(.after_vectors*)
 *(.text*)
 .text.NVIC_EnableIRQ
                0x000000f4       0x38 ./src/I-WATCH_EE2024.o
 .text.NVIC_ClearPendingIRQ
                0x0000012c       0x3c ./src/I-WATCH_EE2024.o
 .text.NVIC_SetPriority
                0x00000168       0x5c ./src/I-WATCH_EE2024.o
 .text.SysTick_Config
                0x000001c4       0x64 ./src/I-WATCH_EE2024.o
 .text.init_UART
                0x00000228       0x7c ./src/I-WATCH_EE2024.o
 .text.init_ssp
                0x000002a4       0x98 ./src/I-WATCH_EE2024.o
 .text.init_i2c
                0x0000033c       0x5c ./src/I-WATCH_EE2024.o
 .text.init_GPIO
                0x00000398      0x170 ./src/I-WATCH_EE2024.o
 .text.EINT3_IRQHandler
                0x00000508       0xac ./src/I-WATCH_EE2024.o
                0x00000508                EINT3_IRQHandler
 .text.EINT0_IRQHandler
                0x000005b4       0x38 ./src/I-WATCH_EE2024.o
                0x000005b4                EINT0_IRQHandler
 .text.SysTick_Handler
                0x000005ec       0x24 ./src/I-WATCH_EE2024.o
                0x000005ec                SysTick_Handler
 .text.getMsTick
                0x00000610       0x18 ./src/I-WATCH_EE2024.o
                0x00000610                getMsTick
 .text.get_Time
                0x00000628      0x1f8 ./src/I-WATCH_EE2024.o
                0x00000628                get_Time
 .text.off_led7seg
                0x00000820       0x14 ./src/I-WATCH_EE2024.o
                0x00000820                off_led7seg
 .text.off_RGB  0x00000834       0x20 ./src/I-WATCH_EE2024.o
                0x00000834                off_RGB
 .text.off_Peripherals
                0x00000854       0x24 ./src/I-WATCH_EE2024.o
                0x00000854                off_Peripherals
 .text.invert_Segment_Display
                0x00000878       0x88 ./src/I-WATCH_EE2024.o
                0x00000878                invert_Segment_Display
 .text.displayAnimation_CAT
                0x00000900      0x210 ./src/I-WATCH_EE2024.o
                0x00000900                displayAnimation_CAT
 .text.displayOled_CAT
                0x00000b10      0x154 ./src/I-WATCH_EE2024.o
                0x00000b10                displayOled_CAT
 .text.displayOled_Active_PS
                0x00000c64      0x184 ./src/I-WATCH_EE2024.o
                0x00000c64                displayOled_Active_PS
 .text.read_Sensor
                0x00000de8       0xdc ./src/I-WATCH_EE2024.o
                0x00000de8                read_Sensor
 .text.displayOled_Sensors
                0x00000ec4      0x1c4 ./src/I-WATCH_EE2024.o
                0x00000ec4                displayOled_Sensors
 .text.clearOled_Sensors
                0x00001088      0x1c4 ./src/I-WATCH_EE2024.o
                0x00001088                clearOled_Sensors
 .text.print_Results
                0x0000124c      0x134 ./src/I-WATCH_EE2024.o
                0x0000124c                print_Results
 .text.displayCAT_UART
                0x00001380       0x80 ./src/I-WATCH_EE2024.o
                0x00001380                displayCAT_UART
 .text.displayACTIVE_UART
                0x00001400       0x80 ./src/I-WATCH_EE2024.o
                0x00001400                displayACTIVE_UART
 .text.calibrate_acc
                0x00001480       0x70 ./src/I-WATCH_EE2024.o
                0x00001480                calibrate_acc
 .text.cat_Mode
                0x000014f0      0x4ac ./src/I-WATCH_EE2024.o
                0x000014f0                cat_Mode
 .text.active_Mode
                0x0000199c      0x5e4 ./src/I-WATCH_EE2024.o
                0x0000199c                active_Mode
 .text.welcome_Message
                0x00001f80      0x244 ./src/I-WATCH_EE2024.o
                0x00001f80                welcome_Message
 .text.main     0x000021c4      0x14c ./src/I-WATCH_EE2024.o
                0x000021c4                main
 .text.check_failed
                0x00002310        0xc ./src/I-WATCH_EE2024.o
                0x00002310                check_failed
 .text.ResetISR
                0x0000231c       0x68 ./src/cr_startup_lpc17.o
                0x0000231c                ResetISR
 .text.NMI_Handler
                0x00002384        0x8 ./src/cr_startup_lpc17.o
                0x00002384                NMI_Handler
 .text.HardFault_Handler
                0x0000238c        0x8 ./src/cr_startup_lpc17.o
                0x0000238c                HardFault_Handler
 .text.MemManage_Handler
                0x00002394        0x8 ./src/cr_startup_lpc17.o
                0x00002394                MemManage_Handler
 .text.BusFault_Handler
                0x0000239c        0x8 ./src/cr_startup_lpc17.o
                0x0000239c                BusFault_Handler
 .text.UsageFault_Handler
                0x000023a4        0x8 ./src/cr_startup_lpc17.o
                0x000023a4                UsageFault_Handler
 .text.SVCall_Handler
                0x000023ac        0x8 ./src/cr_startup_lpc17.o
                0x000023ac                SVCall_Handler
 .text.DebugMon_Handler
                0x000023b4        0x8 ./src/cr_startup_lpc17.o
                0x000023b4                DebugMon_Handler
 .text.PendSV_Handler
                0x000023bc        0x8 ./src/cr_startup_lpc17.o
                0x000023bc                PendSV_Handler
 .text.IntDefaultHandler
                0x000023c4        0x8 ./src/cr_startup_lpc17.o
                0x000023c4                TIMER2_IRQHandler
                0x000023c4                RIT_IRQHandler
                0x000023c4                I2C0_IRQHandler
                0x000023c4                USBActivity_IRQHandler
                0x000023c4                PWM1_IRQHandler
                0x000023c4                I2C1_IRQHandler
                0x000023c4                EINT2_IRQHandler
                0x000023c4                UART1_IRQHandler
                0x000023c4                CANActivity_IRQHandler
                0x000023c4                TIMER3_IRQHandler
                0x000023c4                UART0_IRQHandler
                0x000023c4                IntDefaultHandler
                0x000023c4                PLL0_IRQHandler
                0x000023c4                CAN_IRQHandler
                0x000023c4                PLL1_IRQHandler
                0x000023c4                SSP0_IRQHandler
                0x000023c4                I2S_IRQHandler
                0x000023c4                I2C2_IRQHandler
                0x000023c4                RTC_IRQHandler
                0x000023c4                TIMER0_IRQHandler
                0x000023c4                SPI_IRQHandler
                0x000023c4                EINT1_IRQHandler
                0x000023c4                TIMER1_IRQHandler
                0x000023c4                UART2_IRQHandler
                0x000023c4                ADC_IRQHandler
                0x000023c4                SSP1_IRQHandler
                0x000023c4                USB_IRQHandler
                0x000023c4                BOD_IRQHandler
                0x000023c4                WDT_IRQHandler
                0x000023c4                QEI_IRQHandler
                0x000023c4                DMA_IRQHandler
                0x000023c4                UART3_IRQHandler
                0x000023c4                MCPWM_IRQHandler
                0x000023c4                ENET_IRQHandler
 .text.SystemInit
                0x000023cc      0x22c C:\Users\Wong Kok Woo\Downloads\EE2024Workspace\Lib_CMSISv1p30_LPC17xx\Debug\libCMSISv1p30_LPC17xx.a(system_LPC17xx.o)
                0x000023cc                SystemInit
 .text.I2CRead  0x000025f8       0x5c C:\Users\Wong Kok Woo\Downloads\EE2024Workspace\Lib_EaBaseBoard\Debug\libLib_EaBaseBoard.a(acc.o)
 .text.I2CWrite
                0x00002654       0x5c C:\Users\Wong Kok Woo\Downloads\EE2024Workspace\Lib_EaBaseBoard\Debug\libLib_EaBaseBoard.a(acc.o)
 .text.getStatus
                0x000026b0       0x3c C:\Users\Wong Kok Woo\Downloads\EE2024Workspace\Lib_EaBaseBoard\Debug\libLib_EaBaseBoard.a(acc.o)
 .text.setModeControl
                0x000026ec       0x30 C:\Users\Wong Kok Woo\Downloads\EE2024Workspace\Lib_EaBaseBoard\Debug\libLib_EaBaseBoard.a(acc.o)
 .text.acc_init
                0x0000271c       0x10 C:\Users\Wong Kok Woo\Downloads\EE2024Workspace\Lib_EaBaseBoard\Debug\libLib_EaBaseBoard.a(acc.o)
                0x0000271c                acc_init
 .text.acc_read
                0x0000272c       0xbc C:\Users\Wong Kok Woo\Downloads\EE2024Workspace\Lib_EaBaseBoard\Debug\libLib_EaBaseBoard.a(acc.o)
                0x0000272c                acc_read
 .text.joystick_init
                0x000027e8       0x28 C:\Users\Wong Kok Woo\Downloads\EE2024Workspace\Lib_EaBaseBoard\Debug\libLib_EaBaseBoard.a(joystick.o)
                0x000027e8                joystick_init
 .text.joystick_read
                0x00002810       0x98 C:\Users\Wong Kok Woo\Downloads\EE2024Workspace\Lib_EaBaseBoard\Debug\libLib_EaBaseBoard.a(joystick.o)
                0x00002810                joystick_read
 .text.led7seg_init
                0x000028a8       0x24 C:\Users\Wong Kok Woo\Downloads\EE2024Workspace\Lib_EaBaseBoard\Debug\libLib_EaBaseBoard.a(led7seg.o)
                0x000028a8                led7seg_init
 .text.led7seg_setChar
                0x000028cc       0x88 C:\Users\Wong Kok Woo\Downloads\EE2024Workspace\Lib_EaBaseBoard\Debug\libLib_EaBaseBoard.a(led7seg.o)
                0x000028cc                led7seg_setChar
 .text.I2CRead  0x00002954       0x5c C:\Users\Wong Kok Woo\Downloads\EE2024Workspace\Lib_EaBaseBoard\Debug\libLib_EaBaseBoard.a(light.o)
 .text.I2CWrite
                0x000029b0       0x5c C:\Users\Wong Kok Woo\Downloads\EE2024Workspace\Lib_EaBaseBoard\Debug\libLib_EaBaseBoard.a(light.o)
 .text.readCommandReg
                0x00002a0c       0x3c C:\Users\Wong Kok Woo\Downloads\EE2024Workspace\Lib_EaBaseBoard\Debug\libLib_EaBaseBoard.a(light.o)
 .text.readControlReg
                0x00002a48       0x3c C:\Users\Wong Kok Woo\Downloads\EE2024Workspace\Lib_EaBaseBoard\Debug\libLib_EaBaseBoard.a(light.o)
 .text.light_enable
                0x00002a84       0x48 C:\Users\Wong Kok Woo\Downloads\EE2024Workspace\Lib_EaBaseBoard\Debug\libLib_EaBaseBoard.a(light.o)
                0x00002a84                light_enable
 .text.light_read
                0x00002acc       0x90 C:\Users\Wong Kok Woo\Downloads\EE2024Workspace\Lib_EaBaseBoard\Debug\libLib_EaBaseBoard.a(light.o)
                0x00002acc                light_read
 .text.light_setWidth
                0x00002b5c       0xa4 C:\Users\Wong Kok Woo\Downloads\EE2024Workspace\Lib_EaBaseBoard\Debug\libLib_EaBaseBoard.a(light.o)
                0x00002b5c                light_setWidth
 .text.light_setRange
                0x00002c00       0xac C:\Users\Wong Kok Woo\Downloads\EE2024Workspace\Lib_EaBaseBoard\Debug\libLib_EaBaseBoard.a(light.o)
                0x00002c00                light_setRange
 .text.light_setHiThreshold
                0x00002cac       0x58 C:\Users\Wong Kok Woo\Downloads\EE2024Workspace\Lib_EaBaseBoard\Debug\libLib_EaBaseBoard.a(light.o)
                0x00002cac                light_setHiThreshold
 .text.light_setLoThreshold
                0x00002d04       0x58 C:\Users\Wong Kok Woo\Downloads\EE2024Workspace\Lib_EaBaseBoard\Debug\libLib_EaBaseBoard.a(light.o)
                0x00002d04                light_setLoThreshold
 .text.light_setIrqInCycles
                0x00002d5c       0x48 C:\Users\Wong Kok Woo\Downloads\EE2024Workspace\Lib_EaBaseBoard\Debug\libLib_EaBaseBoard.a(light.o)
                0x00002d5c                light_setIrqInCycles
 .text.light_clearIrqStatus
                0x00002da4       0x3c C:\Users\Wong Kok Woo\Downloads\EE2024Workspace\Lib_EaBaseBoard\Debug\libLib_EaBaseBoard.a(light.o)
                0x00002da4                light_clearIrqStatus
 .text.writeCommand
                0x00002de0       0x60 C:\Users\Wong Kok Woo\Downloads\EE2024Workspace\Lib_EaBaseBoard\Debug\libLib_EaBaseBoard.a(oled.o)
 .text.writeData
                0x00002e40       0x60 C:\Users\Wong Kok Woo\Downloads\EE2024Workspace\Lib_EaBaseBoard\Debug\libLib_EaBaseBoard.a(oled.o)
 .text.writeDataLen
                0x00002ea0       0x8c C:\Users\Wong Kok Woo\Downloads\EE2024Workspace\Lib_EaBaseBoard\Debug\libLib_EaBaseBoard.a(oled.o)
 .text.runInitSequence
                0x00002f2c      0x118 C:\Users\Wong Kok Woo\Downloads\EE2024Workspace\Lib_EaBaseBoard\Debug\libLib_EaBaseBoard.a(oled.o)
 .text.oled_init
                0x00003044       0x9c C:\Users\Wong Kok Woo\Downloads\EE2024Workspace\Lib_EaBaseBoard\Debug\libLib_EaBaseBoard.a(oled.o)
                0x00003044                oled_init
 .text.oled_putPixel
                0x000030e0      0x188 C:\Users\Wong Kok Woo\Downloads\EE2024Workspace\Lib_EaBaseBoard\Debug\libLib_EaBaseBoard.a(oled.o)
                0x000030e0                oled_putPixel
 .text.oled_circle
                0x00003268      0x32c C:\Users\Wong Kok Woo\Downloads\EE2024Workspace\Lib_EaBaseBoard\Debug\libLib_EaBaseBoard.a(oled.o)
                0x00003268                oled_circle
 .text.oled_clearScreen
                0x00003594       0x74 C:\Users\Wong Kok Woo\Downloads\EE2024Workspace\Lib_EaBaseBoard\Debug\libLib_EaBaseBoard.a(oled.o)
                0x00003594                oled_clearScreen
 .text.oled_putChar
                0x00003608       0xf0 C:\Users\Wong Kok Woo\Downloads\EE2024Workspace\Lib_EaBaseBoard\Debug\libLib_EaBaseBoard.a(oled.o)
                0x00003608                oled_putChar
 .text.oled_putString
                0x000036f8       0x54 C:\Users\Wong Kok Woo\Downloads\EE2024Workspace\Lib_EaBaseBoard\Debug\libLib_EaBaseBoard.a(oled.o)
                0x000036f8                oled_putString
 .text.I2CRead  0x0000374c       0x5c C:\Users\Wong Kok Woo\Downloads\EE2024Workspace\Lib_EaBaseBoard\Debug\libLib_EaBaseBoard.a(pca9532.o)
 .text.I2CWrite
                0x000037a8       0x5c C:\Users\Wong Kok Woo\Downloads\EE2024Workspace\Lib_EaBaseBoard\Debug\libLib_EaBaseBoard.a(pca9532.o)
 .text.setLsStates
                0x00003804       0xc4 C:\Users\Wong Kok Woo\Downloads\EE2024Workspace\Lib_EaBaseBoard\Debug\libLib_EaBaseBoard.a(pca9532.o)
 .text.setLeds  0x000038c8       0xa0 C:\Users\Wong Kok Woo\Downloads\EE2024Workspace\Lib_EaBaseBoard\Debug\libLib_EaBaseBoard.a(pca9532.o)
 .text.pca9532_init
                0x00003968        0xc C:\Users\Wong Kok Woo\Downloads\EE2024Workspace\Lib_EaBaseBoard\Debug\libLib_EaBaseBoard.a(pca9532.o)
                0x00003968                pca9532_init
 .text.pca9532_getLedState
                0x00003974       0xb8 C:\Users\Wong Kok Woo\Downloads\EE2024Workspace\Lib_EaBaseBoard\Debug\libLib_EaBaseBoard.a(pca9532.o)
                0x00003974                pca9532_getLedState
 .text.pca9532_setLeds
                0x00003a2c       0xa0 C:\Users\Wong Kok Woo\Downloads\EE2024Workspace\Lib_EaBaseBoard\Debug\libLib_EaBaseBoard.a(pca9532.o)
                0x00003a2c                pca9532_setLeds
 .text.temp_init
                0x00003acc       0x2c C:\Users\Wong Kok Woo\Downloads\EE2024Workspace\Lib_EaBaseBoard\Debug\libLib_EaBaseBoard.a(temp.o)
                0x00003acc                temp_init
 .text.temp_read
                0x00003af8      0x10c C:\Users\Wong Kok Woo\Downloads\EE2024Workspace\Lib_EaBaseBoard\Debug\libLib_EaBaseBoard.a(temp.o)
                0x00003af8                temp_read
 .text.GPIO_GetPointer
                0x00003c04       0x7c C:\Users\Wong Kok Woo\Downloads\EE2024Workspace\Lib_MCU\Debug\libLib_MCU.a(lpc17xx_gpio.o)
 .text.GPIO_SetDir
                0x00003c80       0x54 C:\Users\Wong Kok Woo\Downloads\EE2024Workspace\Lib_MCU\Debug\libLib_MCU.a(lpc17xx_gpio.o)
                0x00003c80                GPIO_SetDir
 .text.GPIO_SetValue
                0x00003cd4       0x2c C:\Users\Wong Kok Woo\Downloads\EE2024Workspace\Lib_MCU\Debug\libLib_MCU.a(lpc17xx_gpio.o)
                0x00003cd4                GPIO_SetValue
 .text.GPIO_ClearValue
                0x00003d00       0x2c C:\Users\Wong Kok Woo\Downloads\EE2024Workspace\Lib_MCU\Debug\libLib_MCU.a(lpc17xx_gpio.o)
                0x00003d00                GPIO_ClearValue
 .text.GPIO_ReadValue
                0x00003d2c       0x30 C:\Users\Wong Kok Woo\Downloads\EE2024Workspace\Lib_MCU\Debug\libLib_MCU.a(lpc17xx_gpio.o)
                0x00003d2c                GPIO_ReadValue
 .text.NVIC_EnableIRQ
                0x00003d5c       0x38 C:\Users\Wong Kok Woo\Downloads\EE2024Workspace\Lib_MCU\Debug\libLib_MCU.a(lpc17xx_i2c.o)
 .text.NVIC_DisableIRQ
                0x00003d94       0x3c C:\Users\Wong Kok Woo\Downloads\EE2024Workspace\Lib_MCU\Debug\libLib_MCU.a(lpc17xx_i2c.o)
 .text.I2C_getNum
                0x00003dd0       0x54 C:\Users\Wong Kok Woo\Downloads\EE2024Workspace\Lib_MCU\Debug\libLib_MCU.a(lpc17xx_i2c.o)
 .text.I2C_Start
                0x00003e24       0x44 C:\Users\Wong Kok Woo\Downloads\EE2024Workspace\Lib_MCU\Debug\libLib_MCU.a(lpc17xx_i2c.o)
 .text.I2C_Stop
                0x00003e68       0x38 C:\Users\Wong Kok Woo\Downloads\EE2024Workspace\Lib_MCU\Debug\libLib_MCU.a(lpc17xx_i2c.o)
 .text.I2C_SendByte
                0x00003ea0       0x50 C:\Users\Wong Kok Woo\Downloads\EE2024Workspace\Lib_MCU\Debug\libLib_MCU.a(lpc17xx_i2c.o)
 .text.I2C_GetByte
                0x00003ef0       0x5c C:\Users\Wong Kok Woo\Downloads\EE2024Workspace\Lib_MCU\Debug\libLib_MCU.a(lpc17xx_i2c.o)
 .text.I2C_IntCmd
                0x00003f4c       0xa8 C:\Users\Wong Kok Woo\Downloads\EE2024Workspace\Lib_MCU\Debug\libLib_MCU.a(lpc17xx_i2c.o)
                0x00003f4c                I2C_IntCmd
 .text.I2C_MasterHandler
                0x00003ff4      0x408 C:\Users\Wong Kok Woo\Downloads\EE2024Workspace\Lib_MCU\Debug\libLib_MCU.a(lpc17xx_i2c.o)
                0x00003ff4                I2C_MasterHandler
 .text.I2C_SetClock
                0x000043fc       0xc8 C:\Users\Wong Kok Woo\Downloads\EE2024Workspace\Lib_MCU\Debug\libLib_MCU.a(lpc17xx_i2c.o)
                0x000043fc                I2C_SetClock
 .text.I2C_Init
                0x000044c4       0xd8 C:\Users\Wong Kok Woo\Downloads\EE2024Workspace\Lib_MCU\Debug\libLib_MCU.a(lpc17xx_i2c.o)
                0x000044c4                I2C_Init
 .text.I2C_Cmd  0x0000459c       0x84 C:\Users\Wong Kok Woo\Downloads\EE2024Workspace\Lib_MCU\Debug\libLib_MCU.a(lpc17xx_i2c.o)
                0x0000459c                I2C_Cmd
 .text.I2C_MasterTransferData
                0x00004620      0x390 C:\Users\Wong Kok Woo\Downloads\EE2024Workspace\Lib_MCU\Debug\libLib_MCU.a(lpc17xx_i2c.o)
                0x00004620                I2C_MasterTransferData
 .text.PINSEL_SetPinFunc
                0x000049b0       0x9c C:\Users\Wong Kok Woo\Downloads\EE2024Workspace\Lib_MCU\Debug\libLib_MCU.a(lpc17xx_pinsel.o)
                0x000049b0                PINSEL_SetPinFunc
 .text.PINSEL_SetResistorMode
                0x00004a4c       0x9c C:\Users\Wong Kok Woo\Downloads\EE2024Workspace\Lib_MCU\Debug\libLib_MCU.a(lpc17xx_pinsel.o)
                0x00004a4c                PINSEL_SetResistorMode
 .text.PINSEL_SetOpenDrainMode
                0x00004ae8       0x7c C:\Users\Wong Kok Woo\Downloads\EE2024Workspace\Lib_MCU\Debug\libLib_MCU.a(lpc17xx_pinsel.o)
                0x00004ae8                PINSEL_SetOpenDrainMode
 .text.PINSEL_ConfigPin
                0x00004b64       0x54 C:\Users\Wong Kok Woo\Downloads\EE2024Workspace\Lib_MCU\Debug\libLib_MCU.a(lpc17xx_pinsel.o)
                0x00004b64                PINSEL_ConfigPin
 .text.SSP_getNum
                0x00004bb8       0x40 C:\Users\Wong Kok Woo\Downloads\EE2024Workspace\Lib_MCU\Debug\libLib_MCU.a(lpc17xx_ssp.o)
 .text.SSP_IntHandler
                0x00004bf8      0x338 C:\Users\Wong Kok Woo\Downloads\EE2024Workspace\Lib_MCU\Debug\libLib_MCU.a(lpc17xx_ssp.o)
                0x00004bf8                SSP_IntHandler
 .text.SSP_SetClock
                0x00004f30       0xf8 C:\Users\Wong Kok Woo\Downloads\EE2024Workspace\Lib_MCU\Debug\libLib_MCU.a(lpc17xx_ssp.o)
                0x00004f30                SSP_SetClock
 .text.SSP_Init
                0x00005028      0x10c C:\Users\Wong Kok Woo\Downloads\EE2024Workspace\Lib_MCU\Debug\libLib_MCU.a(lpc17xx_ssp.o)
                0x00005028                SSP_Init
 .text.SSP_ConfigStructInit
                0x00005134       0x48 C:\Users\Wong Kok Woo\Downloads\EE2024Workspace\Lib_MCU\Debug\libLib_MCU.a(lpc17xx_ssp.o)
                0x00005134                SSP_ConfigStructInit
 .text.SSP_Cmd  0x0000517c       0x7c C:\Users\Wong Kok Woo\Downloads\EE2024Workspace\Lib_MCU\Debug\libLib_MCU.a(lpc17xx_ssp.o)
                0x0000517c                SSP_Cmd
 .text.SSP_SendData
                0x000051f8       0x48 C:\Users\Wong Kok Woo\Downloads\EE2024Workspace\Lib_MCU\Debug\libLib_MCU.a(lpc17xx_ssp.o)
                0x000051f8                SSP_SendData
 .text.SSP_ReceiveData
                0x00005240       0x44 C:\Users\Wong Kok Woo\Downloads\EE2024Workspace\Lib_MCU\Debug\libLib_MCU.a(lpc17xx_ssp.o)
                0x00005240                SSP_ReceiveData
 .text.SSP_ReadWrite
                0x00005284      0x440 C:\Users\Wong Kok Woo\Downloads\EE2024Workspace\Lib_MCU\Debug\libLib_MCU.a(lpc17xx_ssp.o)
                0x00005284                SSP_ReadWrite
 .text.uart_set_divisors
                0x000056c4      0x26c C:\Users\Wong Kok Woo\Downloads\EE2024Workspace\Lib_MCU\Debug\libLib_MCU.a(lpc17xx_uart.o)
                0x000056c4                uart_set_divisors
 .text.UART_Init
                0x00005930      0x368 C:\Users\Wong Kok Woo\Downloads\EE2024Workspace\Lib_MCU\Debug\libLib_MCU.a(lpc17xx_uart.o)
                0x00005930                UART_Init
 .text.UART_SendData
                0x00005c98       0x78 C:\Users\Wong Kok Woo\Downloads\EE2024Workspace\Lib_MCU\Debug\libLib_MCU.a(lpc17xx_uart.o)
                0x00005c98                UART_SendData
 .text.UART_TxCmd
                0x00005d10       0xe8 C:\Users\Wong Kok Woo\Downloads\EE2024Workspace\Lib_MCU\Debug\libLib_MCU.a(lpc17xx_uart.o)
                0x00005d10                UART_TxCmd
 .text.UART_Send
                0x00005df8      0x10c C:\Users\Wong Kok Woo\Downloads\EE2024Workspace\Lib_MCU\Debug\libLib_MCU.a(lpc17xx_uart.o)
                0x00005df8                UART_Send
 .text.CLKPWR_SetPCLKDiv
                0x00005f04       0xcc C:\Users\Wong Kok Woo\Downloads\EE2024Workspace\Lib_MCU\Debug\libLib_MCU.a(lpc17xx_clkpwr.o)
                0x00005f04                CLKPWR_SetPCLKDiv
 .text.CLKPWR_GetPCLKSEL
                0x00005fd0       0x54 C:\Users\Wong Kok Woo\Downloads\EE2024Workspace\Lib_MCU\Debug\libLib_MCU.a(lpc17xx_clkpwr.o)
                0x00005fd0                CLKPWR_GetPCLKSEL
 .text.CLKPWR_GetPCLK
                0x00006024       0x74 C:\Users\Wong Kok Woo\Downloads\EE2024Workspace\Lib_MCU\Debug\libLib_MCU.a(lpc17xx_clkpwr.o)
                0x00006024                CLKPWR_GetPCLK
 .text.CLKPWR_ConfigPPWR
                0x00006098       0x78 C:\Users\Wong Kok Woo\Downloads\EE2024Workspace\Lib_MCU\Debug\libLib_MCU.a(lpc17xx_clkpwr.o)
                0x00006098                CLKPWR_ConfigPPWR
 .text          0x00006110      0x370 c:/nxp/lpcxpresso_6.1.4_194/lpcxpresso/tools/bin/../lib/gcc/arm-none-eabi/4.6.2/armv7-m\libgcc.a(_arm_addsubdf3.o)
                0x00006110                __aeabi_drsub
                0x00006118                __aeabi_dsub
                0x00006118                __subdf3
                0x0000611c                __aeabi_dadd
                0x0000611c                __adddf3
                0x00006394                __floatunsidf
                0x00006394                __aeabi_ui2d
                0x000063b4                __floatsidf
                0x000063b4                __aeabi_i2d
                0x000063d8                __aeabi_f2d
                0x000063d8                __extendsfdf2
                0x00006414                __floatundidf
                0x00006414                __aeabi_ul2d
                0x00006424                __floatdidf
                0x00006424                __aeabi_l2d
 .text          0x00006480      0x424 c:/nxp/lpcxpresso_6.1.4_194/lpcxpresso/tools/bin/../lib/gcc/arm-none-eabi/4.6.2/armv7-m\libgcc.a(_arm_muldivdf3.o)
                0x00006480                __aeabi_dmul
                0x00006480                __muldf3
                0x000066d4                __divdf3
                0x000066d4                __aeabi_ddiv
 .text          0x000068a4      0x21c c:/nxp/lpcxpresso_6.1.4_194/lpcxpresso/tools/bin/../lib/gcc/arm-none-eabi/4.6.2/armv7-m\libgcc.a(_arm_addsubsf3.o)
                0x000068a4                __aeabi_frsub
                0x000068ac                __subsf3
                0x000068ac                __aeabi_fsub
                0x000068b0                __aeabi_fadd
                0x000068b0                __addsf3
                0x00006a10                __aeabi_ui2f
                0x00006a10                __floatunsisf
                0x00006a18                __aeabi_i2f
                0x00006a18                __floatsisf
                0x00006a34                __aeabi_ul2f
                0x00006a34                __floatundisf
                0x00006a44                __aeabi_l2f
                0x00006a44                __floatdisf
 .text          0x00006ac0       0x2c c:/nxp/lpcxpresso_6.1.4_194/lpcxpresso/tools/bin/../lib/gcc/arm-none-eabi/4.6.2/armv7-m\libgcc.a(_aeabi_uldivmod.o)
                0x00006ac0                __aeabi_uldivmod
 .text          0x00006aec       0x5c c:/nxp/lpcxpresso_6.1.4_194/lpcxpresso/tools/bin/../lib/gcc/arm-none-eabi/4.6.2/armv7-m\libgcc.a(bpabi.o)
                0x00006aec                __gnu_ldivmod_helper
                0x00006b1c                __gnu_uldivmod_helper
 .text          0x00006b48        0x4 c:/nxp/lpcxpresso_6.1.4_194/lpcxpresso/tools/bin/../lib/gcc/arm-none-eabi/4.6.2/armv7-m\libgcc.a(_dvmd_tls.o)
                0x00006b48                __aeabi_idiv0
                0x00006b48                __aeabi_ldiv0
 .text          0x00006b4c      0x2c8 c:/nxp/lpcxpresso_6.1.4_194/lpcxpresso/tools/bin/../lib/gcc/arm-none-eabi/4.6.2/armv7-m\libgcc.a(_divdi3.o)
                0x00006b4c                __divdi3
 .text          0x00006e14      0x298 c:/nxp/lpcxpresso_6.1.4_194/lpcxpresso/tools/bin/../lib/gcc/arm-none-eabi/4.6.2/armv7-m\libgcc.a(_udivdi3.o)
                0x00006e14                __udivdi3
 .text.memset   0x000070ac       0x90 c:/nxp/lpcxpresso_6.1.4_194/lpcxpresso/tools/bin/../lib/gcc/arm-none-eabi/4.6.2/../../../../arm-none-eabi/lib/armv7-m\libc.a(lib_a-memset.o)
                0x000070ac                memset
 .text.sprintf  0x0000713c       0x50 c:/nxp/lpcxpresso_6.1.4_194/lpcxpresso/tools/bin/../lib/gcc/arm-none-eabi/4.6.2/../../../../arm-none-eabi/lib/armv7-m\libc.a(lib_a-sprintf.o)
                0x0000713c                sprintf
 .text.strlen   0x0000718c       0x60 c:/nxp/lpcxpresso_6.1.4_194/lpcxpresso/tools/bin/../lib/gcc/arm-none-eabi/4.6.2/../../../../arm-none-eabi/lib/armv7-m\libc.a(lib_a-strlen.o)
                0x0000718c                strlen
 .text._svfprintf_r
                0x000071ec     0x1408 c:/nxp/lpcxpresso_6.1.4_194/lpcxpresso/tools/bin/../lib/gcc/arm-none-eabi/4.6.2/../../../../arm-none-eabi/lib/armv7-m\libc.a(lib_a-svfprintf.o)
                0x000071ec                _svfprintf_r
 .text.quorem   0x000085f4      0x150 c:/nxp/lpcxpresso_6.1.4_194/lpcxpresso/tools/bin/../lib/gcc/arm-none-eabi/4.6.2/../../../../arm-none-eabi/lib/armv7-m\libc.a(lib_a-dtoa.o)
 *fill*         0x00008744        0x4 00
 .text._dtoa_r  0x00008748      0xe60 c:/nxp/lpcxpresso_6.1.4_194/lpcxpresso/tools/bin/../lib/gcc/arm-none-eabi/4.6.2/../../../../arm-none-eabi/lib/armv7-m\libc.a(lib_a-dtoa.o)
                0x00008748                _dtoa_r
 .text._localeconv_r
                0x000095a8        0xc c:/nxp/lpcxpresso_6.1.4_194/lpcxpresso/tools/bin/../lib/gcc/arm-none-eabi/4.6.2/../../../../arm-none-eabi/lib/armv7-m\libc.a(lib_a-locale.o)
                0x000095a8                _localeconv_r
 .text._malloc_r
                0x000095b4      0x528 c:/nxp/lpcxpresso_6.1.4_194/lpcxpresso/tools/bin/../lib/gcc/arm-none-eabi/4.6.2/../../../../arm-none-eabi/lib/armv7-m\libc.a(lib_a-mallocr.o)
                0x000095b4                _malloc_r
 .text.memchr   0x00009adc       0x84 c:/nxp/lpcxpresso_6.1.4_194/lpcxpresso/tools/bin/../lib/gcc/arm-none-eabi/4.6.2/../../../../arm-none-eabi/lib/armv7-m\libc.a(lib_a-memchr.o)
                0x00009adc                memchr
 .text.memcpy   0x00009b60       0x84 c:/nxp/lpcxpresso_6.1.4_194/lpcxpresso/tools/bin/../lib/gcc/arm-none-eabi/4.6.2/../../../../arm-none-eabi/lib/armv7-m\libc.a(lib_a-memcpy.o)
                0x00009b60                memcpy
 .text.__malloc_lock
                0x00009be4        0x4 c:/nxp/lpcxpresso_6.1.4_194/lpcxpresso/tools/bin/../lib/gcc/arm-none-eabi/4.6.2/../../../../arm-none-eabi/lib/armv7-m\libc.a(lib_a-mlock.o)
                0x00009be4                __malloc_lock
 .text.__malloc_unlock
                0x00009be8        0x4 c:/nxp/lpcxpresso_6.1.4_194/lpcxpresso/tools/bin/../lib/gcc/arm-none-eabi/4.6.2/../../../../arm-none-eabi/lib/armv7-m\libc.a(lib_a-mlock.o)
                0x00009be8                __malloc_unlock
 .text._Balloc  0x00009bec       0x4c c:/nxp/lpcxpresso_6.1.4_194/lpcxpresso/tools/bin/../lib/gcc/arm-none-eabi/4.6.2/../../../../arm-none-eabi/lib/armv7-m\libc.a(lib_a-mprec.o)
                0x00009bec                _Balloc
 .text._Bfree   0x00009c38       0x14 c:/nxp/lpcxpresso_6.1.4_194/lpcxpresso/tools/bin/../lib/gcc/arm-none-eabi/4.6.2/../../../../arm-none-eabi/lib/armv7-m\libc.a(lib_a-mprec.o)
                0x00009c38                _Bfree
 .text.__multadd
                0x00009c4c       0x84 c:/nxp/lpcxpresso_6.1.4_194/lpcxpresso/tools/bin/../lib/gcc/arm-none-eabi/4.6.2/../../../../arm-none-eabi/lib/armv7-m\libc.a(lib_a-mprec.o)
                0x00009c4c                __multadd
 .text.__hi0bits
                0x00009cd0       0x3c c:/nxp/lpcxpresso_6.1.4_194/lpcxpresso/tools/bin/../lib/gcc/arm-none-eabi/4.6.2/../../../../arm-none-eabi/lib/armv7-m\libc.a(lib_a-mprec.o)
                0x00009cd0                __hi0bits
 .text.__lo0bits
                0x00009d0c       0x5c c:/nxp/lpcxpresso_6.1.4_194/lpcxpresso/tools/bin/../lib/gcc/arm-none-eabi/4.6.2/../../../../arm-none-eabi/lib/armv7-m\libc.a(lib_a-mprec.o)
                0x00009d0c                __lo0bits
 .text.__i2b    0x00009d68       0x14 c:/nxp/lpcxpresso_6.1.4_194/lpcxpresso/tools/bin/../lib/gcc/arm-none-eabi/4.6.2/../../../../arm-none-eabi/lib/armv7-m\libc.a(lib_a-mprec.o)
                0x00009d68                __i2b
 .text.__multiply
                0x00009d7c      0x144 c:/nxp/lpcxpresso_6.1.4_194/lpcxpresso/tools/bin/../lib/gcc/arm-none-eabi/4.6.2/../../../../arm-none-eabi/lib/armv7-m\libc.a(lib_a-mprec.o)
                0x00009d7c                __multiply
 .text.__pow5mult
                0x00009ec0       0x98 c:/nxp/lpcxpresso_6.1.4_194/lpcxpresso/tools/bin/../lib/gcc/arm-none-eabi/4.6.2/../../../../arm-none-eabi/lib/armv7-m\libc.a(lib_a-mprec.o)
                0x00009ec0                __pow5mult
 .text.__lshift
                0x00009f58       0xc0 c:/nxp/lpcxpresso_6.1.4_194/lpcxpresso/tools/bin/../lib/gcc/arm-none-eabi/4.6.2/../../../../arm-none-eabi/lib/armv7-m\libc.a(lib_a-mprec.o)
                0x00009f58                __lshift
 .text.__mcmp   0x0000a018       0x3c c:/nxp/lpcxpresso_6.1.4_194/lpcxpresso/tools/bin/../lib/gcc/arm-none-eabi/4.6.2/../../../../arm-none-eabi/lib/armv7-m\libc.a(lib_a-mprec.o)
                0x0000a018                __mcmp
 .text.__mdiff  0x0000a054       0xd8 c:/nxp/lpcxpresso_6.1.4_194/lpcxpresso/tools/bin/../lib/gcc/arm-none-eabi/4.6.2/../../../../arm-none-eabi/lib/armv7-m\libc.a(lib_a-mprec.o)
                0x0000a054                __mdiff
 .text.__d2b    0x0000a12c       0xcc c:/nxp/lpcxpresso_6.1.4_194/lpcxpresso/tools/bin/../lib/gcc/arm-none-eabi/4.6.2/../../../../arm-none-eabi/lib/armv7-m\libc.a(lib_a-mprec.o)
                0x0000a12c                __d2b
 .text.__fpclassifyd
                0x0000a1f8       0x68 c:/nxp/lpcxpresso_6.1.4_194/lpcxpresso/tools/bin/../lib/gcc/arm-none-eabi/4.6.2/../../../../arm-none-eabi/lib/armv7-m\libc.a(lib_a-s_fpclassify.o)
                0x0000a1f8                __fpclassifyd
 .text._sbrk_r  0x0000a260       0x24 c:/nxp/lpcxpresso_6.1.4_194/lpcxpresso/tools/bin/../lib/gcc/arm-none-eabi/4.6.2/../../../../arm-none-eabi/lib/armv7-m\libc.a(lib_a-sbrkr.o)
                0x0000a260                _sbrk_r
 .text.__ssprint_r
                0x0000a284       0xf8 c:/nxp/lpcxpresso_6.1.4_194/lpcxpresso/tools/bin/../lib/gcc/arm-none-eabi/4.6.2/../../../../arm-none-eabi/lib/armv7-m\libc.a(lib_a-svfiprintf.o)
                0x0000a284                __ssprint_r
 .text._calloc_r
                0x0000a37c       0x60 c:/nxp/lpcxpresso_6.1.4_194/lpcxpresso/tools/bin/../lib/gcc/arm-none-eabi/4.6.2/../../../../arm-none-eabi/lib/armv7-m\libc.a(lib_a-callocr.o)
                0x0000a37c                _calloc_r
 .text._malloc_trim_r
                0x0000a3dc       0xa0 c:/nxp/lpcxpresso_6.1.4_194/lpcxpresso/tools/bin/../lib/gcc/arm-none-eabi/4.6.2/../../../../arm-none-eabi/lib/armv7-m\libc.a(lib_a-freer.o)
                0x0000a3dc                _malloc_trim_r
 .text._free_r  0x0000a47c      0x190 c:/nxp/lpcxpresso_6.1.4_194/lpcxpresso/tools/bin/../lib/gcc/arm-none-eabi/4.6.2/../../../../arm-none-eabi/lib/armv7-m\libc.a(lib_a-freer.o)
                0x0000a47c                _free_r
 .text.memmove  0x0000a60c       0xb0 c:/nxp/lpcxpresso_6.1.4_194/lpcxpresso/tools/bin/../lib/gcc/arm-none-eabi/4.6.2/../../../../arm-none-eabi/lib/armv7-m\libc.a(lib_a-memmove.o)
                0x0000a60c                memmove
 .text._realloc_r
                0x0000a6bc      0x3f4 c:/nxp/lpcxpresso_6.1.4_194/lpcxpresso/tools/bin/../lib/gcc/arm-none-eabi/4.6.2/../../../../arm-none-eabi/lib/armv7-m\libc.a(lib_a-reallocr.o)
                0x0000a6bc                _realloc_r
 .text._sbrk    0x0000aab0       0x3c c:/nxp/lpcxpresso_6.1.4_194/lpcxpresso/tools/bin/../lib/gcc/arm-none-eabi/4.6.2/../../../../arm-none-eabi/lib/armv7-m\libcr_newlib_semihost.a(_cr_sbrk.o)
                0x0000aab0                _sbrk
 .text.__check_heap_overflow
                0x0000aaec       0x2c c:/nxp/lpcxpresso_6.1.4_194/lpcxpresso/tools/bin/../lib/gcc/arm-none-eabi/4.6.2/../../../../arm-none-eabi/lib/armv7-m\libcr_newlib_semihost.a(_cr_check_heap.o)
                0x0000aaec                __check_heap_overflow
 .text          0x0000ab18      0x110 c:/nxp/lpcxpresso_6.1.4_194/lpcxpresso/tools/bin/../lib/gcc/arm-none-eabi/4.6.2/armv7-m\libgcc.a(_arm_cmpdf2.o)
                0x0000ab18                __gtdf2
                0x0000ab18                __gedf2
                0x0000ab20                __ltdf2
                0x0000ab20                __ledf2
                0x0000ab28                __nedf2
                0x0000ab28                __eqdf2
                0x0000ab28                __cmpdf2
                0x0000aba4                __aeabi_cdrcmple
                0x0000abb4                __aeabi_cdcmpeq
                0x0000abb4                __aeabi_cdcmple
                0x0000abc4                __aeabi_dcmpeq
                0x0000abd8                __aeabi_dcmplt
                0x0000abec                __aeabi_dcmple
                0x0000ac00                __aeabi_dcmpge
                0x0000ac14                __aeabi_dcmpgt
 .text          0x0000ac28       0x50 c:/nxp/lpcxpresso_6.1.4_194/lpcxpresso/tools/bin/../lib/gcc/arm-none-eabi/4.6.2/armv7-m\libgcc.a(_arm_fixdfsi.o)
                0x0000ac28                __aeabi_d2iz
                0x0000ac28                __fixdfsi
 .text.__errno  0x0000ac78        0xc c:/nxp/lpcxpresso_6.1.4_194/lpcxpresso/tools/bin/../lib/gcc/arm-none-eabi/4.6.2/../../../../arm-none-eabi/lib/armv7-m\libc.a(lib_a-errno.o)
                0x0000ac78                __errno
 *(.rodata .rodata.* .constdata .constdata.*)
 .rodata        0x0000ac84      0x3c0 ./src/I-WATCH_EE2024.o
                0x0000ac84                PERIOD_MS_4000
                0x0000ac88                PERIOD_MS_1000
                0x0000ac8c                PERIOD_MS_500
                0x0000ac90                PERIOD_MS_250
 .rodata        0x0000b044        0x8 C:\Users\Wong Kok Woo\Downloads\EE2024Workspace\Lib_EaBaseBoard\Debug\libLib_EaBaseBoard.a(oled.o)
 .rodata        0x0000b04c      0x300 C:\Users\Wong Kok Woo\Downloads\EE2024Workspace\Lib_EaBaseBoard\Debug\libLib_EaBaseBoard.a(font5x7.o)
                0x0000b04c                font5x7
 .rodata        0x0000b34c       0x18 C:\Users\Wong Kok Woo\Downloads\EE2024Workspace\Lib_MCU\Debug\libLib_MCU.a(lpc17xx_i2c.o)
 .rodata        0x0000b364       0x18 C:\Users\Wong Kok Woo\Downloads\EE2024Workspace\Lib_MCU\Debug\libLib_MCU.a(lpc17xx_ssp.o)
 .rodata        0x0000b37c       0x18 C:\Users\Wong Kok Woo\Downloads\EE2024Workspace\Lib_MCU\Debug\libLib_MCU.a(lpc17xx_uart.o)
 .rodata.zeroes.6590
                0x0000b394       0x10 c:/nxp/lpcxpresso_6.1.4_194/lpcxpresso/tools/bin/../lib/gcc/arm-none-eabi/4.6.2/../../../../arm-none-eabi/lib/armv7-m\libc.a(lib_a-svfprintf.o)
 .rodata.str1.4
                0x0000b3a4       0x42 c:/nxp/lpcxpresso_6.1.4_194/lpcxpresso/tools/bin/../lib/gcc/arm-none-eabi/4.6.2/../../../../arm-none-eabi/lib/armv7-m\libc.a(lib_a-svfprintf.o)
                                 0x44 (size before relaxing)
 *fill*         0x0000b3e6        0x2 00
 .rodata.blanks.6589
                0x0000b3e8       0x10 c:/nxp/lpcxpresso_6.1.4_194/lpcxpresso/tools/bin/../lib/gcc/arm-none-eabi/4.6.2/../../../../arm-none-eabi/lib/armv7-m\libc.a(lib_a-svfprintf.o)
 .rodata.str1.4
                0x0000b3f8       0x10 c:/nxp/lpcxpresso_6.1.4_194/lpcxpresso/tools/bin/../lib/gcc/arm-none-eabi/4.6.2/../../../../arm-none-eabi/lib/armv7-m\libc.a(lib_a-dtoa.o)
                                 0x14 (size before relaxing)
 .rodata.str1.4
                0x0000b408        0x2 c:/nxp/lpcxpresso_6.1.4_194/lpcxpresso/tools/bin/../lib/gcc/arm-none-eabi/4.6.2/../../../../arm-none-eabi/lib/armv7-m\libc.a(lib_a-impure.o)
                                  0x4 (size before relaxing)
 *fill*         0x0000b40a        0x2 00
 .rodata.str1.4
                0x0000b40c        0xc c:/nxp/lpcxpresso_6.1.4_194/lpcxpresso/tools/bin/../lib/gcc/arm-none-eabi/4.6.2/../../../../arm-none-eabi/lib/armv7-m\libc.a(lib_a-locale.o)
                                 0x14 (size before relaxing)
 .rodata.__mprec_tens
                0x0000b418       0xc8 c:/nxp/lpcxpresso_6.1.4_194/lpcxpresso/tools/bin/../lib/gcc/arm-none-eabi/4.6.2/../../../../arm-none-eabi/lib/armv7-m\libc.a(lib_a-mprec.o)
                0x0000b418                __mprec_tens
 .rodata.__mprec_bigtens
                0x0000b4e0       0x28 c:/nxp/lpcxpresso_6.1.4_194/lpcxpresso/tools/bin/../lib/gcc/arm-none-eabi/4.6.2/../../../../arm-none-eabi/lib/armv7-m\libc.a(lib_a-mprec.o)
                0x0000b4e0                __mprec_bigtens
 .rodata.p05.5111
                0x0000b508        0xc c:/nxp/lpcxpresso_6.1.4_194/lpcxpresso/tools/bin/../lib/gcc/arm-none-eabi/4.6.2/../../../../arm-none-eabi/lib/armv7-m\libc.a(lib_a-mprec.o)
                0x0000b514                . = ALIGN (0x4)

.glue_7         0x0000b514        0x0
 .glue_7        0x00000000        0x0 linker stubs

.glue_7t        0x0000b514        0x0
 .glue_7t       0x00000000        0x0 linker stubs

.vfp11_veneer   0x0000b514        0x0
 .vfp11_veneer  0x00000000        0x0 linker stubs

.v4_bx          0x0000b514        0x0
 .v4_bx         0x00000000        0x0 linker stubs

.ARM.extab
 *(.ARM.extab* .gnu.linkonce.armextab.*)
                0x0000b514                __exidx_start = .

.ARM.exidx      0x0000b514        0x8
 *(.ARM.exidx* .gnu.linkonce.armexidx.*)
 .ARM.exidx     0x0000b514        0x8 c:/nxp/lpcxpresso_6.1.4_194/lpcxpresso/tools/bin/../lib/gcc/arm-none-eabi/4.6.2/armv7-m\libgcc.a(_divdi3.o)
 .ARM.exidx     0x0000b51c        0x0 c:/nxp/lpcxpresso_6.1.4_194/lpcxpresso/tools/bin/../lib/gcc/arm-none-eabi/4.6.2/armv7-m\libgcc.a(_udivdi3.o)
                                  0x8 (size before relaxing)
                0x0000b51c                __exidx_end = .
                0x0000b51c                _etext = .

.data_RAM2      0x2007c000        0x0 load address 0x0000b51c
 FILL mask 0xff
 *(.data.$RAM2*)
 *(.data.$RamAHB32*)
                0x2007c000                . = ALIGN (0x4)

.uninit_RESERVED
                0x10000000        0x0
 *(.bss.$RESERVED*)
                0x10000000                . = ALIGN (0x4)
                0x10000000                _end_uninit_RESERVED = .

.data           0x10000000      0x944 load address 0x0000b51c
 FILL mask 0xff
                0x10000000                _data = .
 *(vtable)
 *(.data*)
 .data          0x10000000       0x70 ./src/I-WATCH_EE2024.o
                0x10000000                MESSAGE_LOADING
                0x10000004                MESSAGE_PLEASE_WAIT
                0x10000008                MESSAGE_I_WATCH
                0x1000000c                MESSAGE_ELECTRONIC
                0x10000010                MESSAGE_TAG
                0x10000014                MESSAGE_CONFIGURATION
                0x10000018                MESSAGE_AND
                0x1000001c                MESSAGE_TESTING_MODE
                0x10000020                MESSAGE_SETTINGS
                0x10000024                MESSAGE_RUN_RGB
                0x10000028                MESSAGE_RUN_16LED
                0x1000002c                MESSAGE_RUN_7SEG
                0x10000030                CAT_MODE
                0x10000034                ACTIVE_PS
                0x10000038                LUX_PS
                0x1000003c                TA_PS
                0x10000040                TB_PS
                0x10000044                X_PS
                0x10000048                Y_PS
                0x1000004c                Z_PS
                0x10000050                ACTIVE_NO
                0x10000054                ACTIVE_FP
 .data          0x10000070        0x4 C:\Users\Wong Kok Woo\Downloads\EE2024Workspace\Lib_CMSISv1p30_LPC17xx\Debug\libCMSISv1p30_LPC17xx.a(system_LPC17xx.o)
                0x10000070                SystemCoreClock
 .data          0x10000074       0x50 C:\Users\Wong Kok Woo\Downloads\EE2024Workspace\Lib_EaBaseBoard\Debug\libLib_EaBaseBoard.a(led7seg.o)
 .data          0x100000c4        0x8 C:\Users\Wong Kok Woo\Downloads\EE2024Workspace\Lib_EaBaseBoard\Debug\libLib_EaBaseBoard.a(light.o)
 *fill*         0x100000cc        0x4 00
 .data.impure_data
                0x100000d0      0x428 c:/nxp/lpcxpresso_6.1.4_194/lpcxpresso/tools/bin/../lib/gcc/arm-none-eabi/4.6.2/../../../../arm-none-eabi/lib/armv7-m\libc.a(lib_a-impure.o)
 .data._impure_ptr
                0x100004f8        0x4 c:/nxp/lpcxpresso_6.1.4_194/lpcxpresso/tools/bin/../lib/gcc/arm-none-eabi/4.6.2/../../../../arm-none-eabi/lib/armv7-m\libc.a(lib_a-impure.o)
                0x100004f8                _impure_ptr
 .data.lconv    0x100004fc       0x38 c:/nxp/lpcxpresso_6.1.4_194/lpcxpresso/tools/bin/../lib/gcc/arm-none-eabi/4.6.2/../../../../arm-none-eabi/lib/armv7-m\libc.a(lib_a-locale.o)
 .data.__malloc_av_
                0x10000534      0x408 c:/nxp/lpcxpresso_6.1.4_194/lpcxpresso/tools/bin/../lib/gcc/arm-none-eabi/4.6.2/../../../../arm-none-eabi/lib/armv7-m\libc.a(lib_a-mallocr.o)
                0x10000534                __malloc_av_
 .data.__malloc_trim_threshold
                0x1000093c        0x4 c:/nxp/lpcxpresso_6.1.4_194/lpcxpresso/tools/bin/../lib/gcc/arm-none-eabi/4.6.2/../../../../arm-none-eabi/lib/armv7-m\libc.a(lib_a-mallocr.o)
                0x1000093c                __malloc_trim_threshold
 .data.__malloc_sbrk_base
                0x10000940        0x4 c:/nxp/lpcxpresso_6.1.4_194/lpcxpresso/tools/bin/../lib/gcc/arm-none-eabi/4.6.2/../../../../arm-none-eabi/lib/armv7-m\libc.a(lib_a-mallocr.o)
                0x10000940                __malloc_sbrk_base
                0x10000944                . = ALIGN (0x4)
                0x10000944                _edata = .

.bss_RAM2       0x2007c000        0x0
 *(.bss.$RAM2*)
 *(.bss.$RamAHB32*)
                0x2007c000                . = ALIGN (0x4)

.bss            0x10000944      0x3b8
                0x10000944                _bss = .
 *(.bss*)
 .bss           0x10000944       0x30 ./src/I-WATCH_EE2024.o
 .bss           0x10000974      0x300 C:\Users\Wong Kok Woo\Downloads\EE2024Workspace\Lib_EaBaseBoard\Debug\libLib_EaBaseBoard.a(oled.o)
 .bss           0x10000c74        0x6 C:\Users\Wong Kok Woo\Downloads\EE2024Workspace\Lib_EaBaseBoard\Debug\libLib_EaBaseBoard.a(pca9532.o)
 *fill*         0x10000c7a        0x2 00
 .bss           0x10000c7c        0x4 C:\Users\Wong Kok Woo\Downloads\EE2024Workspace\Lib_EaBaseBoard\Debug\libLib_EaBaseBoard.a(temp.o)
 .bss           0x10000c80       0x24 C:\Users\Wong Kok Woo\Downloads\EE2024Workspace\Lib_MCU\Debug\libLib_MCU.a(lpc17xx_i2c.o)
 .bss           0x10000ca4       0x18 C:\Users\Wong Kok Woo\Downloads\EE2024Workspace\Lib_MCU\Debug\libLib_MCU.a(lpc17xx_ssp.o)
 .bss.__malloc_max_total_mem
                0x10000cbc        0x4 c:/nxp/lpcxpresso_6.1.4_194/lpcxpresso/tools/bin/../lib/gcc/arm-none-eabi/4.6.2/../../../../arm-none-eabi/lib/armv7-m\libc.a(lib_a-mallocr.o)
                0x10000cbc                __malloc_max_total_mem
 .bss.__malloc_max_sbrked_mem
                0x10000cc0        0x4 c:/nxp/lpcxpresso_6.1.4_194/lpcxpresso/tools/bin/../lib/gcc/arm-none-eabi/4.6.2/../../../../arm-none-eabi/lib/armv7-m\libc.a(lib_a-mallocr.o)
                0x10000cc0                __malloc_max_sbrked_mem
 .bss.__malloc_top_pad
                0x10000cc4        0x4 c:/nxp/lpcxpresso_6.1.4_194/lpcxpresso/tools/bin/../lib/gcc/arm-none-eabi/4.6.2/../../../../arm-none-eabi/lib/armv7-m\libc.a(lib_a-mallocr.o)
                0x10000cc4                __malloc_top_pad
 .bss.__malloc_current_mallinfo
                0x10000cc8       0x28 c:/nxp/lpcxpresso_6.1.4_194/lpcxpresso/tools/bin/../lib/gcc/arm-none-eabi/4.6.2/../../../../arm-none-eabi/lib/armv7-m\libc.a(lib_a-mallocr.o)
                0x10000cc8                __malloc_current_mallinfo
 *(COMMON)
 COMMON         0x10000cf0        0x4 ./src/I-WATCH_EE2024.o
                0x10000cf0                msTicks
 COMMON         0x10000cf4        0x4 c:/nxp/lpcxpresso_6.1.4_194/lpcxpresso/tools/bin/../lib/gcc/arm-none-eabi/4.6.2/../../../../arm-none-eabi/lib/armv7-m\libc.a(lib_a-reent.o)
                0x10000cf4                errno
 COMMON         0x10000cf8        0x4 c:/nxp/lpcxpresso_6.1.4_194/lpcxpresso/tools/bin/../lib/gcc/arm-none-eabi/4.6.2/../../../../arm-none-eabi/lib/armv7-m\libcr_newlib_semihost.a(_cr_sbrk.o)
                0x10000cf8                __end_of_heap
                0x10000cfc                . = ALIGN (0x4)
                0x10000cfc                _ebss = .
                0x10000cfc                PROVIDE (end, .)

.noinit_RAM2    0x2007c000        0x0
 *(.noinit.$RAM2*)
 *(.noinit.$RamAHB32*)
                0x2007c000                . = ALIGN (0x4)

.noinit         0x10000cfc        0x0
                0x10000cfc                _noinit = .
 *(.noinit*)
                0x10000cfc                . = ALIGN (0x4)
                0x10000cfc                _end_noinit = .
                0x10000cfc                PROVIDE (_pvHeapStart, .)
                0x10008000                PROVIDE (_vStackTop, (__top_RamLoc32 - 0x0))
OUTPUT(I-WATCH_EE2024.axf elf32-littlearm)

.debug_info     0x00000000     0x8224
 .debug_info    0x00000000     0x18c9 ./src/I-WATCH_EE2024.o
 .debug_info    0x000018c9      0x209 ./src/cr_startup_lpc17.o
 .debug_info    0x00001ad2      0x357 C:\Users\Wong Kok Woo\Downloads\EE2024Workspace\Lib_CMSISv1p30_LPC17xx\Debug\libCMSISv1p30_LPC17xx.a(system_LPC17xx.o)
 .debug_info    0x00001e29      0x53d C:\Users\Wong Kok Woo\Downloads\EE2024Workspace\Lib_EaBaseBoard\Debug\libLib_EaBaseBoard.a(acc.o)
 .debug_info    0x00002366      0x10f C:\Users\Wong Kok Woo\Downloads\EE2024Workspace\Lib_EaBaseBoard\Debug\libLib_EaBaseBoard.a(joystick.o)
 .debug_info    0x00002475      0x282 C:\Users\Wong Kok Woo\Downloads\EE2024Workspace\Lib_EaBaseBoard\Debug\libLib_EaBaseBoard.a(led7seg.o)
 .debug_info    0x000026f7      0x76a C:\Users\Wong Kok Woo\Downloads\EE2024Workspace\Lib_EaBaseBoard\Debug\libLib_EaBaseBoard.a(light.o)
 .debug_info    0x00002e61      0x97d C:\Users\Wong Kok Woo\Downloads\EE2024Workspace\Lib_EaBaseBoard\Debug\libLib_EaBaseBoard.a(oled.o)
 .debug_info    0x000037de      0x642 C:\Users\Wong Kok Woo\Downloads\EE2024Workspace\Lib_EaBaseBoard\Debug\libLib_EaBaseBoard.a(pca9532.o)
 .debug_info    0x00003e20      0x154 C:\Users\Wong Kok Woo\Downloads\EE2024Workspace\Lib_EaBaseBoard\Debug\libLib_EaBaseBoard.a(temp.o)
 .debug_info    0x00003f74       0x65 C:\Users\Wong Kok Woo\Downloads\EE2024Workspace\Lib_EaBaseBoard\Debug\libLib_EaBaseBoard.a(font5x7.o)
 .debug_info    0x00003fd9      0xb95 C:\Users\Wong Kok Woo\Downloads\EE2024Workspace\Lib_MCU\Debug\libLib_MCU.a(lpc17xx_gpio.o)
 .debug_info    0x00004b6e      0xcc3 C:\Users\Wong Kok Woo\Downloads\EE2024Workspace\Lib_MCU\Debug\libLib_MCU.a(lpc17xx_i2c.o)
 .debug_info    0x00005831      0x4b1 C:\Users\Wong Kok Woo\Downloads\EE2024Workspace\Lib_MCU\Debug\libLib_MCU.a(lpc17xx_pinsel.o)
 .debug_info    0x00005ce2      0x867 C:\Users\Wong Kok Woo\Downloads\EE2024Workspace\Lib_MCU\Debug\libLib_MCU.a(lpc17xx_ssp.o)
 .debug_info    0x00006549     0x14df C:\Users\Wong Kok Woo\Downloads\EE2024Workspace\Lib_MCU\Debug\libLib_MCU.a(lpc17xx_uart.o)
 .debug_info    0x00007a28      0x641 C:\Users\Wong Kok Woo\Downloads\EE2024Workspace\Lib_MCU\Debug\libLib_MCU.a(lpc17xx_clkpwr.o)
 .debug_info    0x00008069      0x106 c:/nxp/lpcxpresso_6.1.4_194/lpcxpresso/tools/bin/../lib/gcc/arm-none-eabi/4.6.2/../../../../arm-none-eabi/lib/armv7-m\libcr_newlib_semihost.a(_cr_sbrk.o)
 .debug_info    0x0000816f       0xb5 c:/nxp/lpcxpresso_6.1.4_194/lpcxpresso/tools/bin/../lib/gcc/arm-none-eabi/4.6.2/../../../../arm-none-eabi/lib/armv7-m\libcr_newlib_semihost.a(_cr_check_heap.o)

.debug_abbrev   0x00000000     0x192f
 .debug_abbrev  0x00000000      0x274 ./src/I-WATCH_EE2024.o
 .debug_abbrev  0x00000274       0xb4 ./src/cr_startup_lpc17.o
 .debug_abbrev  0x00000328       0xce C:\Users\Wong Kok Woo\Downloads\EE2024Workspace\Lib_CMSISv1p30_LPC17xx\Debug\libCMSISv1p30_LPC17xx.a(system_LPC17xx.o)
 .debug_abbrev  0x000003f6      0x15c C:\Users\Wong Kok Woo\Downloads\EE2024Workspace\Lib_EaBaseBoard\Debug\libLib_EaBaseBoard.a(acc.o)
 .debug_abbrev  0x00000552       0x90 C:\Users\Wong Kok Woo\Downloads\EE2024Workspace\Lib_EaBaseBoard\Debug\libLib_EaBaseBoard.a(joystick.o)
 .debug_abbrev  0x000005e2      0x155 C:\Users\Wong Kok Woo\Downloads\EE2024Workspace\Lib_EaBaseBoard\Debug\libLib_EaBaseBoard.a(led7seg.o)
 .debug_abbrev  0x00000737      0x1bd C:\Users\Wong Kok Woo\Downloads\EE2024Workspace\Lib_EaBaseBoard\Debug\libLib_EaBaseBoard.a(light.o)
 .debug_abbrev  0x000008f4      0x1f1 C:\Users\Wong Kok Woo\Downloads\EE2024Workspace\Lib_EaBaseBoard\Debug\libLib_EaBaseBoard.a(oled.o)
 .debug_abbrev  0x00000ae5      0x1aa C:\Users\Wong Kok Woo\Downloads\EE2024Workspace\Lib_EaBaseBoard\Debug\libLib_EaBaseBoard.a(pca9532.o)
 .debug_abbrev  0x00000c8f       0xc2 C:\Users\Wong Kok Woo\Downloads\EE2024Workspace\Lib_EaBaseBoard\Debug\libLib_EaBaseBoard.a(temp.o)
 .debug_abbrev  0x00000d51       0x4b C:\Users\Wong Kok Woo\Downloads\EE2024Workspace\Lib_EaBaseBoard\Debug\libLib_EaBaseBoard.a(font5x7.o)
 .debug_abbrev  0x00000d9c      0x185 C:\Users\Wong Kok Woo\Downloads\EE2024Workspace\Lib_MCU\Debug\libLib_MCU.a(lpc17xx_gpio.o)
 .debug_abbrev  0x00000f21      0x24a C:\Users\Wong Kok Woo\Downloads\EE2024Workspace\Lib_MCU\Debug\libLib_MCU.a(lpc17xx_i2c.o)
 .debug_abbrev  0x0000116b      0x10a C:\Users\Wong Kok Woo\Downloads\EE2024Workspace\Lib_MCU\Debug\libLib_MCU.a(lpc17xx_pinsel.o)
 .debug_abbrev  0x00001275      0x1d3 C:\Users\Wong Kok Woo\Downloads\EE2024Workspace\Lib_MCU\Debug\libLib_MCU.a(lpc17xx_ssp.o)
 .debug_abbrev  0x00001448      0x259 C:\Users\Wong Kok Woo\Downloads\EE2024Workspace\Lib_MCU\Debug\libLib_MCU.a(lpc17xx_uart.o)
 .debug_abbrev  0x000016a1      0x174 C:\Users\Wong Kok Woo\Downloads\EE2024Workspace\Lib_MCU\Debug\libLib_MCU.a(lpc17xx_clkpwr.o)
 .debug_abbrev  0x00001815       0xa8 c:/nxp/lpcxpresso_6.1.4_194/lpcxpresso/tools/bin/../lib/gcc/arm-none-eabi/4.6.2/../../../../arm-none-eabi/lib/armv7-m\libcr_newlib_semihost.a(_cr_sbrk.o)
 .debug_abbrev  0x000018bd       0x72 c:/nxp/lpcxpresso_6.1.4_194/lpcxpresso/tools/bin/../lib/gcc/arm-none-eabi/4.6.2/../../../../arm-none-eabi/lib/armv7-m\libcr_newlib_semihost.a(_cr_check_heap.o)

.debug_loc      0x00000000     0x2e94
 .debug_loc     0x00000000      0x69e ./src/I-WATCH_EE2024.o
 .debug_loc     0x0000069e      0x1f0 ./src/cr_startup_lpc17.o
 .debug_loc     0x0000088e       0x58 C:\Users\Wong Kok Woo\Downloads\EE2024Workspace\Lib_CMSISv1p30_LPC17xx\Debug\libCMSISv1p30_LPC17xx.a(system_LPC17xx.o)
 .debug_loc     0x000008e6      0x1f0 C:\Users\Wong Kok Woo\Downloads\EE2024Workspace\Lib_EaBaseBoard\Debug\libLib_EaBaseBoard.a(acc.o)
 .debug_loc     0x00000ad6       0x64 C:\Users\Wong Kok Woo\Downloads\EE2024Workspace\Lib_EaBaseBoard\Debug\libLib_EaBaseBoard.a(joystick.o)
 .debug_loc     0x00000b3a       0x64 C:\Users\Wong Kok Woo\Downloads\EE2024Workspace\Lib_EaBaseBoard\Debug\libLib_EaBaseBoard.a(led7seg.o)
 .debug_loc     0x00000b9e      0x378 C:\Users\Wong Kok Woo\Downloads\EE2024Workspace\Lib_EaBaseBoard\Debug\libLib_EaBaseBoard.a(light.o)
 .debug_loc     0x00000f16      0x33e C:\Users\Wong Kok Woo\Downloads\EE2024Workspace\Lib_EaBaseBoard\Debug\libLib_EaBaseBoard.a(oled.o)
 .debug_loc     0x00001254      0x2d0 C:\Users\Wong Kok Woo\Downloads\EE2024Workspace\Lib_EaBaseBoard\Debug\libLib_EaBaseBoard.a(pca9532.o)
 .debug_loc     0x00001524       0x70 C:\Users\Wong Kok Woo\Downloads\EE2024Workspace\Lib_EaBaseBoard\Debug\libLib_EaBaseBoard.a(temp.o)
 .debug_loc     0x00001594      0x4d0 C:\Users\Wong Kok Woo\Downloads\EE2024Workspace\Lib_MCU\Debug\libLib_MCU.a(lpc17xx_gpio.o)
 .debug_loc     0x00001a64      0x4e4 C:\Users\Wong Kok Woo\Downloads\EE2024Workspace\Lib_MCU\Debug\libLib_MCU.a(lpc17xx_i2c.o)
 .debug_loc     0x00001f48      0x150 C:\Users\Wong Kok Woo\Downloads\EE2024Workspace\Lib_MCU\Debug\libLib_MCU.a(lpc17xx_pinsel.o)
 .debug_loc     0x00002098      0x448 C:\Users\Wong Kok Woo\Downloads\EE2024Workspace\Lib_MCU\Debug\libLib_MCU.a(lpc17xx_ssp.o)
 .debug_loc     0x000024e0      0x77a C:\Users\Wong Kok Woo\Downloads\EE2024Workspace\Lib_MCU\Debug\libLib_MCU.a(lpc17xx_uart.o)
 .debug_loc     0x00002c5a      0x1bc C:\Users\Wong Kok Woo\Downloads\EE2024Workspace\Lib_MCU\Debug\libLib_MCU.a(lpc17xx_clkpwr.o)
 .debug_loc     0x00002e16       0x55 c:/nxp/lpcxpresso_6.1.4_194/lpcxpresso/tools/bin/../lib/gcc/arm-none-eabi/4.6.2/../../../../arm-none-eabi/lib/armv7-m\libcr_newlib_semihost.a(_cr_sbrk.o)
 .debug_loc     0x00002e6b       0x29 c:/nxp/lpcxpresso_6.1.4_194/lpcxpresso/tools/bin/../lib/gcc/arm-none-eabi/4.6.2/../../../../arm-none-eabi/lib/armv7-m\libcr_newlib_semihost.a(_cr_check_heap.o)

.debug_aranges  0x00000000      0x898
 .debug_aranges
                0x00000000      0x118 ./src/I-WATCH_EE2024.o
 .debug_aranges
                0x00000118       0x70 ./src/cr_startup_lpc17.o
 .debug_aranges
                0x00000188       0x28 C:\Users\Wong Kok Woo\Downloads\EE2024Workspace\Lib_CMSISv1p30_LPC17xx\Debug\libCMSISv1p30_LPC17xx.a(system_LPC17xx.o)
 .debug_aranges
                0x000001b0       0x60 C:\Users\Wong Kok Woo\Downloads\EE2024Workspace\Lib_EaBaseBoard\Debug\libLib_EaBaseBoard.a(acc.o)
 .debug_aranges
                0x00000210       0x28 C:\Users\Wong Kok Woo\Downloads\EE2024Workspace\Lib_EaBaseBoard\Debug\libLib_EaBaseBoard.a(joystick.o)
 .debug_aranges
                0x00000238       0x28 C:\Users\Wong Kok Woo\Downloads\EE2024Workspace\Lib_EaBaseBoard\Debug\libLib_EaBaseBoard.a(led7seg.o)
 .debug_aranges
                0x00000260       0x98 C:\Users\Wong Kok Woo\Downloads\EE2024Workspace\Lib_EaBaseBoard\Debug\libLib_EaBaseBoard.a(light.o)
 .debug_aranges
                0x000002f8       0x90 C:\Users\Wong Kok Woo\Downloads\EE2024Workspace\Lib_EaBaseBoard\Debug\libLib_EaBaseBoard.a(oled.o)
 .debug_aranges
                0x00000388       0x80 C:\Users\Wong Kok Woo\Downloads\EE2024Workspace\Lib_EaBaseBoard\Debug\libLib_EaBaseBoard.a(pca9532.o)
 .debug_aranges
                0x00000408       0x28 C:\Users\Wong Kok Woo\Downloads\EE2024Workspace\Lib_EaBaseBoard\Debug\libLib_EaBaseBoard.a(temp.o)
 .debug_aranges
                0x00000430       0xc8 C:\Users\Wong Kok Woo\Downloads\EE2024Workspace\Lib_MCU\Debug\libLib_MCU.a(lpc17xx_gpio.o)
 .debug_aranges
                0x000004f8       0xd0 C:\Users\Wong Kok Woo\Downloads\EE2024Workspace\Lib_MCU\Debug\libLib_MCU.a(lpc17xx_i2c.o)
 .debug_aranges
                0x000005c8       0x48 C:\Users\Wong Kok Woo\Downloads\EE2024Workspace\Lib_MCU\Debug\libLib_MCU.a(lpc17xx_pinsel.o)
 .debug_aranges
                0x00000610       0xb8 C:\Users\Wong Kok Woo\Downloads\EE2024Workspace\Lib_MCU\Debug\libLib_MCU.a(lpc17xx_ssp.o)
 .debug_aranges
                0x000006c8      0x130 C:\Users\Wong Kok Woo\Downloads\EE2024Workspace\Lib_MCU\Debug\libLib_MCU.a(lpc17xx_uart.o)
 .debug_aranges
                0x000007f8       0x60 C:\Users\Wong Kok Woo\Downloads\EE2024Workspace\Lib_MCU\Debug\libLib_MCU.a(lpc17xx_clkpwr.o)
 .debug_aranges
                0x00000858       0x20 c:/nxp/lpcxpresso_6.1.4_194/lpcxpresso/tools/bin/../lib/gcc/arm-none-eabi/4.6.2/../../../../arm-none-eabi/lib/armv7-m\libcr_newlib_semihost.a(_cr_sbrk.o)
 .debug_aranges
                0x00000878       0x20 c:/nxp/lpcxpresso_6.1.4_194/lpcxpresso/tools/bin/../lib/gcc/arm-none-eabi/4.6.2/../../../../arm-none-eabi/lib/armv7-m\libcr_newlib_semihost.a(_cr_check_heap.o)

.debug_ranges   0x00000000      0x778
 .debug_ranges  0x00000000      0x108 ./src/I-WATCH_EE2024.o
 .debug_ranges  0x00000108       0x60 ./src/cr_startup_lpc17.o
 .debug_ranges  0x00000168       0x18 C:\Users\Wong Kok Woo\Downloads\EE2024Workspace\Lib_CMSISv1p30_LPC17xx\Debug\libCMSISv1p30_LPC17xx.a(system_LPC17xx.o)
 .debug_ranges  0x00000180       0x50 C:\Users\Wong Kok Woo\Downloads\EE2024Workspace\Lib_EaBaseBoard\Debug\libLib_EaBaseBoard.a(acc.o)
 .debug_ranges  0x000001d0       0x18 C:\Users\Wong Kok Woo\Downloads\EE2024Workspace\Lib_EaBaseBoard\Debug\libLib_EaBaseBoard.a(joystick.o)
 .debug_ranges  0x000001e8       0x18 C:\Users\Wong Kok Woo\Downloads\EE2024Workspace\Lib_EaBaseBoard\Debug\libLib_EaBaseBoard.a(led7seg.o)
 .debug_ranges  0x00000200       0x88 C:\Users\Wong Kok Woo\Downloads\EE2024Workspace\Lib_EaBaseBoard\Debug\libLib_EaBaseBoard.a(light.o)
 .debug_ranges  0x00000288       0x80 C:\Users\Wong Kok Woo\Downloads\EE2024Workspace\Lib_EaBaseBoard\Debug\libLib_EaBaseBoard.a(oled.o)
 .debug_ranges  0x00000308       0x70 C:\Users\Wong Kok Woo\Downloads\EE2024Workspace\Lib_EaBaseBoard\Debug\libLib_EaBaseBoard.a(pca9532.o)
 .debug_ranges  0x00000378       0x18 C:\Users\Wong Kok Woo\Downloads\EE2024Workspace\Lib_EaBaseBoard\Debug\libLib_EaBaseBoard.a(temp.o)
 .debug_ranges  0x00000390       0xb8 C:\Users\Wong Kok Woo\Downloads\EE2024Workspace\Lib_MCU\Debug\libLib_MCU.a(lpc17xx_gpio.o)
 .debug_ranges  0x00000448       0xc0 C:\Users\Wong Kok Woo\Downloads\EE2024Workspace\Lib_MCU\Debug\libLib_MCU.a(lpc17xx_i2c.o)
 .debug_ranges  0x00000508       0x38 C:\Users\Wong Kok Woo\Downloads\EE2024Workspace\Lib_MCU\Debug\libLib_MCU.a(lpc17xx_pinsel.o)
 .debug_ranges  0x00000540       0xa8 C:\Users\Wong Kok Woo\Downloads\EE2024Workspace\Lib_MCU\Debug\libLib_MCU.a(lpc17xx_ssp.o)
 .debug_ranges  0x000005e8      0x120 C:\Users\Wong Kok Woo\Downloads\EE2024Workspace\Lib_MCU\Debug\libLib_MCU.a(lpc17xx_uart.o)
 .debug_ranges  0x00000708       0x50 C:\Users\Wong Kok Woo\Downloads\EE2024Workspace\Lib_MCU\Debug\libLib_MCU.a(lpc17xx_clkpwr.o)
 .debug_ranges  0x00000758       0x10 c:/nxp/lpcxpresso_6.1.4_194/lpcxpresso/tools/bin/../lib/gcc/arm-none-eabi/4.6.2/../../../../arm-none-eabi/lib/armv7-m\libcr_newlib_semihost.a(_cr_sbrk.o)
 .debug_ranges  0x00000768       0x10 c:/nxp/lpcxpresso_6.1.4_194/lpcxpresso/tools/bin/../lib/gcc/arm-none-eabi/4.6.2/../../../../arm-none-eabi/lib/armv7-m\libcr_newlib_semihost.a(_cr_check_heap.o)

.debug_line     0x00000000     0x6627
 .debug_line    0x00000000      0xcb5 ./src/I-WATCH_EE2024.o
 .debug_line    0x00000cb5      0x36b ./src/cr_startup_lpc17.o
 .debug_line    0x00001020      0x40a C:\Users\Wong Kok Woo\Downloads\EE2024Workspace\Lib_CMSISv1p30_LPC17xx\Debug\libCMSISv1p30_LPC17xx.a(system_LPC17xx.o)
 .debug_line    0x0000142a      0x4eb C:\Users\Wong Kok Woo\Downloads\EE2024Workspace\Lib_EaBaseBoard\Debug\libLib_EaBaseBoard.a(acc.o)
 .debug_line    0x00001915      0x456 C:\Users\Wong Kok Woo\Downloads\EE2024Workspace\Lib_EaBaseBoard\Debug\libLib_EaBaseBoard.a(joystick.o)
 .debug_line    0x00001d6b      0x466 C:\Users\Wong Kok Woo\Downloads\EE2024Workspace\Lib_EaBaseBoard\Debug\libLib_EaBaseBoard.a(led7seg.o)
 .debug_line    0x000021d1      0x5ad C:\Users\Wong Kok Woo\Downloads\EE2024Workspace\Lib_EaBaseBoard\Debug\libLib_EaBaseBoard.a(light.o)
 .debug_line    0x0000277e      0x770 C:\Users\Wong Kok Woo\Downloads\EE2024Workspace\Lib_EaBaseBoard\Debug\libLib_EaBaseBoard.a(oled.o)
 .debug_line    0x00002eee      0x582 C:\Users\Wong Kok Woo\Downloads\EE2024Workspace\Lib_EaBaseBoard\Debug\libLib_EaBaseBoard.a(pca9532.o)
 .debug_line    0x00003470      0x464 C:\Users\Wong Kok Woo\Downloads\EE2024Workspace\Lib_EaBaseBoard\Debug\libLib_EaBaseBoard.a(temp.o)
 .debug_line    0x000038d4       0x85 C:\Users\Wong Kok Woo\Downloads\EE2024Workspace\Lib_EaBaseBoard\Debug\libLib_EaBaseBoard.a(font5x7.o)
 .debug_line    0x00003959      0x5e4 C:\Users\Wong Kok Woo\Downloads\EE2024Workspace\Lib_MCU\Debug\libLib_MCU.a(lpc17xx_gpio.o)
 .debug_line    0x00003f3d      0x8ff C:\Users\Wong Kok Woo\Downloads\EE2024Workspace\Lib_MCU\Debug\libLib_MCU.a(lpc17xx_i2c.o)
 .debug_line    0x0000483c      0x463 C:\Users\Wong Kok Woo\Downloads\EE2024Workspace\Lib_MCU\Debug\libLib_MCU.a(lpc17xx_pinsel.o)
 .debug_line    0x00004c9f      0x832 C:\Users\Wong Kok Woo\Downloads\EE2024Workspace\Lib_MCU\Debug\libLib_MCU.a(lpc17xx_ssp.o)
 .debug_line    0x000054d1      0xb7e C:\Users\Wong Kok Woo\Downloads\EE2024Workspace\Lib_MCU\Debug\libLib_MCU.a(lpc17xx_uart.o)
 .debug_line    0x0000604f      0x4c4 C:\Users\Wong Kok Woo\Downloads\EE2024Workspace\Lib_MCU\Debug\libLib_MCU.a(lpc17xx_clkpwr.o)
 .debug_line    0x00006513       0xc0 c:/nxp/lpcxpresso_6.1.4_194/lpcxpresso/tools/bin/../lib/gcc/arm-none-eabi/4.6.2/../../../../arm-none-eabi/lib/armv7-m\libcr_newlib_semihost.a(_cr_sbrk.o)
 .debug_line    0x000065d3       0x54 c:/nxp/lpcxpresso_6.1.4_194/lpcxpresso/tools/bin/../lib/gcc/arm-none-eabi/4.6.2/../../../../arm-none-eabi/lib/armv7-m\libcr_newlib_semihost.a(_cr_check_heap.o)

.debug_macinfo  0x00000000    0x95d06
 .debug_macinfo
                0x00000000     0xe4e6 ./src/I-WATCH_EE2024.o
 .debug_macinfo
                0x0000e4e6     0x2c15 ./src/cr_startup_lpc17.o
 .debug_macinfo
                0x000110fb     0x83f8 C:\Users\Wong Kok Woo\Downloads\EE2024Workspace\Lib_CMSISv1p30_LPC17xx\Debug\libCMSISv1p30_LPC17xx.a(system_LPC17xx.o)
 .debug_macinfo
                0x000194f3     0x8f1b C:\Users\Wong Kok Woo\Downloads\EE2024Workspace\Lib_EaBaseBoard\Debug\libLib_EaBaseBoard.a(acc.o)
 .debug_macinfo
                0x0002240e     0x858b C:\Users\Wong Kok Woo\Downloads\EE2024Workspace\Lib_EaBaseBoard\Debug\libLib_EaBaseBoard.a(joystick.o)
 .debug_macinfo
                0x0002a999     0x96a3 C:\Users\Wong Kok Woo\Downloads\EE2024Workspace\Lib_EaBaseBoard\Debug\libLib_EaBaseBoard.a(led7seg.o)
 .debug_macinfo
                0x0003403c     0x90b3 C:\Users\Wong Kok Woo\Downloads\EE2024Workspace\Lib_EaBaseBoard\Debug\libLib_EaBaseBoard.a(light.o)
 .debug_macinfo
                0x0003d0ef     0xa143 C:\Users\Wong Kok Woo\Downloads\EE2024Workspace\Lib_EaBaseBoard\Debug\libLib_EaBaseBoard.a(oled.o)
 .debug_macinfo
                0x00047232     0x8e59 C:\Users\Wong Kok Woo\Downloads\EE2024Workspace\Lib_EaBaseBoard\Debug\libLib_EaBaseBoard.a(pca9532.o)
 .debug_macinfo
                0x0005008b     0x85e6 C:\Users\Wong Kok Woo\Downloads\EE2024Workspace\Lib_EaBaseBoard\Debug\libLib_EaBaseBoard.a(temp.o)
 .debug_macinfo
                0x00058671     0x332a C:\Users\Wong Kok Woo\Downloads\EE2024Workspace\Lib_EaBaseBoard\Debug\libLib_EaBaseBoard.a(font5x7.o)
 .debug_macinfo
                0x0005b99b     0x86b8 C:\Users\Wong Kok Woo\Downloads\EE2024Workspace\Lib_MCU\Debug\libLib_MCU.a(lpc17xx_gpio.o)
 .debug_macinfo
                0x00064053     0xa5d8 C:\Users\Wong Kok Woo\Downloads\EE2024Workspace\Lib_MCU\Debug\libLib_MCU.a(lpc17xx_i2c.o)
 .debug_macinfo
                0x0006e62b     0x87d3 C:\Users\Wong Kok Woo\Downloads\EE2024Workspace\Lib_MCU\Debug\libLib_MCU.a(lpc17xx_pinsel.o)
 .debug_macinfo
                0x00076dfe     0xa8d0 C:\Users\Wong Kok Woo\Downloads\EE2024Workspace\Lib_MCU\Debug\libLib_MCU.a(lpc17xx_ssp.o)
 .debug_macinfo
                0x000816ce     0xb03f C:\Users\Wong Kok Woo\Downloads\EE2024Workspace\Lib_MCU\Debug\libLib_MCU.a(lpc17xx_uart.o)
 .debug_macinfo
                0x0008c70d     0x95f9 C:\Users\Wong Kok Woo\Downloads\EE2024Workspace\Lib_MCU\Debug\libLib_MCU.a(lpc17xx_clkpwr.o)

.debug_str      0x00000000     0x2bbe
 .debug_str     0x00000000      0xcfa ./src/I-WATCH_EE2024.o
                                0xd7b (size before relaxing)
 .debug_str     0x00000cfa      0x11d ./src/cr_startup_lpc17.o
                                0x200 (size before relaxing)
 .debug_str     0x00000e17       0x8d C:\Users\Wong Kok Woo\Downloads\EE2024Workspace\Lib_CMSISv1p30_LPC17xx\Debug\libCMSISv1p30_LPC17xx.a(system_LPC17xx.o)
                                0x29f (size before relaxing)
 .debug_str     0x00000ea4      0x21c C:\Users\Wong Kok Woo\Downloads\EE2024Workspace\Lib_EaBaseBoard\Debug\libLib_EaBaseBoard.a(acc.o)
                                0x39b (size before relaxing)
 .debug_str     0x000010c0       0x3a C:\Users\Wong Kok Woo\Downloads\EE2024Workspace\Lib_EaBaseBoard\Debug\libLib_EaBaseBoard.a(joystick.o)
                                0x16c (size before relaxing)
 .debug_str     0x000010fa       0x95 C:\Users\Wong Kok Woo\Downloads\EE2024Workspace\Lib_EaBaseBoard\Debug\libLib_EaBaseBoard.a(led7seg.o)
                                0x207 (size before relaxing)
 .debug_str     0x0000118f      0x17f C:\Users\Wong Kok Woo\Downloads\EE2024Workspace\Lib_EaBaseBoard\Debug\libLib_EaBaseBoard.a(light.o)
                                0x512 (size before relaxing)
 .debug_str     0x0000130e      0x1a9 C:\Users\Wong Kok Woo\Downloads\EE2024Workspace\Lib_EaBaseBoard\Debug\libLib_EaBaseBoard.a(oled.o)
                                0x3b8 (size before relaxing)
 .debug_str     0x000014b7      0x121 C:\Users\Wong Kok Woo\Downloads\EE2024Workspace\Lib_EaBaseBoard\Debug\libLib_EaBaseBoard.a(pca9532.o)
                                0x3f2 (size before relaxing)
 .debug_str     0x000015d8       0x3c C:\Users\Wong Kok Woo\Downloads\EE2024Workspace\Lib_EaBaseBoard\Debug\libLib_EaBaseBoard.a(temp.o)
                                0x16f (size before relaxing)
 .debug_str     0x00001614       0x11 C:\Users\Wong Kok Woo\Downloads\EE2024Workspace\Lib_EaBaseBoard\Debug\libLib_EaBaseBoard.a(font5x7.o)
                                 0xc3 (size before relaxing)
 .debug_str     0x00001625      0x37c C:\Users\Wong Kok Woo\Downloads\EE2024Workspace\Lib_MCU\Debug\libLib_MCU.a(lpc17xx_gpio.o)
                                0x474 (size before relaxing)
 .debug_str     0x000019a1      0x309 C:\Users\Wong Kok Woo\Downloads\EE2024Workspace\Lib_MCU\Debug\libLib_MCU.a(lpc17xx_i2c.o)
                                0x80a (size before relaxing)
 .debug_str     0x00001caa      0x214 C:\Users\Wong Kok Woo\Downloads\EE2024Workspace\Lib_MCU\Debug\libLib_MCU.a(lpc17xx_pinsel.o)
                                0x3a9 (size before relaxing)
 .debug_str     0x00001ebe      0x209 C:\Users\Wong Kok Woo\Downloads\EE2024Workspace\Lib_MCU\Debug\libLib_MCU.a(lpc17xx_ssp.o)
                                0x487 (size before relaxing)
 .debug_str     0x000020c7      0x92b C:\Users\Wong Kok Woo\Downloads\EE2024Workspace\Lib_MCU\Debug\libLib_MCU.a(lpc17xx_uart.o)
                                0xc5d (size before relaxing)
 .debug_str     0x000029f2       0xcb C:\Users\Wong Kok Woo\Downloads\EE2024Workspace\Lib_MCU\Debug\libLib_MCU.a(lpc17xx_clkpwr.o)
                                0x3a5 (size before relaxing)
 .debug_str     0x00002abd       0xbc c:/nxp/lpcxpresso_6.1.4_194/lpcxpresso/tools/bin/../lib/gcc/arm-none-eabi/4.6.2/../../../../arm-none-eabi/lib/armv7-m\libcr_newlib_semihost.a(_cr_sbrk.o)
                                0x145 (size before relaxing)
 .debug_str     0x00002b79       0x45 c:/nxp/lpcxpresso_6.1.4_194/lpcxpresso/tools/bin/../lib/gcc/arm-none-eabi/4.6.2/../../../../arm-none-eabi/lib/armv7-m\libcr_newlib_semihost.a(_cr_check_heap.o)
                                 0xd1 (size before relaxing)

.comment        0x00000000       0x9a
 .comment       0x00000000       0x70 ./src/I-WATCH_EE2024.o
                                 0x71 (size before relaxing)
 .comment       0x00000000       0x71 ./src/cr_startup_lpc17.o
 .comment       0x00000000       0x71 C:\Users\Wong Kok Woo\Downloads\EE2024Workspace\Lib_CMSISv1p30_LPC17xx\Debug\libCMSISv1p30_LPC17xx.a(system_LPC17xx.o)
 .comment       0x00000000       0x71 C:\Users\Wong Kok Woo\Downloads\EE2024Workspace\Lib_EaBaseBoard\Debug\libLib_EaBaseBoard.a(acc.o)
 .comment       0x00000000       0x71 C:\Users\Wong Kok Woo\Downloads\EE2024Workspace\Lib_EaBaseBoard\Debug\libLib_EaBaseBoard.a(joystick.o)
 .comment       0x00000000       0x71 C:\Users\Wong Kok Woo\Downloads\EE2024Workspace\Lib_EaBaseBoard\Debug\libLib_EaBaseBoard.a(led7seg.o)
 .comment       0x00000000       0x71 C:\Users\Wong Kok Woo\Downloads\EE2024Workspace\Lib_EaBaseBoard\Debug\libLib_EaBaseBoard.a(light.o)
 .comment       0x00000000       0x71 C:\Users\Wong Kok Woo\Downloads\EE2024Workspace\Lib_EaBaseBoard\Debug\libLib_EaBaseBoard.a(oled.o)
 .comment       0x00000000       0x71 C:\Users\Wong Kok Woo\Downloads\EE2024Workspace\Lib_EaBaseBoard\Debug\libLib_EaBaseBoard.a(pca9532.o)
 .comment       0x00000000       0x71 C:\Users\Wong Kok Woo\Downloads\EE2024Workspace\Lib_EaBaseBoard\Debug\libLib_EaBaseBoard.a(temp.o)
 .comment       0x00000000       0x71 C:\Users\Wong Kok Woo\Downloads\EE2024Workspace\Lib_EaBaseBoard\Debug\libLib_EaBaseBoard.a(font5x7.o)
 .comment       0x00000000       0x71 C:\Users\Wong Kok Woo\Downloads\EE2024Workspace\Lib_MCU\Debug\libLib_MCU.a(lpc17xx_gpio.o)
 .comment       0x00000000       0x71 C:\Users\Wong Kok Woo\Downloads\EE2024Workspace\Lib_MCU\Debug\libLib_MCU.a(lpc17xx_i2c.o)
 .comment       0x00000000       0x71 C:\Users\Wong Kok Woo\Downloads\EE2024Workspace\Lib_MCU\Debug\libLib_MCU.a(lpc17xx_pinsel.o)
 .comment       0x00000000       0x71 C:\Users\Wong Kok Woo\Downloads\EE2024Workspace\Lib_MCU\Debug\libLib_MCU.a(lpc17xx_ssp.o)
 .comment       0x00000000       0x71 C:\Users\Wong Kok Woo\Downloads\EE2024Workspace\Lib_MCU\Debug\libLib_MCU.a(lpc17xx_uart.o)
 .comment       0x00000000       0x71 C:\Users\Wong Kok Woo\Downloads\EE2024Workspace\Lib_MCU\Debug\libLib_MCU.a(lpc17xx_clkpwr.o)
 .comment       0x00000070       0x2a c:/nxp/lpcxpresso_6.1.4_194/lpcxpresso/tools/bin/../lib/gcc/arm-none-eabi/4.6.2/../../../../arm-none-eabi/lib/armv7-m\libcr_newlib_semihost.a(_cr_sbrk.o)
                                 0x2b (size before relaxing)
 .comment       0x00000000       0x2b c:/nxp/lpcxpresso_6.1.4_194/lpcxpresso/tools/bin/../lib/gcc/arm-none-eabi/4.6.2/../../../../arm-none-eabi/lib/armv7-m\libcr_newlib_semihost.a(_cr_check_heap.o)

.ARM.attributes
                0x00000000       0x33
 .ARM.attributes
                0x00000000       0x33 ./src/I-WATCH_EE2024.o
 .ARM.attributes
                0x00000033       0x33 ./src/cr_startup_lpc17.o
 .ARM.attributes
                0x00000066       0x33 C:\Users\Wong Kok Woo\Downloads\EE2024Workspace\Lib_CMSISv1p30_LPC17xx\Debug\libCMSISv1p30_LPC17xx.a(system_LPC17xx.o)
 .ARM.attributes
                0x00000099       0x33 C:\Users\Wong Kok Woo\Downloads\EE2024Workspace\Lib_EaBaseBoard\Debug\libLib_EaBaseBoard.a(acc.o)
 .ARM.attributes
                0x000000cc       0x33 C:\Users\Wong Kok Woo\Downloads\EE2024Workspace\Lib_EaBaseBoard\Debug\libLib_EaBaseBoard.a(joystick.o)
 .ARM.attributes
                0x000000ff       0x33 C:\Users\Wong Kok Woo\Downloads\EE2024Workspace\Lib_EaBaseBoard\Debug\libLib_EaBaseBoard.a(led7seg.o)
 .ARM.attributes
                0x00000132       0x33 C:\Users\Wong Kok Woo\Downloads\EE2024Workspace\Lib_EaBaseBoard\Debug\libLib_EaBaseBoard.a(light.o)
 .ARM.attributes
                0x00000165       0x33 C:\Users\Wong Kok Woo\Downloads\EE2024Workspace\Lib_EaBaseBoard\Debug\libLib_EaBaseBoard.a(oled.o)
 .ARM.attributes
                0x00000198       0x33 C:\Users\Wong Kok Woo\Downloads\EE2024Workspace\Lib_EaBaseBoard\Debug\libLib_EaBaseBoard.a(pca9532.o)
 .ARM.attributes
                0x000001cb       0x33 C:\Users\Wong Kok Woo\Downloads\EE2024Workspace\Lib_EaBaseBoard\Debug\libLib_EaBaseBoard.a(temp.o)
 .ARM.attributes
                0x000001fe       0x33 C:\Users\Wong Kok Woo\Downloads\EE2024Workspace\Lib_EaBaseBoard\Debug\libLib_EaBaseBoard.a(font5x7.o)
 .ARM.attributes
                0x00000231       0x33 C:\Users\Wong Kok Woo\Downloads\EE2024Workspace\Lib_MCU\Debug\libLib_MCU.a(lpc17xx_gpio.o)
 .ARM.attributes
                0x00000264       0x33 C:\Users\Wong Kok Woo\Downloads\EE2024Workspace\Lib_MCU\Debug\libLib_MCU.a(lpc17xx_i2c.o)
 .ARM.attributes
                0x00000297       0x33 C:\Users\Wong Kok Woo\Downloads\EE2024Workspace\Lib_MCU\Debug\libLib_MCU.a(lpc17xx_pinsel.o)
 .ARM.attributes
                0x000002ca       0x33 C:\Users\Wong Kok Woo\Downloads\EE2024Workspace\Lib_MCU\Debug\libLib_MCU.a(lpc17xx_ssp.o)
 .ARM.attributes
                0x000002fd       0x33 C:\Users\Wong Kok Woo\Downloads\EE2024Workspace\Lib_MCU\Debug\libLib_MCU.a(lpc17xx_uart.o)
 .ARM.attributes
                0x00000330       0x33 C:\Users\Wong Kok Woo\Downloads\EE2024Workspace\Lib_MCU\Debug\libLib_MCU.a(lpc17xx_clkpwr.o)
 .ARM.attributes
                0x00000363       0x1d c:/nxp/lpcxpresso_6.1.4_194/lpcxpresso/tools/bin/../lib/gcc/arm-none-eabi/4.6.2/armv7-m\libgcc.a(_arm_addsubdf3.o)
 .ARM.attributes
                0x00000380       0x1d c:/nxp/lpcxpresso_6.1.4_194/lpcxpresso/tools/bin/../lib/gcc/arm-none-eabi/4.6.2/armv7-m\libgcc.a(_arm_muldivdf3.o)
 .ARM.attributes
                0x0000039d       0x1d c:/nxp/lpcxpresso_6.1.4_194/lpcxpresso/tools/bin/../lib/gcc/arm-none-eabi/4.6.2/armv7-m\libgcc.a(_arm_addsubsf3.o)
 .ARM.attributes
                0x000003ba       0x1d c:/nxp/lpcxpresso_6.1.4_194/lpcxpresso/tools/bin/../lib/gcc/arm-none-eabi/4.6.2/armv7-m\libgcc.a(_aeabi_uldivmod.o)
 .ARM.attributes
                0x000003d7       0x2d c:/nxp/lpcxpresso_6.1.4_194/lpcxpresso/tools/bin/../lib/gcc/arm-none-eabi/4.6.2/armv7-m\libgcc.a(bpabi.o)
 .ARM.attributes
                0x00000404       0x1d c:/nxp/lpcxpresso_6.1.4_194/lpcxpresso/tools/bin/../lib/gcc/arm-none-eabi/4.6.2/armv7-m\libgcc.a(_dvmd_tls.o)
 .ARM.attributes
                0x00000421       0x2d c:/nxp/lpcxpresso_6.1.4_194/lpcxpresso/tools/bin/../lib/gcc/arm-none-eabi/4.6.2/armv7-m\libgcc.a(_divdi3.o)
 .ARM.attributes
                0x0000044e       0x2d c:/nxp/lpcxpresso_6.1.4_194/lpcxpresso/tools/bin/../lib/gcc/arm-none-eabi/4.6.2/armv7-m\libgcc.a(_udivdi3.o)
 .ARM.attributes
                0x0000047b       0x2d c:/nxp/lpcxpresso_6.1.4_194/lpcxpresso/tools/bin/../lib/gcc/arm-none-eabi/4.6.2/../../../../arm-none-eabi/lib/armv7-m\libc.a(lib_a-memset.o)
 .ARM.attributes
                0x000004a8       0x2d c:/nxp/lpcxpresso_6.1.4_194/lpcxpresso/tools/bin/../lib/gcc/arm-none-eabi/4.6.2/../../../../arm-none-eabi/lib/armv7-m\libc.a(lib_a-sprintf.o)
 .ARM.attributes
                0x000004d5       0x2d c:/nxp/lpcxpresso_6.1.4_194/lpcxpresso/tools/bin/../lib/gcc/arm-none-eabi/4.6.2/../../../../arm-none-eabi/lib/armv7-m\libc.a(lib_a-strlen.o)
 .ARM.attributes
                0x00000502       0x2d c:/nxp/lpcxpresso_6.1.4_194/lpcxpresso/tools/bin/../lib/gcc/arm-none-eabi/4.6.2/../../../../arm-none-eabi/lib/armv7-m\libc.a(lib_a-svfprintf.o)
 .ARM.attributes
                0x0000052f       0x2d c:/nxp/lpcxpresso_6.1.4_194/lpcxpresso/tools/bin/../lib/gcc/arm-none-eabi/4.6.2/../../../../arm-none-eabi/lib/armv7-m\libc.a(lib_a-dtoa.o)
 .ARM.attributes
                0x0000055c       0x2d c:/nxp/lpcxpresso_6.1.4_194/lpcxpresso/tools/bin/../lib/gcc/arm-none-eabi/4.6.2/../../../../arm-none-eabi/lib/armv7-m\libc.a(lib_a-impure.o)
 .ARM.attributes
                0x00000589       0x2d c:/nxp/lpcxpresso_6.1.4_194/lpcxpresso/tools/bin/../lib/gcc/arm-none-eabi/4.6.2/../../../../arm-none-eabi/lib/armv7-m\libc.a(lib_a-locale.o)
 .ARM.attributes
                0x000005b6       0x2d c:/nxp/lpcxpresso_6.1.4_194/lpcxpresso/tools/bin/../lib/gcc/arm-none-eabi/4.6.2/../../../../arm-none-eabi/lib/armv7-m\libc.a(lib_a-mallocr.o)
 .ARM.attributes
                0x000005e3       0x2d c:/nxp/lpcxpresso_6.1.4_194/lpcxpresso/tools/bin/../lib/gcc/arm-none-eabi/4.6.2/../../../../arm-none-eabi/lib/armv7-m\libc.a(lib_a-memchr.o)
 .ARM.attributes
                0x00000610       0x2d c:/nxp/lpcxpresso_6.1.4_194/lpcxpresso/tools/bin/../lib/gcc/arm-none-eabi/4.6.2/../../../../arm-none-eabi/lib/armv7-m\libc.a(lib_a-memcpy.o)
 .ARM.attributes
                0x0000063d       0x2d c:/nxp/lpcxpresso_6.1.4_194/lpcxpresso/tools/bin/../lib/gcc/arm-none-eabi/4.6.2/../../../../arm-none-eabi/lib/armv7-m\libc.a(lib_a-mlock.o)
 .ARM.attributes
                0x0000066a       0x2d c:/nxp/lpcxpresso_6.1.4_194/lpcxpresso/tools/bin/../lib/gcc/arm-none-eabi/4.6.2/../../../../arm-none-eabi/lib/armv7-m\libc.a(lib_a-mprec.o)
 .ARM.attributes
                0x00000697       0x2d c:/nxp/lpcxpresso_6.1.4_194/lpcxpresso/tools/bin/../lib/gcc/arm-none-eabi/4.6.2/../../../../arm-none-eabi/lib/armv7-m\libc.a(lib_a-s_fpclassify.o)
 .ARM.attributes
                0x000006c4       0x2d c:/nxp/lpcxpresso_6.1.4_194/lpcxpresso/tools/bin/../lib/gcc/arm-none-eabi/4.6.2/../../../../arm-none-eabi/lib/armv7-m\libc.a(lib_a-sbrkr.o)
 .ARM.attributes
                0x000006f1       0x2d c:/nxp/lpcxpresso_6.1.4_194/lpcxpresso/tools/bin/../lib/gcc/arm-none-eabi/4.6.2/../../../../arm-none-eabi/lib/armv7-m\libc.a(lib_a-strcmp.o)
 .ARM.attributes
                0x0000071e       0x2d c:/nxp/lpcxpresso_6.1.4_194/lpcxpresso/tools/bin/../lib/gcc/arm-none-eabi/4.6.2/../../../../arm-none-eabi/lib/armv7-m\libc.a(lib_a-svfiprintf.o)
 .ARM.attributes
                0x0000074b       0x2d c:/nxp/lpcxpresso_6.1.4_194/lpcxpresso/tools/bin/../lib/gcc/arm-none-eabi/4.6.2/../../../../arm-none-eabi/lib/armv7-m\libc.a(lib_a-callocr.o)
 .ARM.attributes
                0x00000778       0x2d c:/nxp/lpcxpresso_6.1.4_194/lpcxpresso/tools/bin/../lib/gcc/arm-none-eabi/4.6.2/../../../../arm-none-eabi/lib/armv7-m\libc.a(lib_a-freer.o)
 .ARM.attributes
                0x000007a5       0x2d c:/nxp/lpcxpresso_6.1.4_194/lpcxpresso/tools/bin/../lib/gcc/arm-none-eabi/4.6.2/../../../../arm-none-eabi/lib/armv7-m\libc.a(lib_a-memmove.o)
 .ARM.attributes
                0x000007d2       0x2d c:/nxp/lpcxpresso_6.1.4_194/lpcxpresso/tools/bin/../lib/gcc/arm-none-eabi/4.6.2/../../../../arm-none-eabi/lib/armv7-m\libc.a(lib_a-reallocr.o)
 .ARM.attributes
                0x000007ff       0x2d c:/nxp/lpcxpresso_6.1.4_194/lpcxpresso/tools/bin/../lib/gcc/arm-none-eabi/4.6.2/../../../../arm-none-eabi/lib/armv7-m\libc.a(lib_a-reent.o)
 .ARM.attributes
                0x0000082c       0x31 c:/nxp/lpcxpresso_6.1.4_194/lpcxpresso/tools/bin/../lib/gcc/arm-none-eabi/4.6.2/../../../../arm-none-eabi/lib/armv7-m\libcr_newlib_semihost.a(_cr_sbrk.o)
 .ARM.attributes
                0x0000085d       0x31 c:/nxp/lpcxpresso_6.1.4_194/lpcxpresso/tools/bin/../lib/gcc/arm-none-eabi/4.6.2/../../../../arm-none-eabi/lib/armv7-m\libcr_newlib_semihost.a(_cr_check_heap.o)
 .ARM.attributes
                0x0000088e       0x1d c:/nxp/lpcxpresso_6.1.4_194/lpcxpresso/tools/bin/../lib/gcc/arm-none-eabi/4.6.2/armv7-m\libgcc.a(_arm_cmpdf2.o)
 .ARM.attributes
                0x000008ab       0x1d c:/nxp/lpcxpresso_6.1.4_194/lpcxpresso/tools/bin/../lib/gcc/arm-none-eabi/4.6.2/armv7-m\libgcc.a(_arm_fixdfsi.o)
 .ARM.attributes
                0x000008c8       0x2d c:/nxp/lpcxpresso_6.1.4_194/lpcxpresso/tools/bin/../lib/gcc/arm-none-eabi/4.6.2/../../../../arm-none-eabi/lib/armv7-m\libc.a(lib_a-errno.o)

.debug_frame    0x00000000     0x233c
 .debug_frame   0x00000000      0x3ec ./src/I-WATCH_EE2024.o
 .debug_frame   0x000003ec      0x120 ./src/cr_startup_lpc17.o
 .debug_frame   0x0000050c       0x48 C:\Users\Wong Kok Woo\Downloads\EE2024Workspace\Lib_CMSISv1p30_LPC17xx\Debug\libCMSISv1p30_LPC17xx.a(system_LPC17xx.o)
 .debug_frame   0x00000554      0x12c C:\Users\Wong Kok Woo\Downloads\EE2024Workspace\Lib_EaBaseBoard\Debug\libLib_EaBaseBoard.a(acc.o)
 .debug_frame   0x00000680       0x4c C:\Users\Wong Kok Woo\Downloads\EE2024Workspace\Lib_EaBaseBoard\Debug\libLib_EaBaseBoard.a(joystick.o)
 .debug_frame   0x000006cc       0x4c C:\Users\Wong Kok Woo\Downloads\EE2024Workspace\Lib_EaBaseBoard\Debug\libLib_EaBaseBoard.a(led7seg.o)
 .debug_frame   0x00000718      0x208 C:\Users\Wong Kok Woo\Downloads\EE2024Workspace\Lib_EaBaseBoard\Debug\libLib_EaBaseBoard.a(light.o)
 .debug_frame   0x00000920      0x1ec C:\Users\Wong Kok Woo\Downloads\EE2024Workspace\Lib_EaBaseBoard\Debug\libLib_EaBaseBoard.a(oled.o)
 .debug_frame   0x00000b0c      0x1a8 C:\Users\Wong Kok Woo\Downloads\EE2024Workspace\Lib_EaBaseBoard\Debug\libLib_EaBaseBoard.a(pca9532.o)
 .debug_frame   0x00000cb4       0x50 C:\Users\Wong Kok Woo\Downloads\EE2024Workspace\Lib_EaBaseBoard\Debug\libLib_EaBaseBoard.a(temp.o)
 .debug_frame   0x00000d04      0x2c4 C:\Users\Wong Kok Woo\Downloads\EE2024Workspace\Lib_MCU\Debug\libLib_MCU.a(lpc17xx_gpio.o)
 .debug_frame   0x00000fc8      0x2c8 C:\Users\Wong Kok Woo\Downloads\EE2024Workspace\Lib_MCU\Debug\libLib_MCU.a(lpc17xx_i2c.o)
 .debug_frame   0x00001290       0xbc C:\Users\Wong Kok Woo\Downloads\EE2024Workspace\Lib_MCU\Debug\libLib_MCU.a(lpc17xx_pinsel.o)
 .debug_frame   0x0000134c      0x280 C:\Users\Wong Kok Woo\Downloads\EE2024Workspace\Lib_MCU\Debug\libLib_MCU.a(lpc17xx_ssp.o)
 .debug_frame   0x000015cc      0x44c C:\Users\Wong Kok Woo\Downloads\EE2024Workspace\Lib_MCU\Debug\libLib_MCU.a(lpc17xx_uart.o)
 .debug_frame   0x00001a18      0x10c C:\Users\Wong Kok Woo\Downloads\EE2024Workspace\Lib_MCU\Debug\libLib_MCU.a(lpc17xx_clkpwr.o)
 .debug_frame   0x00001b24       0x50 c:/nxp/lpcxpresso_6.1.4_194/lpcxpresso/tools/bin/../lib/gcc/arm-none-eabi/4.6.2/armv7-m\libgcc.a(bpabi.o)
 .debug_frame   0x00001b74       0x34 c:/nxp/lpcxpresso_6.1.4_194/lpcxpresso/tools/bin/../lib/gcc/arm-none-eabi/4.6.2/armv7-m\libgcc.a(_divdi3.o)
 .debug_frame   0x00001ba8       0x34 c:/nxp/lpcxpresso_6.1.4_194/lpcxpresso/tools/bin/../lib/gcc/arm-none-eabi/4.6.2/armv7-m\libgcc.a(_udivdi3.o)
 .debug_frame   0x00001bdc       0x2c c:/nxp/lpcxpresso_6.1.4_194/lpcxpresso/tools/bin/../lib/gcc/arm-none-eabi/4.6.2/../../../../arm-none-eabi/lib/armv7-m\libc.a(lib_a-memset.o)
 .debug_frame   0x00001c08       0x64 c:/nxp/lpcxpresso_6.1.4_194/lpcxpresso/tools/bin/../lib/gcc/arm-none-eabi/4.6.2/../../../../arm-none-eabi/lib/armv7-m\libc.a(lib_a-sprintf.o)
 .debug_frame   0x00001c6c       0x20 c:/nxp/lpcxpresso_6.1.4_194/lpcxpresso/tools/bin/../lib/gcc/arm-none-eabi/4.6.2/../../../../arm-none-eabi/lib/armv7-m\libc.a(lib_a-strlen.o)
 .debug_frame   0x00001c8c       0x3c c:/nxp/lpcxpresso_6.1.4_194/lpcxpresso/tools/bin/../lib/gcc/arm-none-eabi/4.6.2/../../../../arm-none-eabi/lib/armv7-m\libc.a(lib_a-svfprintf.o)
 .debug_frame   0x00001cc8       0x64 c:/nxp/lpcxpresso_6.1.4_194/lpcxpresso/tools/bin/../lib/gcc/arm-none-eabi/4.6.2/../../../../arm-none-eabi/lib/armv7-m\libc.a(lib_a-dtoa.o)
 .debug_frame   0x00001d2c       0x98 c:/nxp/lpcxpresso_6.1.4_194/lpcxpresso/tools/bin/../lib/gcc/arm-none-eabi/4.6.2/../../../../arm-none-eabi/lib/armv7-m\libc.a(lib_a-locale.o)
 .debug_frame   0x00001dc4       0x38 c:/nxp/lpcxpresso_6.1.4_194/lpcxpresso/tools/bin/../lib/gcc/arm-none-eabi/4.6.2/../../../../arm-none-eabi/lib/armv7-m\libc.a(lib_a-mallocr.o)
 .debug_frame   0x00001dfc       0x2c c:/nxp/lpcxpresso_6.1.4_194/lpcxpresso/tools/bin/../lib/gcc/arm-none-eabi/4.6.2/../../../../arm-none-eabi/lib/armv7-m\libc.a(lib_a-memchr.o)
 .debug_frame   0x00001e28       0x2c c:/nxp/lpcxpresso_6.1.4_194/lpcxpresso/tools/bin/../lib/gcc/arm-none-eabi/4.6.2/../../../../arm-none-eabi/lib/armv7-m\libc.a(lib_a-memcpy.o)
 .debug_frame   0x00001e54       0x30 c:/nxp/lpcxpresso_6.1.4_194/lpcxpresso/tools/bin/../lib/gcc/arm-none-eabi/4.6.2/../../../../arm-none-eabi/lib/armv7-m\libc.a(lib_a-mlock.o)
 .debug_frame   0x00001e84      0x228 c:/nxp/lpcxpresso_6.1.4_194/lpcxpresso/tools/bin/../lib/gcc/arm-none-eabi/4.6.2/../../../../arm-none-eabi/lib/armv7-m\libc.a(lib_a-mprec.o)
 .debug_frame   0x000020ac       0x20 c:/nxp/lpcxpresso_6.1.4_194/lpcxpresso/tools/bin/../lib/gcc/arm-none-eabi/4.6.2/../../../../arm-none-eabi/lib/armv7-m\libc.a(lib_a-s_fpclassify.o)
 .debug_frame   0x000020cc       0x2c c:/nxp/lpcxpresso_6.1.4_194/lpcxpresso/tools/bin/../lib/gcc/arm-none-eabi/4.6.2/../../../../arm-none-eabi/lib/armv7-m\libc.a(lib_a-sbrkr.o)
 .debug_frame   0x000020f8       0x30 c:/nxp/lpcxpresso_6.1.4_194/lpcxpresso/tools/bin/../lib/gcc/arm-none-eabi/4.6.2/../../../../arm-none-eabi/lib/armv7-m\libc.a(lib_a-strcmp.o)
 .debug_frame   0x00002128       0x64 c:/nxp/lpcxpresso_6.1.4_194/lpcxpresso/tools/bin/../lib/gcc/arm-none-eabi/4.6.2/../../../../arm-none-eabi/lib/armv7-m\libc.a(lib_a-svfiprintf.o)
 .debug_frame   0x0000218c       0x28 c:/nxp/lpcxpresso_6.1.4_194/lpcxpresso/tools/bin/../lib/gcc/arm-none-eabi/4.6.2/../../../../arm-none-eabi/lib/armv7-m\libc.a(lib_a-callocr.o)
 .debug_frame   0x000021b4       0x50 c:/nxp/lpcxpresso_6.1.4_194/lpcxpresso/tools/bin/../lib/gcc/arm-none-eabi/4.6.2/../../../../arm-none-eabi/lib/armv7-m\libc.a(lib_a-freer.o)
 .debug_frame   0x00002204       0x2c c:/nxp/lpcxpresso_6.1.4_194/lpcxpresso/tools/bin/../lib/gcc/arm-none-eabi/4.6.2/../../../../arm-none-eabi/lib/armv7-m\libc.a(lib_a-memmove.o)
 .debug_frame   0x00002230       0x38 c:/nxp/lpcxpresso_6.1.4_194/lpcxpresso/tools/bin/../lib/gcc/arm-none-eabi/4.6.2/../../../../arm-none-eabi/lib/armv7-m\libc.a(lib_a-reallocr.o)
 .debug_frame   0x00002268       0x68 c:/nxp/lpcxpresso_6.1.4_194/lpcxpresso/tools/bin/../lib/gcc/arm-none-eabi/4.6.2/../../../../arm-none-eabi/lib/armv7-m\libc.a(lib_a-reent.o)
 .debug_frame   0x000022d0       0x2c c:/nxp/lpcxpresso_6.1.4_194/lpcxpresso/tools/bin/../lib/gcc/arm-none-eabi/4.6.2/../../../../arm-none-eabi/lib/armv7-m\libcr_newlib_semihost.a(_cr_sbrk.o)
 .debug_frame   0x000022fc       0x20 c:/nxp/lpcxpresso_6.1.4_194/lpcxpresso/tools/bin/../lib/gcc/arm-none-eabi/4.6.2/../../../../arm-none-eabi/lib/armv7-m\libcr_newlib_semihost.a(_cr_check_heap.o)
 .debug_frame   0x0000231c       0x20 c:/nxp/lpcxpresso_6.1.4_194/lpcxpresso/tools/bin/../lib/gcc/arm-none-eabi/4.6.2/../../../../arm-none-eabi/lib/armv7-m\libc.a(lib_a-errno.o)

.debug_pubnames
                0x00000000       0x68
 .debug_pubnames
                0x00000000       0x2e c:/nxp/lpcxpresso_6.1.4_194/lpcxpresso/tools/bin/../lib/gcc/arm-none-eabi/4.6.2/../../../../arm-none-eabi/lib/armv7-m\libcr_newlib_semihost.a(_cr_sbrk.o)
 .debug_pubnames
                0x0000002e       0x3a c:/nxp/lpcxpresso_6.1.4_194/lpcxpresso/tools/bin/../lib/gcc/arm-none-eabi/4.6.2/../../../../arm-none-eabi/lib/armv7-m\libcr_newlib_semihost.a(_cr_check_heap.o)

.debug_pubtypes
                0x00000000       0x1d
 .debug_pubtypes
                0x00000000       0x1d c:/nxp/lpcxpresso_6.1.4_194/lpcxpresso/tools/bin/../lib/gcc/arm-none-eabi/4.6.2/../../../../arm-none-eabi/lib/armv7-m\libcr_newlib_semihost.a(_cr_sbrk.o)
