Archive member included because of file (symbol)

C:\Users\Wong Kok Woo\Downloads\EE2024Workspace\Lib_CMSISv1p30_LPC17xx\Debug\libCMSISv1p30_LPC17xx.a(system_LPC17xx.o)
                              ./src/I-WATCH.o (SystemCoreClock)
C:\Users\Wong Kok Woo\Downloads\EE2024Workspace\Lib_EaBaseBoard\Debug\libLib_EaBaseBoard.a(acc.o)
                              ./src/I-WATCH.o (acc_init)
C:\Users\Wong Kok Woo\Downloads\EE2024Workspace\Lib_EaBaseBoard\Debug\libLib_EaBaseBoard.a(joystick.o)
                              ./src/I-WATCH.o (joystick_init)
C:\Users\Wong Kok Woo\Downloads\EE2024Workspace\Lib_EaBaseBoard\Debug\libLib_EaBaseBoard.a(led7seg.o)
                              ./src/I-WATCH.o (led7seg_init)
C:\Users\Wong Kok Woo\Downloads\EE2024Workspace\Lib_EaBaseBoard\Debug\libLib_EaBaseBoard.a(light.o)
                              ./src/I-WATCH.o (light_enable)
C:\Users\Wong Kok Woo\Downloads\EE2024Workspace\Lib_EaBaseBoard\Debug\libLib_EaBaseBoard.a(oled.o)
                              ./src/I-WATCH.o (oled_init)
C:\Users\Wong Kok Woo\Downloads\EE2024Workspace\Lib_EaBaseBoard\Debug\libLib_EaBaseBoard.a(pca9532.o)
                              ./src/I-WATCH.o (pca9532_init)
C:\Users\Wong Kok Woo\Downloads\EE2024Workspace\Lib_EaBaseBoard\Debug\libLib_EaBaseBoard.a(temp.o)
                              ./src/I-WATCH.o (temp_init)
C:\Users\Wong Kok Woo\Downloads\EE2024Workspace\Lib_EaBaseBoard\Debug\libLib_EaBaseBoard.a(font5x7.o)
                              C:\Users\Wong Kok Woo\Downloads\EE2024Workspace\Lib_EaBaseBoard\Debug\libLib_EaBaseBoard.a(oled.o) (font5x7)
C:\Users\Wong Kok Woo\Downloads\EE2024Workspace\Lib_MCU\Debug\libLib_MCU.a(lpc17xx_gpio.o)
                              ./src/I-WATCH.o (GPIO_SetDir)
C:\Users\Wong Kok Woo\Downloads\EE2024Workspace\Lib_MCU\Debug\libLib_MCU.a(lpc17xx_i2c.o)
                              ./src/I-WATCH.o (I2C_Init)
C:\Users\Wong Kok Woo\Downloads\EE2024Workspace\Lib_MCU\Debug\libLib_MCU.a(lpc17xx_pinsel.o)
                              ./src/I-WATCH.o (PINSEL_ConfigPin)
C:\Users\Wong Kok Woo\Downloads\EE2024Workspace\Lib_MCU\Debug\libLib_MCU.a(lpc17xx_ssp.o)
                              ./src/I-WATCH.o (SSP_Init)
C:\Users\Wong Kok Woo\Downloads\EE2024Workspace\Lib_MCU\Debug\libLib_MCU.a(lpc17xx_uart.o)
                              ./src/I-WATCH.o (UART_TxCmd)
C:\Users\Wong Kok Woo\Downloads\EE2024Workspace\Lib_MCU\Debug\libLib_MCU.a(lpc17xx_clkpwr.o)
                              C:\Users\Wong Kok Woo\Downloads\EE2024Workspace\Lib_MCU\Debug\libLib_MCU.a(lpc17xx_i2c.o) (CLKPWR_SetPCLKDiv)
c:/nxp/lpcxpresso_6.1.4_194/lpcxpresso/tools/bin/../lib/gcc/arm-none-eabi/4.6.2/armv7-m\libgcc.a(_arm_addsubdf3.o)
                              ./src/I-WATCH.o (__aeabi_f2d)
c:/nxp/lpcxpresso_6.1.4_194/lpcxpresso/tools/bin/../lib/gcc/arm-none-eabi/4.6.2/armv7-m\libgcc.a(_arm_muldivdf3.o)
                              ./src/I-WATCH.o (__aeabi_ddiv)
c:/nxp/lpcxpresso_6.1.4_194/lpcxpresso/tools/bin/../lib/gcc/arm-none-eabi/4.6.2/armv7-m\libgcc.a(_arm_addsubsf3.o)
                              ./src/I-WATCH.o (__aeabi_i2f)
c:/nxp/lpcxpresso_6.1.4_194/lpcxpresso/tools/bin/../lib/gcc/arm-none-eabi/4.6.2/armv7-m\libgcc.a(_aeabi_uldivmod.o)
                              C:\Users\Wong Kok Woo\Downloads\EE2024Workspace\Lib_CMSISv1p30_LPC17xx\Debug\libCMSISv1p30_LPC17xx.a(system_LPC17xx.o) (__aeabi_uldivmod)
c:/nxp/lpcxpresso_6.1.4_194/lpcxpresso/tools/bin/../lib/gcc/arm-none-eabi/4.6.2/armv7-m\libgcc.a(bpabi.o)
                              c:/nxp/lpcxpresso_6.1.4_194/lpcxpresso/tools/bin/../lib/gcc/arm-none-eabi/4.6.2/armv7-m\libgcc.a(_aeabi_uldivmod.o) (__gnu_uldivmod_helper)
c:/nxp/lpcxpresso_6.1.4_194/lpcxpresso/tools/bin/../lib/gcc/arm-none-eabi/4.6.2/armv7-m\libgcc.a(_dvmd_tls.o)
                              c:/nxp/lpcxpresso_6.1.4_194/lpcxpresso/tools/bin/../lib/gcc/arm-none-eabi/4.6.2/armv7-m\libgcc.a(_aeabi_uldivmod.o) (__aeabi_ldiv0)
c:/nxp/lpcxpresso_6.1.4_194/lpcxpresso/tools/bin/../lib/gcc/arm-none-eabi/4.6.2/armv7-m\libgcc.a(_divdi3.o)
                              c:/nxp/lpcxpresso_6.1.4_194/lpcxpresso/tools/bin/../lib/gcc/arm-none-eabi/4.6.2/armv7-m\libgcc.a(bpabi.o) (__divdi3)
c:/nxp/lpcxpresso_6.1.4_194/lpcxpresso/tools/bin/../lib/gcc/arm-none-eabi/4.6.2/armv7-m\libgcc.a(_udivdi3.o)
                              c:/nxp/lpcxpresso_6.1.4_194/lpcxpresso/tools/bin/../lib/gcc/arm-none-eabi/4.6.2/armv7-m\libgcc.a(bpabi.o) (__udivdi3)
c:/nxp/lpcxpresso_6.1.4_194/lpcxpresso/tools/bin/../lib/gcc/arm-none-eabi/4.6.2/../../../../arm-none-eabi/lib/armv7-m\libc.a(lib_a-memset.o)
                              ./src/I-WATCH.o (memset)
c:/nxp/lpcxpresso_6.1.4_194/lpcxpresso/tools/bin/../lib/gcc/arm-none-eabi/4.6.2/../../../../arm-none-eabi/lib/armv7-m\libc.a(lib_a-printf.o)
                              ./src/I-WATCH.o (printf)
[...]
Memory Configuration

Name             Origin             Length             Attributes
MFlash512        0x00000000         0x00080000         xr
RamLoc32         0x10000000         0x00008000         xrw
RamAHB32         0x2007c000         0x00008000         xrw
*default*        0x00000000         0xffffffff

Linker script and memory map

LOAD ./src/I-WATCH.o
LOAD ./src/cr_startup_lpc17.o
LOAD C:\Users\Wong Kok Woo\Downloads\EE2024Workspace\Lib_CMSISv1p30_LPC17xx\Debug\libCMSISv1p30_LPC17xx.a
LOAD C:\Users\Wong Kok Woo\Downloads\EE2024Workspace\Lib_EaBaseBoard\Debug\libLib_EaBaseBoard.a
LOAD C:\Users\Wong Kok Woo\Downloads\EE2024Workspace\Lib_MCU\Debug\libLib_MCU.a
START GROUP
LOAD c:/nxp/lpcxpresso_6.1.4_194/lpcxpresso/tools/bin/../lib/gcc/arm-none-eabi/4.6.2/armv7-m\libgcc.a
LOAD c:/nxp/lpcxpresso_6.1.4_194/lpcxpresso/tools/bin/../lib/gcc/arm-none-eabi/4.6.2/../../../../arm-none-eabi/lib/armv7-m\libc.a
LOAD c:/nxp/lpcxpresso_6.1.4_194/lpcxpresso/tools/bin/../lib/gcc/arm-none-eabi/4.6.2/../../../../arm-none-eabi/lib/armv7-m\libm.a
LOAD c:/nxp/lpcxpresso_6.1.4_194/lpcxpresso/tools/bin/../lib/gcc/arm-none-eabi/4.6.2/../../../../arm-none-eabi/lib/armv7-m\libcr_newlib_semihost.a
END GROUP
                0x00080000                __top_MFlash512 = 0x80000
                0x10008000                __top_RamLoc32 = 0x10008000
                0x20084000                __top_RamAHB32 = 0x20084000

.text           0x00000000     0xce68
 FILL mask 0xff
                0x00000000                __vectors_start__ = ABSOLUTE (.)
 *(.isr_vector)
 .isr_vector    0x00000000       0xcc ./src/cr_startup_lpc17.o
                0x00000000                g_pfnVectors
                0x000000cc                . = ALIGN (0x4)
                0x000000cc                __section_table_start = .
                0x000000cc                __data_section_table = .
                0x000000cc        0x4 LONG 0xce70 LOADADDR (.data)
                0x000000d0        0x4 LONG 0x10000000 ADDR (.data)
                0x000000d4        0x4 LONG 0x91c SIZEOF (.data)
                0x000000d8        0x4 LONG 0xce70 LOADADDR (.data_RAM2)
                0x000000dc        0x4 LONG 0x2007c000 ADDR (.data_RAM2)
                0x000000e0        0x4 LONG 0x0 SIZEOF (.data_RAM2)
                0x000000e4                __data_section_table_end = .
                0x000000e4                __bss_section_table = .
                0x000000e4        0x4 LONG 0x1000091c ADDR (.bss)
                0x000000e8        0x4 LONG 0x3dc SIZEOF (.bss)
                0x000000ec        0x4 LONG 0x2007c000 ADDR (.bss_RAM2)
                0x000000f0        0x4 LONG 0x0 SIZEOF (.bss_RAM2)
                0x000000f4                __bss_section_table_end = .
                0x000000f4                __section_table_end = .
 *(.after_vectors*)
 *(.text*)
 .text.NVIC_EnableIRQ
                0x000000f4       0x38 ./src/I-WATCH.o
 .text.NVIC_ClearPendingIRQ
                0x0000012c       0x3c ./src/I-WATCH.o
 .text.NVIC_SetPriority
                0x00000168       0x5c ./src/I-WATCH.o
 .text.SysTick_Config
                0x000001c4       0x64 ./src/I-WATCH.o
 .text.SysTick_Handler
                0x00000228       0x24 ./src/I-WATCH.o
                0x00000228                SysTick_Handler
 .text.getMsTick
                0x0000024c       0x18 ./src/I-WATCH.o
                0x0000024c                getMsTick
 .text.read_Sensors
                0x00000264      0x188 ./src/I-WATCH.o
                0x00000264                read_Sensors
 .text.displayAnimation_CAT
                0x000003ec      0x1ec ./src/I-WATCH.o
                0x000003ec                displayAnimation_CAT
 .text.displayOled_CAT
                0x000005d8      0x13c ./src/I-WATCH.o
                0x000005d8                displayOled_CAT
 .text.displayOled_Active_PS
                0x00000714      0x168 ./src/I-WATCH.o
                0x00000714                displayOled_Active_PS
 .text.displayOled_Sensors
                0x0000087c      0x190 ./src/I-WATCH.o
                0x0000087c                displayOled_Sensors
 .text.init_UART
                0x00000a0c       0x7c ./src/I-WATCH.o
 .text.init_ssp
                0x00000a88       0x98 ./src/I-WATCH.o
 .text.init_i2c
                0x00000b20       0x5c ./src/I-WATCH.o
 .text.init_GPIO
                0x00000b7c      0x170 ./src/I-WATCH.o
 .text.print_Results
                0x00000cec      0x110 ./src/I-WATCH.o
                0x00000cec                print_Results
 .text.off_led7seg
                0x00000dfc       0x14 ./src/I-WATCH.o
                0x00000dfc                off_led7seg
 .text.off_RGB  0x00000e10       0x20 ./src/I-WATCH.o
                0x00000e10                off_RGB
 .text.off_Peripherals
                0x00000e30       0x24 ./src/I-WATCH.o
                0x00000e30                off_Peripherals
 .text.EINT3_IRQHandler
                0x00000e54       0x8c ./src/I-WATCH.o
                0x00000e54                EINT3_IRQHandler
 .text.EINT0_IRQHandler
                0x00000ee0       0x38 ./src/I-WATCH.o
                0x00000ee0                EINT0_IRQHandler
 .text.invert_Segment_Display
                0x00000f18       0x88 ./src/I-WATCH.o
                0x00000f18                invert_Segment_Display
 .text.cat_Mode
                0x00000fa0      0x47c ./src/I-WATCH.o
                0x00000fa0                cat_Mode
 .text.active_Mode
                0x0000141c      0x430 ./src/I-WATCH.o
                0x0000141c                active_Mode
 .text.main     0x0000184c       0xd4 ./src/I-WATCH.o
                0x0000184c                main
 .text.check_failed
                0x00001920        0xc ./src/I-WATCH.o
                0x00001920                check_failed
 .text.ResetISR
                0x0000192c       0x68 ./src/cr_startup_lpc17.o
                0x0000192c                ResetISR
 .text.NMI_Handler
                0x00001994        0x8 ./src/cr_startup_lpc17.o
                0x00001994                NMI_Handler
 .text.HardFault_Handler
                0x0000199c        0x8 ./src/cr_startup_lpc17.o
                0x0000199c                HardFault_Handler
 .text.MemManage_Handler
                0x000019a4        0x8 ./src/cr_startup_lpc17.o
                0x000019a4                MemManage_Handler
 .text.BusFault_Handler
                0x000019ac        0x8 ./src/cr_startup_lpc17.o
                0x000019ac                BusFault_Handler
 .text.UsageFault_Handler
                0x000019b4        0x8 ./src/cr_startup_lpc17.o
                0x000019b4                UsageFault_Handler
 .text.SVCall_Handler
                0x000019bc        0x8 ./src/cr_startup_lpc17.o
                0x000019bc                SVCall_Handler
 .text.DebugMon_Handler
                0x000019c4        0x8 ./src/cr_startup_lpc17.o
                0x000019c4                DebugMon_Handler
 .text.PendSV_Handler
                0x000019cc        0x8 ./src/cr_startup_lpc17.o
                0x000019cc                PendSV_Handler
 .text.IntDefaultHandler
                0x000019d4        0x8 ./src/cr_startup_lpc17.o
                0x000019d4                TIMER2_IRQHandler
                0x000019d4                RIT_IRQHandler
                0x000019d4                I2C0_IRQHandler
                0x000019d4                USBActivity_IRQHandler
                0x000019d4                PWM1_IRQHandler
                0x000019d4                I2C1_IRQHandler
                0x000019d4                EINT2_IRQHandler
                0x000019d4                UART1_IRQHandler
                0x000019d4                CANActivity_IRQHandler
                0x000019d4                TIMER3_IRQHandler
                0x000019d4                UART0_IRQHandler
                0x000019d4                IntDefaultHandler
                0x000019d4                PLL0_IRQHandler
                0x000019d4                CAN_IRQHandler
                0x000019d4                PLL1_IRQHandler
                0x000019d4                SSP0_IRQHandler
                0x000019d4                I2S_IRQHandler
                0x000019d4                I2C2_IRQHandler
                0x000019d4                RTC_IRQHandler
                0x000019d4                TIMER0_IRQHandler
                0x000019d4                SPI_IRQHandler
                0x000019d4                EINT1_IRQHandler
                0x000019d4                TIMER1_IRQHandler
                0x000019d4                UART2_IRQHandler
                0x000019d4                ADC_IRQHandler
                0x000019d4                SSP1_IRQHandler
                0x000019d4                USB_IRQHandler
                0x000019d4                BOD_IRQHandler
                0x000019d4                WDT_IRQHandler
                0x000019d4                QEI_IRQHandler
                0x000019d4                DMA_IRQHandler
                0x000019d4                UART3_IRQHandler
                0x000019d4                MCPWM_IRQHandler
                0x000019d4                ENET_IRQHandler
 .text.SystemInit
                0x000019dc      0x22c C:\Users\Wong Kok Woo\Downloads\EE2024Workspace\Lib_CMSISv1p30_LPC17xx\Debug\libCMSISv1p30_LPC17xx.a(system_LPC17xx.o)
                0x000019dc                SystemInit
 .text.I2CRead  0x00001c08       0x5c C:\Users\Wong Kok Woo\Downloads\EE2024Workspace\Lib_EaBaseBoard\Debug\libLib_EaBaseBoard.a(acc.o)
 .text.I2CWrite
                0x00001c64       0x5c C:\Users\Wong Kok Woo\Downloads\EE2024Workspace\Lib_EaBaseBoard\Debug\libLib_EaBaseBoard.a(acc.o)
 .text.getStatus
                0x00001cc0       0x3c C:\Users\Wong Kok Woo\Downloads\EE2024Workspace\Lib_EaBaseBoard\Debug\libLib_EaBaseBoard.a(acc.o)
 .text.setModeControl
                0x00001cfc       0x30 C:\Users\Wong Kok Woo\Downloads\EE2024Workspace\Lib_EaBaseBoard\Debug\libLib_EaBaseBoard.a(acc.o)
 .text.acc_init
                0x00001d2c       0x10 C:\Users\Wong Kok Woo\Downloads\EE2024Workspace\Lib_EaBaseBoard\Debug\libLib_EaBaseBoard.a(acc.o)
                0x00001d2c                acc_init
 .text.acc_read
                0x00001d3c       0xbc C:\Users\Wong Kok Woo\Downloads\EE2024Workspace\Lib_EaBaseBoard\Debug\libLib_EaBaseBoard.a(acc.o)
                0x00001d3c                acc_read
 .text.joystick_init
                0x00001df8       0x28 C:\Users\Wong Kok Woo\Downloads\EE2024Workspace\Lib_EaBaseBoard\Debug\libLib_EaBaseBoard.a(joystick.o)
                0x00001df8                joystick_init
 .text.led7seg_init
                0x00001e20       0x24 C:\Users\Wong Kok Woo\Downloads\EE2024Workspace\Lib_EaBaseBoard\Debug\libLib_EaBaseBoard.a(led7seg.o)
                0x00001e20                led7seg_init
 .text.led7seg_setChar
                0x00001e44       0x88 C:\Users\Wong Kok Woo\Downloads\EE2024Workspace\Lib_EaBaseBoard\Debug\libLib_EaBaseBoard.a(led7seg.o)
                0x00001e44                led7seg_setChar
 .text.I2CRead  0x00001ecc       0x5c C:\Users\Wong Kok Woo\Downloads\EE2024Workspace\Lib_EaBaseBoard\Debug\libLib_EaBaseBoard.a(light.o)
 .text.I2CWrite
                0x00001f28       0x5c C:\Users\Wong Kok Woo\Downloads\EE2024Workspace\Lib_EaBaseBoard\Debug\libLib_EaBaseBoard.a(light.o)
 .text.readCommandReg
                0x00001f84       0x3c C:\Users\Wong Kok Woo\Downloads\EE2024Workspace\Lib_EaBaseBoard\Debug\libLib_EaBaseBoard.a(light.o)
 .text.readControlReg
                0x00001fc0       0x3c C:\Users\Wong Kok Woo\Downloads\EE2024Workspace\Lib_EaBaseBoard\Debug\libLib_EaBaseBoard.a(light.o)
 .text.light_enable
                0x00001ffc       0x48 C:\Users\Wong Kok Woo\Downloads\EE2024Workspace\Lib_EaBaseBoard\Debug\libLib_EaBaseBoard.a(light.o)
                0x00001ffc                light_enable
 .text.light_read
                0x00002044       0x90 C:\Users\Wong Kok Woo\Downloads\EE2024Workspace\Lib_EaBaseBoard\Debug\libLib_EaBaseBoard.a(light.o)
                0x00002044                light_read
 .text.light_setWidth
                0x000020d4       0xa4 C:\Users\Wong Kok Woo\Downloads\EE2024Workspace\Lib_EaBaseBoard\Debug\libLib_EaBaseBoard.a(light.o)
                0x000020d4                light_setWidth
 .text.light_setRange
                0x00002178       0xac C:\Users\Wong Kok Woo\Downloads\EE2024Workspace\Lib_EaBaseBoard\Debug\libLib_EaBaseBoard.a(light.o)
                0x00002178                light_setRange
 .text.light_setHiThreshold
                0x00002224       0x58 C:\Users\Wong Kok Woo\Downloads\EE2024Workspace\Lib_EaBaseBoard\Debug\libLib_EaBaseBoard.a(light.o)
                0x00002224                light_setHiThreshold
 .text.light_setLoThreshold
                0x0000227c       0x58 C:\Users\Wong Kok Woo\Downloads\EE2024Workspace\Lib_EaBaseBoard\Debug\libLib_EaBaseBoard.a(light.o)
                0x0000227c                light_setLoThreshold
 .text.light_setIrqInCycles
                0x000022d4       0x48 C:\Users\Wong Kok Woo\Downloads\EE2024Workspace\Lib_EaBaseBoard\Debug\libLib_EaBaseBoard.a(light.o)
                0x000022d4                light_setIrqInCycles
 .text.light_clearIrqStatus
                0x0000231c       0x3c C:\Users\Wong Kok Woo\Downloads\EE2024Workspace\Lib_EaBaseBoard\Debug\libLib_EaBaseBoard.a(light.o)
                0x0000231c                light_clearIrqStatus
 .text.writeCommand
                0x00002358       0x60 C:\Users\Wong Kok Woo\Downloads\EE2024Workspace\Lib_EaBaseBoard\Debug\libLib_EaBaseBoard.a(oled.o)
 .text.writeData
                0x000023b8       0x60 C:\Users\Wong Kok Woo\Downloads\EE2024Workspace\Lib_EaBaseBoard\Debug\libLib_EaBaseBoard.a(oled.o)
 .text.writeDataLen
                0x00002418       0x8c C:\Users\Wong Kok Woo\Downloads\EE2024Workspace\Lib_EaBaseBoard\Debug\libLib_EaBaseBoard.a(oled.o)
 .text.runInitSequence
                0x000024a4      0x118 C:\Users\Wong Kok Woo\Downloads\EE2024Workspace\Lib_EaBaseBoard\Debug\libLib_EaBaseBoard.a(oled.o)
 .text.oled_init
                0x000025bc       0x9c C:\Users\Wong Kok Woo\Downloads\EE2024Workspace\Lib_EaBaseBoard\Debug\libLib_EaBaseBoard.a(oled.o)
                0x000025bc                oled_init
 .text.oled_putPixel
                0x00002658      0x188 C:\Users\Wong Kok Woo\Downloads\EE2024Workspace\Lib_EaBaseBoard\Debug\libLib_EaBaseBoard.a(oled.o)
                0x00002658                oled_putPixel
 .text.oled_circle
                0x000027e0      0x32c C:\Users\Wong Kok Woo\Downloads\EE2024Workspace\Lib_EaBaseBoard\Debug\libLib_EaBaseBoard.a(oled.o)
                0x000027e0                oled_circle
 .text.oled_clearScreen
                0x00002b0c       0x74 C:\Users\Wong Kok Woo\Downloads\EE2024Workspace\Lib_EaBaseBoard\Debug\libLib_EaBaseBoard.a(oled.o)
                0x00002b0c                oled_clearScreen
 .text.oled_putChar
                0x00002b80       0xf0 C:\Users\Wong Kok Woo\Downloads\EE2024Workspace\Lib_EaBaseBoard\Debug\libLib_EaBaseBoard.a(oled.o)
                0x00002b80                oled_putChar
 .text.oled_putString
                0x00002c70       0x54 C:\Users\Wong Kok Woo\Downloads\EE2024Workspace\Lib_EaBaseBoard\Debug\libLib_EaBaseBoard.a(oled.o)
                0x00002c70                oled_putString
 .text.I2CRead  0x00002cc4       0x5c C:\Users\Wong Kok Woo\Downloads\EE2024Workspace\Lib_EaBaseBoard\Debug\libLib_EaBaseBoard.a(pca9532.o)
 .text.I2CWrite
                0x00002d20       0x5c C:\Users\Wong Kok Woo\Downloads\EE2024Workspace\Lib_EaBaseBoard\Debug\libLib_EaBaseBoard.a(pca9532.o)
 .text.setLsStates
                0x00002d7c       0xc4 C:\Users\Wong Kok Woo\Downloads\EE2024Workspace\Lib_EaBaseBoard\Debug\libLib_EaBaseBoard.a(pca9532.o)
 .text.setLeds  0x00002e40       0xa0 C:\Users\Wong Kok Woo\Downloads\EE2024Workspace\Lib_EaBaseBoard\Debug\libLib_EaBaseBoard.a(pca9532.o)
 .text.pca9532_init
                0x00002ee0        0xc C:\Users\Wong Kok Woo\Downloads\EE2024Workspace\Lib_EaBaseBoard\Debug\libLib_EaBaseBoard.a(pca9532.o)
                0x00002ee0                pca9532_init
 .text.pca9532_getLedState
                0x00002eec       0xb8 C:\Users\Wong Kok Woo\Downloads\EE2024Workspace\Lib_EaBaseBoard\Debug\libLib_EaBaseBoard.a(pca9532.o)
                0x00002eec                pca9532_getLedState
 .text.pca9532_setLeds
                0x00002fa4       0xa0 C:\Users\Wong Kok Woo\Downloads\EE2024Workspace\Lib_EaBaseBoard\Debug\libLib_EaBaseBoard.a(pca9532.o)
                0x00002fa4                pca9532_setLeds
 .text.temp_init
                0x00003044       0x2c C:\Users\Wong Kok Woo\Downloads\EE2024Workspace\Lib_EaBaseBoard\Debug\libLib_EaBaseBoard.a(temp.o)
                0x00003044                temp_init
 .text.temp_read
                0x00003070      0x10c C:\Users\Wong Kok Woo\Downloads\EE2024Workspace\Lib_EaBaseBoard\Debug\libLib_EaBaseBoard.a(temp.o)
                0x00003070                temp_read
 .text.GPIO_GetPointer
                0x0000317c       0x7c C:\Users\Wong Kok Woo\Downloads\EE2024Workspace\Lib_MCU\Debug\libLib_MCU.a(lpc17xx_gpio.o)
 .text.GPIO_SetDir
                0x000031f8       0x54 C:\Users\Wong Kok Woo\Downloads\EE2024Workspace\Lib_MCU\Debug\libLib_MCU.a(lpc17xx_gpio.o)
                0x000031f8                GPIO_SetDir
 .text.GPIO_SetValue
                0x0000324c       0x2c C:\Users\Wong Kok Woo\Downloads\EE2024Workspace\Lib_MCU\Debug\libLib_MCU.a(lpc17xx_gpio.o)
                0x0000324c                GPIO_SetValue
 .text.GPIO_ClearValue
                0x00003278       0x2c C:\Users\Wong Kok Woo\Downloads\EE2024Workspace\Lib_MCU\Debug\libLib_MCU.a(lpc17xx_gpio.o)
                0x00003278                GPIO_ClearValue
 .text.GPIO_ReadValue
                0x000032a4       0x30 C:\Users\Wong Kok Woo\Downloads\EE2024Workspace\Lib_MCU\Debug\libLib_MCU.a(lpc17xx_gpio.o)
                0x000032a4                GPIO_ReadValue
 .text.NVIC_EnableIRQ
                0x000032d4       0x38 C:\Users\Wong Kok Woo\Downloads\EE2024Workspace\Lib_MCU\Debug\libLib_MCU.a(lpc17xx_i2c.o)
 .text.NVIC_DisableIRQ
                0x0000330c       0x3c C:\Users\Wong Kok Woo\Downloads\EE2024Workspace\Lib_MCU\Debug\libLib_MCU.a(lpc17xx_i2c.o)
 .text.I2C_getNum
                0x00003348       0x54 C:\Users\Wong Kok Woo\Downloads\EE2024Workspace\Lib_MCU\Debug\libLib_MCU.a(lpc17xx_i2c.o)
 .text.I2C_Start
                0x0000339c       0x44 C:\Users\Wong Kok Woo\Downloads\EE2024Workspace\Lib_MCU\Debug\libLib_MCU.a(lpc17xx_i2c.o)
 .text.I2C_Stop
                0x000033e0       0x38 C:\Users\Wong Kok Woo\Downloads\EE2024Workspace\Lib_MCU\Debug\libLib_MCU.a(lpc17xx_i2c.o)
 .text.I2C_SendByte
                0x00003418       0x50 C:\Users\Wong Kok Woo\Downloads\EE2024Workspace\Lib_MCU\Debug\libLib_MCU.a(lpc17xx_i2c.o)
 .text.I2C_GetByte
                0x00003468       0x5c C:\Users\Wong Kok Woo\Downloads\EE2024Workspace\Lib_MCU\Debug\libLib_MCU.a(lpc17xx_i2c.o)
 .text.I2C_IntCmd
                0x000034c4       0xa8 C:\Users\Wong Kok Woo\Downloads\EE2024Workspace\Lib_MCU\Debug\libLib_MCU.a(lpc17xx_i2c.o)
                0x000034c4                I2C_IntCmd
 .text.I2C_MasterHandler
                0x0000356c      0x408 C:\Users\Wong Kok Woo\Downloads\EE2024Workspace\Lib_MCU\Debug\libLib_MCU.a(lpc17xx_i2c.o)
                0x0000356c                I2C_MasterHandler
 .text.I2C_SetClock
                0x00003974       0xc8 C:\Users\Wong Kok Woo\Downloads\EE2024Workspace\Lib_MCU\Debug\libLib_MCU.a(lpc17xx_i2c.o)
                0x00003974                I2C_SetClock
 .text.I2C_Init
                0x00003a3c       0xd8 C:\Users\Wong Kok Woo\Downloads\EE2024Workspace\Lib_MCU\Debug\libLib_MCU.a(lpc17xx_i2c.o)
                0x00003a3c                I2C_Init
 .text.I2C_Cmd  0x00003b14       0x84 C:\Users\Wong Kok Woo\Downloads\EE2024Workspace\Lib_MCU\Debug\libLib_MCU.a(lpc17xx_i2c.o)
                0x00003b14                I2C_Cmd
 .text.I2C_MasterTransferData
                0x00003b98      0x390 C:\Users\Wong Kok Woo\Downloads\EE2024Workspace\Lib_MCU\Debug\libLib_MCU.a(lpc17xx_i2c.o)
                0x00003b98                I2C_MasterTransferData
 .text.PINSEL_SetPinFunc
                0x00003f28       0x9c C:\Users\Wong Kok Woo\Downloads\EE2024Workspace\Lib_MCU\Debug\libLib_MCU.a(lpc17xx_pinsel.o)
                0x00003f28                PINSEL_SetPinFunc
 .text.PINSEL_SetResistorMode
                0x00003fc4       0x9c C:\Users\Wong Kok Woo\Downloads\EE2024Workspace\Lib_MCU\Debug\libLib_MCU.a(lpc17xx_pinsel.o)
                0x00003fc4                PINSEL_SetResistorMode
 .text.PINSEL_SetOpenDrainMode
                0x00004060       0x7c C:\Users\Wong Kok Woo\Downloads\EE2024Workspace\Lib_MCU\Debug\libLib_MCU.a(lpc17xx_pinsel.o)
                0x00004060                PINSEL_SetOpenDrainMode
 .text.PINSEL_ConfigPin
                0x000040dc       0x54 C:\Users\Wong Kok Woo\Downloads\EE2024Workspace\Lib_MCU\Debug\libLib_MCU.a(lpc17xx_pinsel.o)
                0x000040dc                PINSEL_ConfigPin
 .text.SSP_getNum
                0x00004130       0x40 C:\Users\Wong Kok Woo\Downloads\EE2024Workspace\Lib_MCU\Debug\libLib_MCU.a(lpc17xx_ssp.o)
 .text.SSP_IntHandler
                0x00004170      0x338 C:\Users\Wong Kok Woo\Downloads\EE2024Workspace\Lib_MCU\Debug\libLib_MCU.a(lpc17xx_ssp.o)
                0x00004170                SSP_IntHandler
 .text.SSP_SetClock
                0x000044a8       0xf8 C:\Users\Wong Kok Woo\Downloads\EE2024Workspace\Lib_MCU\Debug\libLib_MCU.a(lpc17xx_ssp.o)
                0x000044a8                SSP_SetClock
 .text.SSP_Init
                0x000045a0      0x10c C:\Users\Wong Kok Woo\Downloads\EE2024Workspace\Lib_MCU\Debug\libLib_MCU.a(lpc17xx_ssp.o)
                0x000045a0                SSP_Init
 .text.SSP_ConfigStructInit
                0x000046ac       0x48 C:\Users\Wong Kok Woo\Downloads\EE2024Workspace\Lib_MCU\Debug\libLib_MCU.a(lpc17xx_ssp.o)
                0x000046ac                SSP_ConfigStructInit
 .text.SSP_Cmd  0x000046f4       0x7c C:\Users\Wong Kok Woo\Downloads\EE2024Workspace\Lib_MCU\Debug\libLib_MCU.a(lpc17xx_ssp.o)
                0x000046f4                SSP_Cmd
 .text.SSP_SendData
                0x00004770       0x48 C:\Users\Wong Kok Woo\Downloads\EE2024Workspace\Lib_MCU\Debug\libLib_MCU.a(lpc17xx_ssp.o)
                0x00004770                SSP_SendData
 .text.SSP_ReceiveData
                0x000047b8       0x44 C:\Users\Wong Kok Woo\Downloads\EE2024Workspace\Lib_MCU\Debug\libLib_MCU.a(lpc17xx_ssp.o)
                0x000047b8                SSP_ReceiveData
 .text.SSP_ReadWrite
                0x000047fc      0x440 C:\Users\Wong Kok Woo\Downloads\EE2024Workspace\Lib_MCU\Debug\libLib_MCU.a(lpc17xx_ssp.o)
                0x000047fc                SSP_ReadWrite
 .text.uart_set_divisors
                0x00004c3c      0x26c C:\Users\Wong Kok Woo\Downloads\EE2024Workspace\Lib_MCU\Debug\libLib_MCU.a(lpc17xx_uart.o)
                0x00004c3c                uart_set_divisors
 .text.UART_Init
                0x00004ea8      0x368 C:\Users\Wong Kok Woo\Downloads\EE2024Workspace\Lib_MCU\Debug\libLib_MCU.a(lpc17xx_uart.o)
                0x00004ea8                UART_Init
 .text.UART_SendData
                0x00005210       0x78 C:\Users\Wong Kok Woo\Downloads\EE2024Workspace\Lib_MCU\Debug\libLib_MCU.a(lpc17xx_uart.o)
                0x00005210                UART_SendData
 .text.UART_TxCmd
                0x00005288       0xe8 C:\Users\Wong Kok Woo\Downloads\EE2024Workspace\Lib_MCU\Debug\libLib_MCU.a(lpc17xx_uart.o)
                0x00005288                UART_TxCmd
 .text.UART_Send
                0x00005370      0x10c C:\Users\Wong Kok Woo\Downloads\EE2024Workspace\Lib_MCU\Debug\libLib_MCU.a(lpc17xx_uart.o)
                0x00005370                UART_Send
 .text.CLKPWR_SetPCLKDiv
                0x0000547c       0xcc C:\Users\Wong Kok Woo\Downloads\EE2024Workspace\Lib_MCU\Debug\libLib_MCU.a(lpc17xx_clkpwr.o)
                0x0000547c                CLKPWR_SetPCLKDiv
 .text.CLKPWR_GetPCLKSEL
                0x00005548       0x54 C:\Users\Wong Kok Woo\Downloads\EE2024Workspace\Lib_MCU\Debug\libLib_MCU.a(lpc17xx_clkpwr.o)
                0x00005548                CLKPWR_GetPCLKSEL
 .text.CLKPWR_GetPCLK
                0x0000559c       0x74 C:\Users\Wong Kok Woo\Downloads\EE2024Workspace\Lib_MCU\Debug\libLib_MCU.a(lpc17xx_clkpwr.o)
                0x0000559c                CLKPWR_GetPCLK
 .text.CLKPWR_ConfigPPWR
                0x00005610       0x78 C:\Users\Wong Kok Woo\Downloads\EE2024Workspace\Lib_MCU\Debug\libLib_MCU.a(lpc17xx_clkpwr.o)
                0x00005610                CLKPWR_ConfigPPWR
 .text          0x00005688      0x370 c:/nxp/lpcxpresso_6.1.4_194/lpcxpresso/tools/bin/../lib/gcc/arm-none-eabi/4.6.2/armv7-m\libgcc.a(_arm_addsubdf3.o)
                0x00005688                __aeabi_drsub
                0x00005690                __aeabi_dsub
                0x00005690                __subdf3
                0x00005694                __aeabi_dadd
                0x00005694                __adddf3
                0x0000590c                __floatunsidf
                0x0000590c                __aeabi_ui2d
                0x0000592c                __floatsidf
                0x0000592c                __aeabi_i2d
                0x00005950                __aeabi_f2d
                0x00005950                __extendsfdf2
                0x0000598c                __floatundidf
                0x0000598c                __aeabi_ul2d
                0x0000599c                __floatdidf
                0x0000599c                __aeabi_l2d
 .text          0x000059f8      0x424 c:/nxp/lpcxpresso_6.1.4_194/lpcxpresso/tools/bin/../lib/gcc/arm-none-eabi/4.6.2/armv7-m\libgcc.a(_arm_muldivdf3.o)
                0x000059f8                __aeabi_dmul
                0x000059f8                __muldf3
                0x00005c4c                __divdf3
                0x00005c4c                __aeabi_ddiv
 .text          0x00005e1c      0x21c c:/nxp/lpcxpresso_6.1.4_194/lpcxpresso/tools/bin/../lib/gcc/arm-none-eabi/4.6.2/armv7-m\libgcc.a(_arm_addsubsf3.o)
                0x00005e1c                __aeabi_frsub
                0x00005e24                __subsf3
                0x00005e24                __aeabi_fsub
                0x00005e28                __aeabi_fadd
                0x00005e28                __addsf3
                0x00005f88                __aeabi_ui2f
                0x00005f88                __floatunsisf
                0x00005f90                __aeabi_i2f
                0x00005f90                __floatsisf
                0x00005fac                __aeabi_ul2f
                0x00005fac                __floatundisf
                0x00005fbc                __aeabi_l2f
                0x00005fbc                __floatdisf
 .text          0x00006038       0x2c c:/nxp/lpcxpresso_6.1.4_194/lpcxpresso/tools/bin/../lib/gcc/arm-none-eabi/4.6.2/armv7-m\libgcc.a(_aeabi_uldivmod.o)
                0x00006038                __aeabi_uldivmod
 .text          0x00006064       0x5c c:/nxp/lpcxpresso_6.1.4_194/lpcxpresso/tools/bin/../lib/gcc/arm-none-eabi/4.6.2/armv7-m\libgcc.a(bpabi.o)
                0x00006064                __gnu_ldivmod_helper
                0x00006094                __gnu_uldivmod_helper
 .text          0x000060c0        0x4 c:/nxp/lpcxpresso_6.1.4_194/lpcxpresso/tools/bin/../lib/gcc/arm-none-eabi/4.6.2/armv7-m\libgcc.a(_dvmd_tls.o)
                0x000060c0                __aeabi_idiv0
                0x000060c0                __aeabi_ldiv0
 .text          0x000060c4      0x2c8 c:/nxp/lpcxpresso_6.1.4_194/lpcxpresso/tools/bin/../lib/gcc/arm-none-eabi/4.6.2/armv7-m\libgcc.a(_divdi3.o)
                0x000060c4                __divdi3
 .text          0x0000638c      0x298 c:/nxp/lpcxpresso_6.1.4_194/lpcxpresso/tools/bin/../lib/gcc/arm-none-eabi/4.6.2/armv7-m\libgcc.a(_udivdi3.o)
                0x0000638c                __udivdi3
 .text.memset   0x00006624       0x90 c:/nxp/lpcxpresso_6.1.4_194/lpcxpresso/tools/bin/../lib/gcc/arm-none-eabi/4.6.2/../../../../arm-none-eabi/lib/armv7-m\libc.a(lib_a-memset.o)
                0x00006624                memset
 .text.printf   0x000066b4       0x2c c:/nxp/lpcxpresso_6.1.4_194/lpcxpresso/tools/bin/../lib/gcc/arm-none-eabi/4.6.2/../../../../arm-none-eabi/lib/armv7-m\libc.a(lib_a-printf.o)
                0x000066b4                printf
 .text.sprintf  0x000066e0       0x50 c:/nxp/lpcxpresso_6.1.4_194/lpcxpresso/tools/bin/../lib/gcc/arm-none-eabi/4.6.2/../../../../arm-none-eabi/lib/armv7-m\libc.a(lib_a-sprintf.o)
                0x000066e0                sprintf
 .text.strlen   0x00006730       0x60 c:/nxp/lpcxpresso_6.1.4_194/lpcxpresso/tools/bin/../lib/gcc/arm-none-eabi/4.6.2/../../../../arm-none-eabi/lib/armv7-m\libc.a(lib_a-strlen.o)
                0x00006730                strlen
 .text._svfprintf_r
                0x00006790     0x1408 c:/nxp/lpcxpresso_6.1.4_194/lpcxpresso/tools/bin/../lib/gcc/arm-none-eabi/4.6.2/../../../../arm-none-eabi/lib/armv7-m\libc.a(lib_a-svfprintf.o)
                0x00006790                _svfprintf_r
 .text._vfprintf_r
                0x00007b98     0x171c c:/nxp/lpcxpresso_6.1.4_194/lpcxpresso/tools/bin/../lib/gcc/arm-none-eabi/4.6.2/../../../../arm-none-eabi/lib/armv7-m\libc.a(lib_a-vfprintf.o)
                0x00007b98                _vfprintf_r
 .text.__swsetup_r
                0x000092b4       0xb8 c:/nxp/lpcxpresso_6.1.4_194/lpcxpresso/tools/bin/../lib/gcc/arm-none-eabi/4.6.2/../../../../arm-none-eabi/lib/armv7-m\libc.a(lib_a-wsetup.o)
                0x000092b4                __swsetup_r
 .text.quorem   0x0000936c      0x150 c:/nxp/lpcxpresso_6.1.4_194/lpcxpresso/tools/bin/../lib/gcc/arm-none-eabi/4.6.2/../../../../arm-none-eabi/lib/armv7-m\libc.a(lib_a-dtoa.o)
 *fill*         0x000094bc        0x4 00
 .text._dtoa_r  0x000094c0      0xe60 c:/nxp/lpcxpresso_6.1.4_194/lpcxpresso/tools/bin/../lib/gcc/arm-none-eabi/4.6.2/../../../../arm-none-eabi/lib/armv7-m\libc.a(lib_a-dtoa.o)
                0x000094c0                _dtoa_r
 .text._fflush_r
                0x0000a320      0x16c c:/nxp/lpcxpresso_6.1.4_194/lpcxpresso/tools/bin/../lib/gcc/arm-none-eabi/4.6.2/../../../../arm-none-eabi/lib/armv7-m\libc.a(lib_a-fflush.o)
                0x0000a320                _fflush_r
 .text._cleanup_r
                0x0000a48c        0xc c:/nxp/lpcxpresso_6.1.4_194/lpcxpresso/tools/bin/../lib/gcc/arm-none-eabi/4.6.2/../../../../arm-none-eabi/lib/armv7-m\libc.a(lib_a-findfp.o)
                0x0000a48c                _cleanup_r
 .text.std.isra.0
                0x0000a498       0x50 c:/nxp/lpcxpresso_6.1.4_194/lpcxpresso/tools/bin/../lib/gcc/arm-none-eabi/4.6.2/../../../../arm-none-eabi/lib/armv7-m\libc.a(lib_a-findfp.o)
 .text.__sinit  0x0000a4e8       0x4c c:/nxp/lpcxpresso_6.1.4_194/lpcxpresso/tools/bin/../lib/gcc/arm-none-eabi/4.6.2/../../../../arm-none-eabi/lib/armv7-m\libc.a(lib_a-findfp.o)
                0x0000a4e8                __sinit
 .text.__sfp_lock_acquire
                0x0000a534        0x4 c:/nxp/lpcxpresso_6.1.4_194/lpcxpresso/tools/bin/../lib/gcc/arm-none-eabi/4.6.2/../../../../arm-none-eabi/lib/armv7-m\libc.a(lib_a-findfp.o)
                0x0000a534                __sfp_lock_acquire
 .text.__sfp_lock_release
                0x0000a538        0x4 c:/nxp/lpcxpresso_6.1.4_194/lpcxpresso/tools/bin/../lib/gcc/arm-none-eabi/4.6.2/../../../../arm-none-eabi/lib/armv7-m\libc.a(lib_a-findfp.o)
                0x0000a538                __sfp_lock_release
 .text._malloc_trim_r
                0x0000a53c       0xa0 c:/nxp/lpcxpresso_6.1.4_194/lpcxpresso/tools/bin/../lib/gcc/arm-none-eabi/4.6.2/../../../../arm-none-eabi/lib/armv7-m\libc.a(lib_a-freer.o)
                0x0000a53c                _malloc_trim_r
 .text._free_r  0x0000a5dc      0x190 c:/nxp/lpcxpresso_6.1.4_194/lpcxpresso/tools/bin/../lib/gcc/arm-none-eabi/4.6.2/../../../../arm-none-eabi/lib/armv7-m\libc.a(lib_a-freer.o)
                0x0000a5dc                _free_r
 .text._fwalk   0x0000a76c       0x54 c:/nxp/lpcxpresso_6.1.4_194/lpcxpresso/tools/bin/../lib/gcc/arm-none-eabi/4.6.2/../../../../arm-none-eabi/lib/armv7-m\libc.a(lib_a-fwalk.o)
                0x0000a76c                _fwalk
 .text.__locale_charset
                0x0000a7c0        0xc c:/nxp/lpcxpresso_6.1.4_194/lpcxpresso/tools/bin/../lib/gcc/arm-none-eabi/4.6.2/../../../../arm-none-eabi/lib/armv7-m\libc.a(lib_a-locale.o)
                0x0000a7c0                __locale_charset
 .text.__locale_mb_cur_max
                0x0000a7cc        0xc c:/nxp/lpcxpresso_6.1.4_194/lpcxpresso/tools/bin/../lib/gcc/arm-none-eabi/4.6.2/../../../../arm-none-eabi/lib/armv7-m\libc.a(lib_a-locale.o)
                0x0000a7cc                __locale_mb_cur_max
 .text._localeconv_r
                0x0000a7d8        0xc c:/nxp/lpcxpresso_6.1.4_194/lpcxpresso/tools/bin/../lib/gcc/arm-none-eabi/4.6.2/../../../../arm-none-eabi/lib/armv7-m\libc.a(lib_a-locale.o)
                0x0000a7d8                _localeconv_r
 .text.__smakebuf_r
                0x0000a7e4       0xe0 c:/nxp/lpcxpresso_6.1.4_194/lpcxpresso/tools/bin/../lib/gcc/arm-none-eabi/4.6.2/../../../../arm-none-eabi/lib/armv7-m\libc.a(lib_a-makebuf.o)
                0x0000a7e4                __smakebuf_r
 .text._malloc_r
                0x0000a8c4      0x528 c:/nxp/lpcxpresso_6.1.4_194/lpcxpresso/tools/bin/../lib/gcc/arm-none-eabi/4.6.2/../../../../arm-none-eabi/lib/armv7-m\libc.a(lib_a-mallocr.o)
                0x0000a8c4                _malloc_r
 .text.memchr   0x0000adec       0x84 c:/nxp/lpcxpresso_6.1.4_194/lpcxpresso/tools/bin/../lib/gcc/arm-none-eabi/4.6.2/../../../../arm-none-eabi/lib/armv7-m\libc.a(lib_a-memchr.o)
                0x0000adec                memchr
 .text.memcpy   0x0000ae70       0x84 c:/nxp/lpcxpresso_6.1.4_194/lpcxpresso/tools/bin/../lib/gcc/arm-none-eabi/4.6.2/../../../../arm-none-eabi/lib/armv7-m\libc.a(lib_a-memcpy.o)
                0x0000ae70                memcpy
 .text.__malloc_lock
                0x0000aef4        0x4 c:/nxp/lpcxpresso_6.1.4_194/lpcxpresso/tools/bin/../lib/gcc/arm-none-eabi/4.6.2/../../../../arm-none-eabi/lib/armv7-m\libc.a(lib_a-mlock.o)
                0x0000aef4                __malloc_lock
 .text.__malloc_unlock
                0x0000aef8        0x4 c:/nxp/lpcxpresso_6.1.4_194/lpcxpresso/tools/bin/../lib/gcc/arm-none-eabi/4.6.2/../../../../arm-none-eabi/lib/armv7-m\libc.a(lib_a-mlock.o)
                0x0000aef8                __malloc_unlock
 .text._Balloc  0x0000aefc       0x4c c:/nxp/lpcxpresso_6.1.4_194/lpcxpresso/tools/bin/../lib/gcc/arm-none-eabi/4.6.2/../../../../arm-none-eabi/lib/armv7-m\libc.a(lib_a-mprec.o)
                0x0000aefc                _Balloc
 .text._Bfree   0x0000af48       0x14 c:/nxp/lpcxpresso_6.1.4_194/lpcxpresso/tools/bin/../lib/gcc/arm-none-eabi/4.6.2/../../../../arm-none-eabi/lib/armv7-m\libc.a(lib_a-mprec.o)
                0x0000af48                _Bfree
 .text.__multadd
                0x0000af5c       0x84 c:/nxp/lpcxpresso_6.1.4_194/lpcxpresso/tools/bin/../lib/gcc/arm-none-eabi/4.6.2/../../../../arm-none-eabi/lib/armv7-m\libc.a(lib_a-mprec.o)
                0x0000af5c                __multadd
 .text.__hi0bits
                0x0000afe0       0x3c c:/nxp/lpcxpresso_6.1.4_194/lpcxpresso/tools/bin/../lib/gcc/arm-none-eabi/4.6.2/../../../../arm-none-eabi/lib/armv7-m\libc.a(lib_a-mprec.o)
                0x0000afe0                __hi0bits
 .text.__lo0bits
                0x0000b01c       0x5c c:/nxp/lpcxpresso_6.1.4_194/lpcxpresso/tools/bin/../lib/gcc/arm-none-eabi/4.6.2/../../../../arm-none-eabi/lib/armv7-m\libc.a(lib_a-mprec.o)
                0x0000b01c                __lo0bits
 .text.__i2b    0x0000b078       0x14 c:/nxp/lpcxpresso_6.1.4_194/lpcxpresso/tools/bin/../lib/gcc/arm-none-eabi/4.6.2/../../../../arm-none-eabi/lib/armv7-m\libc.a(lib_a-mprec.o)
                0x0000b078                __i2b
 .text.__multiply
                0x0000b08c      0x144 c:/nxp/lpcxpresso_6.1.4_194/lpcxpresso/tools/bin/../lib/gcc/arm-none-eabi/4.6.2/../../../../arm-none-eabi/lib/armv7-m\libc.a(lib_a-mprec.o)
                0x0000b08c                __multiply
 .text.__pow5mult
                0x0000b1d0       0x98 c:/nxp/lpcxpresso_6.1.4_194/lpcxpresso/tools/bin/../lib/gcc/arm-none-eabi/4.6.2/../../../../arm-none-eabi/lib/armv7-m\libc.a(lib_a-mprec.o)
                0x0000b1d0                __pow5mult
 .text.__lshift
                0x0000b268       0xc0 c:/nxp/lpcxpresso_6.1.4_194/lpcxpresso/tools/bin/../lib/gcc/arm-none-eabi/4.6.2/../../../../arm-none-eabi/lib/armv7-m\libc.a(lib_a-mprec.o)
                0x0000b268                __lshift
 .text.__mcmp   0x0000b328       0x3c c:/nxp/lpcxpresso_6.1.4_194/lpcxpresso/tools/bin/../lib/gcc/arm-none-eabi/4.6.2/../../../../arm-none-eabi/lib/armv7-m\libc.a(lib_a-mprec.o)
                0x0000b328                __mcmp
 .text.__mdiff  0x0000b364       0xd8 c:/nxp/lpcxpresso_6.1.4_194/lpcxpresso/tools/bin/../lib/gcc/arm-none-eabi/4.6.2/../../../../arm-none-eabi/lib/armv7-m\libc.a(lib_a-mprec.o)
                0x0000b364                __mdiff
 .text.__d2b    0x0000b43c       0xcc c:/nxp/lpcxpresso_6.1.4_194/lpcxpresso/tools/bin/../lib/gcc/arm-none-eabi/4.6.2/../../../../arm-none-eabi/lib/armv7-m\libc.a(lib_a-mprec.o)
                0x0000b43c                __d2b
 .text.__fpclassifyd
                0x0000b508       0x68 c:/nxp/lpcxpresso_6.1.4_194/lpcxpresso/tools/bin/../lib/gcc/arm-none-eabi/4.6.2/../../../../arm-none-eabi/lib/armv7-m\libc.a(lib_a-s_fpclassify.o)
                0x0000b508                __fpclassifyd
 .text._sbrk_r  0x0000b570       0x24 c:/nxp/lpcxpresso_6.1.4_194/lpcxpresso/tools/bin/../lib/gcc/arm-none-eabi/4.6.2/../../../../arm-none-eabi/lib/armv7-m\libc.a(lib_a-sbrkr.o)
                0x0000b570                _sbrk_r
 .text.__sread  0x0000b594       0x24 c:/nxp/lpcxpresso_6.1.4_194/lpcxpresso/tools/bin/../lib/gcc/arm-none-eabi/4.6.2/../../../../arm-none-eabi/lib/armv7-m\libc.a(lib_a-stdio.o)
                0x0000b594                __sread
 .text.__swrite
                0x0000b5b8       0x40 c:/nxp/lpcxpresso_6.1.4_194/lpcxpresso/tools/bin/../lib/gcc/arm-none-eabi/4.6.2/../../../../arm-none-eabi/lib/armv7-m\libc.a(lib_a-stdio.o)
                0x0000b5b8                __swrite
 .text.__sseek  0x0000b5f8       0x24 c:/nxp/lpcxpresso_6.1.4_194/lpcxpresso/tools/bin/../lib/gcc/arm-none-eabi/4.6.2/../../../../arm-none-eabi/lib/armv7-m\libc.a(lib_a-stdio.o)
                0x0000b5f8                __sseek
 .text.__sclose
                0x0000b61c        0x8 c:/nxp/lpcxpresso_6.1.4_194/lpcxpresso/tools/bin/../lib/gcc/arm-none-eabi/4.6.2/../../../../arm-none-eabi/lib/armv7-m\libc.a(lib_a-stdio.o)
                0x0000b61c                __sclose
 .text.__ssprint_r
                0x0000b624       0xf8 c:/nxp/lpcxpresso_6.1.4_194/lpcxpresso/tools/bin/../lib/gcc/arm-none-eabi/4.6.2/../../../../arm-none-eabi/lib/armv7-m\libc.a(lib_a-svfiprintf.o)
                0x0000b624                __ssprint_r
 .text.__sprint_r
                0x0000b71c       0x80 c:/nxp/lpcxpresso_6.1.4_194/lpcxpresso/tools/bin/../lib/gcc/arm-none-eabi/4.6.2/../../../../arm-none-eabi/lib/armv7-m\libc.a(lib_a-vfiprintf.o)
                0x0000b71c                __sprint_r
 .text._write_r
                0x0000b79c       0x28 c:/nxp/lpcxpresso_6.1.4_194/lpcxpresso/tools/bin/../lib/gcc/arm-none-eabi/4.6.2/../../../../arm-none-eabi/lib/armv7-m\libc.a(lib_a-writer.o)
                0x0000b79c                _write_r
 .text._calloc_r
                0x0000b7c4       0x60 c:/nxp/lpcxpresso_6.1.4_194/lpcxpresso/tools/bin/../lib/gcc/arm-none-eabi/4.6.2/../../../../arm-none-eabi/lib/armv7-m\libc.a(lib_a-callocr.o)
                0x0000b7c4                _calloc_r
 .text._close_r
                0x0000b824       0x24 c:/nxp/lpcxpresso_6.1.4_194/lpcxpresso/tools/bin/../lib/gcc/arm-none-eabi/4.6.2/../../../../arm-none-eabi/lib/armv7-m\libc.a(lib_a-closer.o)
                0x0000b824                _close_r
 .text._fclose_r
                0x0000b848       0x90 c:/nxp/lpcxpresso_6.1.4_194/lpcxpresso/tools/bin/../lib/gcc/arm-none-eabi/4.6.2/../../../../arm-none-eabi/lib/armv7-m\libc.a(lib_a-fclose.o)
                0x0000b848                _fclose_r
 .text.fclose   0x0000b8d8       0x14 c:/nxp/lpcxpresso_6.1.4_194/lpcxpresso/tools/bin/../lib/gcc/arm-none-eabi/4.6.2/../../../../arm-none-eabi/lib/armv7-m\libc.a(lib_a-fclose.o)
                0x0000b8d8                fclose
 .text._fputwc_r
                0x0000b8ec       0xd0 c:/nxp/lpcxpresso_6.1.4_194/lpcxpresso/tools/bin/../lib/gcc/arm-none-eabi/4.6.2/../../../../arm-none-eabi/lib/armv7-m\libc.a(lib_a-fputwc.o)
                0x0000b8ec                _fputwc_r
 .text._fstat_r
                0x0000b9bc       0x28 c:/nxp/lpcxpresso_6.1.4_194/lpcxpresso/tools/bin/../lib/gcc/arm-none-eabi/4.6.2/../../../../arm-none-eabi/lib/armv7-m\libc.a(lib_a-fstatr.o)
                0x0000b9bc                _fstat_r
 .text.__sfvwrite_r
                0x0000b9e4      0x2e8 c:/nxp/lpcxpresso_6.1.4_194/lpcxpresso/tools/bin/../lib/gcc/arm-none-eabi/4.6.2/../../../../arm-none-eabi/lib/armv7-m\libc.a(lib_a-fvwrite.o)
                0x0000b9e4                __sfvwrite_r
 .text._isatty_r
                0x0000bccc       0x24 c:/nxp/lpcxpresso_6.1.4_194/lpcxpresso/tools/bin/../lib/gcc/arm-none-eabi/4.6.2/../../../../arm-none-eabi/lib/armv7-m\libc.a(lib_a-isattyr.o)
                0x0000bccc                _isatty_r
 .text._lseek_r
                0x0000bcf0       0x28 c:/nxp/lpcxpresso_6.1.4_194/lpcxpresso/tools/bin/../lib/gcc/arm-none-eabi/4.6.2/../../../../arm-none-eabi/lib/armv7-m\libc.a(lib_a-lseekr.o)
                0x0000bcf0                _lseek_r
 .text.memmove  0x0000bd18       0xb0 c:/nxp/lpcxpresso_6.1.4_194/lpcxpresso/tools/bin/../lib/gcc/arm-none-eabi/4.6.2/../../../../arm-none-eabi/lib/armv7-m\libc.a(lib_a-memmove.o)
                0x0000bd18                memmove
 .text._read_r  0x0000bdc8       0x28 c:/nxp/lpcxpresso_6.1.4_194/lpcxpresso/tools/bin/../lib/gcc/arm-none-eabi/4.6.2/../../../../arm-none-eabi/lib/armv7-m\libc.a(lib_a-readr.o)
                0x0000bdc8                _read_r
 .text._realloc_r
                0x0000bdf0      0x3f4 c:/nxp/lpcxpresso_6.1.4_194/lpcxpresso/tools/bin/../lib/gcc/arm-none-eabi/4.6.2/../../../../arm-none-eabi/lib/armv7-m\libc.a(lib_a-reallocr.o)
                0x0000bdf0                _realloc_r
 .text.__swbuf_r
                0x0000c1e4       0xc0 c:/nxp/lpcxpresso_6.1.4_194/lpcxpresso/tools/bin/../lib/gcc/arm-none-eabi/4.6.2/../../../../arm-none-eabi/lib/armv7-m\libc.a(lib_a-wbuf.o)
                0x0000c1e4                __swbuf_r
 .text._wcrtomb_r
                0x0000c2a4       0x4c c:/nxp/lpcxpresso_6.1.4_194/lpcxpresso/tools/bin/../lib/gcc/arm-none-eabi/4.6.2/../../../../arm-none-eabi/lib/armv7-m\libc.a(lib_a-wcrtomb.o)
                0x0000c2a4                _wcrtomb_r
 .text.__ascii_wctomb
                0x0000c2f0       0x1c c:/nxp/lpcxpresso_6.1.4_194/lpcxpresso/tools/bin/../lib/gcc/arm-none-eabi/4.6.2/../../../../arm-none-eabi/lib/armv7-m\libc.a(lib_a-wctomb_r.o)
                0x0000c2f0                __ascii_wctomb
 .text._sbrk    0x0000c30c       0x3c c:/nxp/lpcxpresso_6.1.4_194/lpcxpresso/tools/bin/../lib/gcc/arm-none-eabi/4.6.2/../../../../arm-none-eabi/lib/armv7-m\libcr_newlib_semihost.a(_cr_sbrk.o)
                0x0000c30c                _sbrk
 .text.do_AngelSWI
                0x0000c348       0x12 c:/nxp/lpcxpresso_6.1.4_194/lpcxpresso/tools/bin/../lib/gcc/arm-none-eabi/4.6.2/../../../../arm-none-eabi/lib/armv7-m\libcr_newlib_semihost.a(syscalls.o)
 *fill*         0x0000c35a        0x2 00
 .text.initialise_monitor_handles
                0x0000c35c       0x9c c:/nxp/lpcxpresso_6.1.4_194/lpcxpresso/tools/bin/../lib/gcc/arm-none-eabi/4.6.2/../../../../arm-none-eabi/lib/armv7-m\libcr_newlib_semihost.a(syscalls.o)
 .text.findslot
                0x0000c3f8       0x2c c:/nxp/lpcxpresso_6.1.4_194/lpcxpresso/tools/bin/../lib/gcc/arm-none-eabi/4.6.2/../../../../arm-none-eabi/lib/armv7-m\libcr_newlib_semihost.a(syscalls.o)
 .text.error    0x0000c424       0x18 c:/nxp/lpcxpresso_6.1.4_194/lpcxpresso/tools/bin/../lib/gcc/arm-none-eabi/4.6.2/../../../../arm-none-eabi/lib/armv7-m\libcr_newlib_semihost.a(syscalls.o)
 .text.checkerror
                0x0000c43c        0xc c:/nxp/lpcxpresso_6.1.4_194/lpcxpresso/tools/bin/../lib/gcc/arm-none-eabi/4.6.2/../../../../arm-none-eabi/lib/armv7-m\libcr_newlib_semihost.a(syscalls.o)
 .text._swiread
                0x0000c448       0x18 c:/nxp/lpcxpresso_6.1.4_194/lpcxpresso/tools/bin/../lib/gcc/arm-none-eabi/4.6.2/../../../../arm-none-eabi/lib/armv7-m\libcr_newlib_semihost.a(syscalls.o)
                0x0000c448                _swiread
 .text._read    0x0000c460       0x36 c:/nxp/lpcxpresso_6.1.4_194/lpcxpresso/tools/bin/../lib/gcc/arm-none-eabi/4.6.2/../../../../arm-none-eabi/lib/armv7-m\libcr_newlib_semihost.a(syscalls.o)
                0x0000c460                _read
 .text._swilseek
                0x0000c496       0x76 c:/nxp/lpcxpresso_6.1.4_194/lpcxpresso/tools/bin/../lib/gcc/arm-none-eabi/4.6.2/../../../../arm-none-eabi/lib/armv7-m\libcr_newlib_semihost.a(syscalls.o)
                0x0000c496                _swilseek
 .text._lseek   0x0000c50c        0x4 c:/nxp/lpcxpresso_6.1.4_194/lpcxpresso/tools/bin/../lib/gcc/arm-none-eabi/4.6.2/../../../../arm-none-eabi/lib/armv7-m\libcr_newlib_semihost.a(syscalls.o)
                0x0000c50c                _lseek
 .text._swiwrite
                0x0000c510       0x18 c:/nxp/lpcxpresso_6.1.4_194/lpcxpresso/tools/bin/../lib/gcc/arm-none-eabi/4.6.2/../../../../arm-none-eabi/lib/armv7-m\libcr_newlib_semihost.a(syscalls.o)
                0x0000c510                _swiwrite
 .text._write   0x0000c528       0x46 c:/nxp/lpcxpresso_6.1.4_194/lpcxpresso/tools/bin/../lib/gcc/arm-none-eabi/4.6.2/../../../../arm-none-eabi/lib/armv7-m\libcr_newlib_semihost.a(syscalls.o)
                0x0000c528                _write
 .text._swiclose
                0x0000c56e       0x14 c:/nxp/lpcxpresso_6.1.4_194/lpcxpresso/tools/bin/../lib/gcc/arm-none-eabi/4.6.2/../../../../arm-none-eabi/lib/armv7-m\libcr_newlib_semihost.a(syscalls.o)
                0x0000c56e                _swiclose
 *fill*         0x0000c582        0x2 00
 .text._close   0x0000c584       0x48 c:/nxp/lpcxpresso_6.1.4_194/lpcxpresso/tools/bin/../lib/gcc/arm-none-eabi/4.6.2/../../../../arm-none-eabi/lib/armv7-m\libcr_newlib_semihost.a(syscalls.o)
                0x0000c584                _close
 .text._swistat
                0x0000c5cc       0x3e c:/nxp/lpcxpresso_6.1.4_194/lpcxpresso/tools/bin/../lib/gcc/arm-none-eabi/4.6.2/../../../../arm-none-eabi/lib/armv7-m\libcr_newlib_semihost.a(syscalls.o)
                0x0000c5cc                _swistat
 .text._fstat   0x0000c60a       0x1c c:/nxp/lpcxpresso_6.1.4_194/lpcxpresso/tools/bin/../lib/gcc/arm-none-eabi/4.6.2/../../../../arm-none-eabi/lib/armv7-m\libcr_newlib_semihost.a(syscalls.o)
                0x0000c60a                _fstat
 .text._isatty  0x0000c626       0x26 c:/nxp/lpcxpresso_6.1.4_194/lpcxpresso/tools/bin/../lib/gcc/arm-none-eabi/4.6.2/../../../../arm-none-eabi/lib/armv7-m\libcr_newlib_semihost.a(syscalls.o)
                0x0000c626                _isatty
 .text.__check_heap_overflow
                0x0000c64c       0x2c c:/nxp/lpcxpresso_6.1.4_194/lpcxpresso/tools/bin/../lib/gcc/arm-none-eabi/4.6.2/../../../../arm-none-eabi/lib/armv7-m\libcr_newlib_semihost.a(_cr_check_heap.o)
                0x0000c64c                __check_heap_overflow
 .text          0x0000c678      0x110 c:/nxp/lpcxpresso_6.1.4_194/lpcxpresso/tools/bin/../lib/gcc/arm-none-eabi/4.6.2/armv7-m\libgcc.a(_arm_cmpdf2.o)
                0x0000c678                __gtdf2
                0x0000c678                __gedf2
                0x0000c680                __ltdf2
                0x0000c680                __ledf2
                0x0000c688                __nedf2
                0x0000c688                __eqdf2
                0x0000c688                __cmpdf2
                0x0000c704                __aeabi_cdrcmple
                0x0000c714                __aeabi_cdcmpeq
                0x0000c714                __aeabi_cdcmple
                0x0000c724                __aeabi_dcmpeq
                0x0000c738                __aeabi_dcmplt
                0x0000c74c                __aeabi_dcmple
                0x0000c760                __aeabi_dcmpge
                0x0000c774                __aeabi_dcmpgt
 .text          0x0000c788       0x50 c:/nxp/lpcxpresso_6.1.4_194/lpcxpresso/tools/bin/../lib/gcc/arm-none-eabi/4.6.2/armv7-m\libgcc.a(_arm_fixdfsi.o)
                0x0000c788                __aeabi_d2iz
                0x0000c788                __fixdfsi
 .text.__errno  0x0000c7d8        0xc c:/nxp/lpcxpresso_6.1.4_194/lpcxpresso/tools/bin/../lib/gcc/arm-none-eabi/4.6.2/../../../../arm-none-eabi/lib/armv7-m\libc.a(lib_a-errno.o)
                0x0000c7d8                __errno
 *(.rodata .rodata.* .constdata .constdata.*)
 .rodata        0x0000c7e4      0x190 ./src/I-WATCH.o
                0x0000c7e4                PERIOD_MS_1000
                0x0000c7e8                PERIOD_MS_500
                0x0000c7ec                PERIOD_MS_250
 .rodata        0x0000c974        0x8 C:\Users\Wong Kok Woo\Downloads\EE2024Workspace\Lib_EaBaseBoard\Debug\libLib_EaBaseBoard.a(oled.o)
 .rodata        0x0000c97c      0x300 C:\Users\Wong Kok Woo\Downloads\EE2024Workspace\Lib_EaBaseBoard\Debug\libLib_EaBaseBoard.a(font5x7.o)
                0x0000c97c                font5x7
 .rodata        0x0000cc7c       0x18 C:\Users\Wong Kok Woo\Downloads\EE2024Workspace\Lib_MCU\Debug\libLib_MCU.a(lpc17xx_i2c.o)
 .rodata        0x0000cc94       0x18 C:\Users\Wong Kok Woo\Downloads\EE2024Workspace\Lib_MCU\Debug\libLib_MCU.a(lpc17xx_ssp.o)
 .rodata        0x0000ccac       0x18 C:\Users\Wong Kok Woo\Downloads\EE2024Workspace\Lib_MCU\Debug\libLib_MCU.a(lpc17xx_uart.o)
 .rodata.zeroes.6590
                0x0000ccc4       0x10 c:/nxp/lpcxpresso_6.1.4_194/lpcxpresso/tools/bin/../lib/gcc/arm-none-eabi/4.6.2/../../../../arm-none-eabi/lib/armv7-m\libc.a(lib_a-svfprintf.o)
 .rodata.str1.4
                0x0000ccd4       0x42 c:/nxp/lpcxpresso_6.1.4_194/lpcxpresso/tools/bin/../lib/gcc/arm-none-eabi/4.6.2/../../../../arm-none-eabi/lib/armv7-m\libc.a(lib_a-svfprintf.o)
                                 0x44 (size before relaxing)
 *fill*         0x0000cd16        0x2 00
 .rodata.blanks.6589
                0x0000cd18       0x10 c:/nxp/lpcxpresso_6.1.4_194/lpcxpresso/tools/bin/../lib/gcc/arm-none-eabi/4.6.2/../../../../arm-none-eabi/lib/armv7-m\libc.a(lib_a-svfprintf.o)
 .rodata.zeroes.6605
                0x0000cd28       0x10 c:/nxp/lpcxpresso_6.1.4_194/lpcxpresso/tools/bin/../lib/gcc/arm-none-eabi/4.6.2/../../../../arm-none-eabi/lib/armv7-m\libc.a(lib_a-vfprintf.o)
 .rodata.str1.4
                0x00000000       0x44 c:/nxp/lpcxpresso_6.1.4_194/lpcxpresso/tools/bin/../lib/gcc/arm-none-eabi/4.6.2/../../../../arm-none-eabi/lib/armv7-m\libc.a(lib_a-vfprintf.o)
 .rodata.blanks.6604
                0x0000cd38       0x10 c:/nxp/lpcxpresso_6.1.4_194/lpcxpresso/tools/bin/../lib/gcc/arm-none-eabi/4.6.2/../../../../arm-none-eabi/lib/armv7-m\libc.a(lib_a-vfprintf.o)
 .rodata.str1.4
                0x0000cd48       0x10 c:/nxp/lpcxpresso_6.1.4_194/lpcxpresso/tools/bin/../lib/gcc/arm-none-eabi/4.6.2/../../../../arm-none-eabi/lib/armv7-m\libc.a(lib_a-dtoa.o)
                                 0x14 (size before relaxing)
 .rodata.str1.4
                0x0000cd58        0x2 c:/nxp/lpcxpresso_6.1.4_194/lpcxpresso/tools/bin/../lib/gcc/arm-none-eabi/4.6.2/../../../../arm-none-eabi/lib/armv7-m\libc.a(lib_a-impure.o)
                                  0x4 (size before relaxing)
 *fill*         0x0000cd5a        0x2 00
 .rodata.str1.4
                0x0000cd5c        0xc c:/nxp/lpcxpresso_6.1.4_194/lpcxpresso/tools/bin/../lib/gcc/arm-none-eabi/4.6.2/../../../../arm-none-eabi/lib/armv7-m\libc.a(lib_a-locale.o)
                                 0x14 (size before relaxing)
 .rodata.__mprec_tens
                0x0000cd68       0xc8 c:/nxp/lpcxpresso_6.1.4_194/lpcxpresso/tools/bin/../lib/gcc/arm-none-eabi/4.6.2/../../../../arm-none-eabi/lib/armv7-m\libc.a(lib_a-mprec.o)
                0x0000cd68                __mprec_tens
 .rodata.__mprec_bigtens
                0x0000ce30       0x28 c:/nxp/lpcxpresso_6.1.4_194/lpcxpresso/tools/bin/../lib/gcc/arm-none-eabi/4.6.2/../../../../arm-none-eabi/lib/armv7-m\libc.a(lib_a-mprec.o)
                0x0000ce30                __mprec_bigtens
 .rodata.p05.5111
                0x0000ce58        0xc c:/nxp/lpcxpresso_6.1.4_194/lpcxpresso/tools/bin/../lib/gcc/arm-none-eabi/4.6.2/../../../../arm-none-eabi/lib/armv7-m\libc.a(lib_a-mprec.o)
 .rodata.str1.1
                0x0000ce64        0x4 c:/nxp/lpcxpresso_6.1.4_194/lpcxpresso/tools/bin/../lib/gcc/arm-none-eabi/4.6.2/../../../../arm-none-eabi/lib/armv7-m\libcr_newlib_semihost.a(syscalls.o)
                0x0000ce68                . = ALIGN (0x4)

.glue_7         0x0000ce68        0x0
 .glue_7        0x00000000        0x0 linker stubs

.glue_7t        0x0000ce68        0x0
 .glue_7t       0x00000000        0x0 linker stubs

.vfp11_veneer   0x0000ce68        0x0
 .vfp11_veneer  0x00000000        0x0 linker stubs

.v4_bx          0x0000ce68        0x0
 .v4_bx         0x00000000        0x0 linker stubs

.ARM.extab
 *(.ARM.extab* .gnu.linkonce.armextab.*)
                0x0000ce68                __exidx_start = .

.ARM.exidx      0x0000ce68        0x8
 *(.ARM.exidx* .gnu.linkonce.armexidx.*)
 .ARM.exidx     0x0000ce68        0x8 c:/nxp/lpcxpresso_6.1.4_194/lpcxpresso/tools/bin/../lib/gcc/arm-none-eabi/4.6.2/armv7-m\libgcc.a(_divdi3.o)
 .ARM.exidx     0x0000ce70        0x0 c:/nxp/lpcxpresso_6.1.4_194/lpcxpresso/tools/bin/../lib/gcc/arm-none-eabi/4.6.2/armv7-m\libgcc.a(_udivdi3.o)
                                  0x8 (size before relaxing)
                0x0000ce70                __exidx_end = .
                0x0000ce70                _etext = .

.data_RAM2      0x2007c000        0x0 load address 0x0000ce70
 FILL mask 0xff
 *(.data.$RAM2*)
 *(.data.$RamAHB32*)
                0x2007c000                . = ALIGN (0x4)

.uninit_RESERVED
                0x10000000        0x0
 *(.bss.$RESERVED*)
                0x10000000                . = ALIGN (0x4)
                0x10000000                _end_uninit_RESERVED = .

.data           0x10000000      0x91c load address 0x0000ce70
 FILL mask 0xff
                0x10000000                _data = .
 *(vtable)
 *(.data*)
 .data          0x10000000       0x24 ./src/I-WATCH.o
                0x10000000                MESSAGE_SAT_EST
                0x10000004                MESSAGE_SAT_SUSP
                0x10000008                CAT_MODE
 .data          0x10000024        0x4 C:\Users\Wong Kok Woo\Downloads\EE2024Workspace\Lib_CMSISv1p30_LPC17xx\Debug\libCMSISv1p30_LPC17xx.a(system_LPC17xx.o)
                0x10000024                SystemCoreClock
 .data          0x10000028       0x50 C:\Users\Wong Kok Woo\Downloads\EE2024Workspace\Lib_EaBaseBoard\Debug\libLib_EaBaseBoard.a(led7seg.o)
 .data          0x10000078        0x8 C:\Users\Wong Kok Woo\Downloads\EE2024Workspace\Lib_EaBaseBoard\Debug\libLib_EaBaseBoard.a(light.o)
 .data.impure_data
                0x10000080      0x428 c:/nxp/lpcxpresso_6.1.4_194/lpcxpresso/tools/bin/../lib/gcc/arm-none-eabi/4.6.2/../../../../arm-none-eabi/lib/armv7-m\libc.a(lib_a-impure.o)
 .data._impure_ptr
                0x100004a8        0x4 c:/nxp/lpcxpresso_6.1.4_194/lpcxpresso/tools/bin/../lib/gcc/arm-none-eabi/4.6.2/../../../../arm-none-eabi/lib/armv7-m\libc.a(lib_a-impure.o)
                0x100004a8                _impure_ptr
 .data.lconv    0x100004ac       0x38 c:/nxp/lpcxpresso_6.1.4_194/lpcxpresso/tools/bin/../lib/gcc/arm-none-eabi/4.6.2/../../../../arm-none-eabi/lib/armv7-m\libc.a(lib_a-locale.o)
 .data.lc_ctype_charset
                0x100004e4       0x20 c:/nxp/lpcxpresso_6.1.4_194/lpcxpresso/tools/bin/../lib/gcc/arm-none-eabi/4.6.2/../../../../arm-none-eabi/lib/armv7-m\libc.a(lib_a-locale.o)
 .data.__mb_cur_max
                0x10000504        0x4 c:/nxp/lpcxpresso_6.1.4_194/lpcxpresso/tools/bin/../lib/gcc/arm-none-eabi/4.6.2/../../../../arm-none-eabi/lib/armv7-m\libc.a(lib_a-locale.o)
                0x10000504                __mb_cur_max
 .data.__malloc_av_
                0x10000508      0x408 c:/nxp/lpcxpresso_6.1.4_194/lpcxpresso/tools/bin/../lib/gcc/arm-none-eabi/4.6.2/../../../../arm-none-eabi/lib/armv7-m\libc.a(lib_a-mallocr.o)
                0x10000508                __malloc_av_
 .data.__malloc_trim_threshold
                0x10000910        0x4 c:/nxp/lpcxpresso_6.1.4_194/lpcxpresso/tools/bin/../lib/gcc/arm-none-eabi/4.6.2/../../../../arm-none-eabi/lib/armv7-m\libc.a(lib_a-mallocr.o)
                0x10000910                __malloc_trim_threshold
 .data.__malloc_sbrk_base
                0x10000914        0x4 c:/nxp/lpcxpresso_6.1.4_194/lpcxpresso/tools/bin/../lib/gcc/arm-none-eabi/4.6.2/../../../../arm-none-eabi/lib/armv7-m\libc.a(lib_a-mallocr.o)
                0x10000914                __malloc_sbrk_base
 .data.__wctomb
                0x10000918        0x4 c:/nxp/lpcxpresso_6.1.4_194/lpcxpresso/tools/bin/../lib/gcc/arm-none-eabi/4.6.2/../../../../arm-none-eabi/lib/armv7-m\libc.a(lib_a-wctomb_r.o)
                0x10000918                __wctomb
                0x1000091c                . = ALIGN (0x4)
                0x1000091c                _edata = .

.bss_RAM2       0x2007c000        0x0
 *(.bss.$RAM2*)
 *(.bss.$RamAHB32*)
                0x2007c000                . = ALIGN (0x4)

.bss            0x1000091c      0x3dc
                0x1000091c                _bss = .
 *(.bss*)
 .bss           0x1000091c       0x1c ./src/I-WATCH.o
 .bss           0x10000938      0x300 C:\Users\Wong Kok Woo\Downloads\EE2024Workspace\Lib_EaBaseBoard\Debug\libLib_EaBaseBoard.a(oled.o)
 .bss           0x10000c38        0x6 C:\Users\Wong Kok Woo\Downloads\EE2024Workspace\Lib_EaBaseBoard\Debug\libLib_EaBaseBoard.a(pca9532.o)
 *fill*         0x10000c3e        0x2 00
 .bss           0x10000c40        0x4 C:\Users\Wong Kok Woo\Downloads\EE2024Workspace\Lib_EaBaseBoard\Debug\libLib_EaBaseBoard.a(temp.o)
 .bss           0x10000c44       0x24 C:\Users\Wong Kok Woo\Downloads\EE2024Workspace\Lib_MCU\Debug\libLib_MCU.a(lpc17xx_i2c.o)
 .bss           0x10000c68       0x18 C:\Users\Wong Kok Woo\Downloads\EE2024Workspace\Lib_MCU\Debug\libLib_MCU.a(lpc17xx_ssp.o)
 .bss.__malloc_max_total_mem
                0x10000c80        0x4 c:/nxp/lpcxpresso_6.1.4_194/lpcxpresso/tools/bin/../lib/gcc/arm-none-eabi/4.6.2/../../../../arm-none-eabi/lib/armv7-m\libc.a(lib_a-mallocr.o)
                0x10000c80                __malloc_max_total_mem
 .bss.__malloc_max_sbrked_mem
                0x10000c84        0x4 c:/nxp/lpcxpresso_6.1.4_194/lpcxpresso/tools/bin/../lib/gcc/arm-none-eabi/4.6.2/../../../../arm-none-eabi/lib/armv7-m\libc.a(lib_a-mallocr.o)
                0x10000c84                __malloc_max_sbrked_mem
 .bss.__malloc_top_pad
                0x10000c88        0x4 c:/nxp/lpcxpresso_6.1.4_194/lpcxpresso/tools/bin/../lib/gcc/arm-none-eabi/4.6.2/../../../../arm-none-eabi/lib/armv7-m\libc.a(lib_a-mallocr.o)
                0x10000c88                __malloc_top_pad
 .bss.__malloc_current_mallinfo
                0x10000c8c       0x28 c:/nxp/lpcxpresso_6.1.4_194/lpcxpresso/tools/bin/../lib/gcc/arm-none-eabi/4.6.2/../../../../arm-none-eabi/lib/armv7-m\libc.a(lib_a-mallocr.o)
                0x10000c8c                __malloc_current_mallinfo
 .bss.monitor_stdout
                0x10000cb4        0x4 c:/nxp/lpcxpresso_6.1.4_194/lpcxpresso/tools/bin/../lib/gcc/arm-none-eabi/4.6.2/../../../../arm-none-eabi/lib/armv7-m\libcr_newlib_semihost.a(syscalls.o)
 .bss.monitor_stdin
                0x10000cb8        0x4 c:/nxp/lpcxpresso_6.1.4_194/lpcxpresso/tools/bin/../lib/gcc/arm-none-eabi/4.6.2/../../../../arm-none-eabi/lib/armv7-m\libcr_newlib_semihost.a(syscalls.o)
 .bss.initialized.2429
                0x10000cbc        0x4 c:/nxp/lpcxpresso_6.1.4_194/lpcxpresso/tools/bin/../lib/gcc/arm-none-eabi/4.6.2/../../../../arm-none-eabi/lib/armv7-m\libcr_newlib_semihost.a(syscalls.o)
 .bss.monitor_stderr
                0x10000cc0        0x4 c:/nxp/lpcxpresso_6.1.4_194/lpcxpresso/tools/bin/../lib/gcc/arm-none-eabi/4.6.2/../../../../arm-none-eabi/lib/armv7-m\libcr_newlib_semihost.a(syscalls.o)
 .bss.openfiles
                0x10000cc4       0x28 c:/nxp/lpcxpresso_6.1.4_194/lpcxpresso/tools/bin/../lib/gcc/arm-none-eabi/4.6.2/../../../../arm-none-eabi/lib/armv7-m\libcr_newlib_semihost.a(syscalls.o)
 *(COMMON)
 COMMON         0x10000cec        0x4 ./src/I-WATCH.o
                0x10000cec                msTicks
 COMMON         0x10000cf0        0x4 c:/nxp/lpcxpresso_6.1.4_194/lpcxpresso/tools/bin/../lib/gcc/arm-none-eabi/4.6.2/../../../../arm-none-eabi/lib/armv7-m\libc.a(lib_a-reent.o)
                0x10000cf0                errno
 COMMON         0x10000cf4        0x4 c:/nxp/lpcxpresso_6.1.4_194/lpcxpresso/tools/bin/../lib/gcc/arm-none-eabi/4.6.2/../../../../arm-none-eabi/lib/armv7-m\libcr_newlib_semihost.a(_cr_sbrk.o)
                0x10000cf4                __end_of_heap
                0x10000cf8                . = ALIGN (0x4)
                0x10000cf8                _ebss = .
                0x10000cf8                PROVIDE (end, .)

.noinit_RAM2    0x2007c000        0x0
 *(.noinit.$RAM2*)
 *(.noinit.$RamAHB32*)
                0x2007c000                . = ALIGN (0x4)

.noinit         0x10000cf8        0x0
                0x10000cf8                _noinit = .
 *(.noinit*)
                0x10000cf8                . = ALIGN (0x4)
                0x10000cf8                _end_noinit = .
                0x10000cf8                PROVIDE (_pvHeapStart, .)
                0x10008000                PROVIDE (_vStackTop, (__top_RamLoc32 - 0x0))
OUTPUT(I-WATCH.axf elf32-littlearm)

.debug_info     0x00000000     0x8add
 .debug_info    0x00000000     0x1596 ./src/I-WATCH.o
 .debug_info    0x00001596      0x209 ./src/cr_startup_lpc17.o
 .debug_info    0x0000179f      0x357 C:\Users\Wong Kok Woo\Downloads\EE2024Workspace\Lib_CMSISv1p30_LPC17xx\Debug\libCMSISv1p30_LPC17xx.a(system_LPC17xx.o)
 .debug_info    0x00001af6      0x53d C:\Users\Wong Kok Woo\Downloads\EE2024Workspace\Lib_EaBaseBoard\Debug\libLib_EaBaseBoard.a(acc.o)
 .debug_info    0x00002033      0x10f C:\Users\Wong Kok Woo\Downloads\EE2024Workspace\Lib_EaBaseBoard\Debug\libLib_EaBaseBoard.a(joystick.o)
 .debug_info    0x00002142      0x282 C:\Users\Wong Kok Woo\Downloads\EE2024Workspace\Lib_EaBaseBoard\Debug\libLib_EaBaseBoard.a(led7seg.o)
 .debug_info    0x000023c4      0x76a C:\Users\Wong Kok Woo\Downloads\EE2024Workspace\Lib_EaBaseBoard\Debug\libLib_EaBaseBoard.a(light.o)
 .debug_info    0x00002b2e      0x97d C:\Users\Wong Kok Woo\Downloads\EE2024Workspace\Lib_EaBaseBoard\Debug\libLib_EaBaseBoard.a(oled.o)
 .debug_info    0x000034ab      0x642 C:\Users\Wong Kok Woo\Downloads\EE2024Workspace\Lib_EaBaseBoard\Debug\libLib_EaBaseBoard.a(pca9532.o)
 .debug_info    0x00003aed      0x154 C:\Users\Wong Kok Woo\Downloads\EE2024Workspace\Lib_EaBaseBoard\Debug\libLib_EaBaseBoard.a(temp.o)
 .debug_info    0x00003c41       0x65 C:\Users\Wong Kok Woo\Downloads\EE2024Workspace\Lib_EaBaseBoard\Debug\libLib_EaBaseBoard.a(font5x7.o)
 .debug_info    0x00003ca6      0xb95 C:\Users\Wong Kok Woo\Downloads\EE2024Workspace\Lib_MCU\Debug\libLib_MCU.a(lpc17xx_gpio.o)
 .debug_info    0x0000483b      0xcc3 C:\Users\Wong Kok Woo\Downloads\EE2024Workspace\Lib_MCU\Debug\libLib_MCU.a(lpc17xx_i2c.o)
 .debug_info    0x000054fe      0x4b1 C:\Users\Wong Kok Woo\Downloads\EE2024Workspace\Lib_MCU\Debug\libLib_MCU.a(lpc17xx_pinsel.o)
 .debug_info    0x000059af      0x867 C:\Users\Wong Kok Woo\Downloads\EE2024Workspace\Lib_MCU\Debug\libLib_MCU.a(lpc17xx_ssp.o)
 .debug_info    0x00006216     0x14df C:\Users\Wong Kok Woo\Downloads\EE2024Workspace\Lib_MCU\Debug\libLib_MCU.a(lpc17xx_uart.o)
 .debug_info    0x000076f5      0x641 C:\Users\Wong Kok Woo\Downloads\EE2024Workspace\Lib_MCU\Debug\libLib_MCU.a(lpc17xx_clkpwr.o)
 .debug_info    0x00007d36      0x106 c:/nxp/lpcxpresso_6.1.4_194/lpcxpresso/tools/bin/../lib/gcc/arm-none-eabi/4.6.2/../../../../arm-none-eabi/lib/armv7-m\libcr_newlib_semihost.a(_cr_sbrk.o)
 .debug_info    0x00007e3c      0xbec c:/nxp/lpcxpresso_6.1.4_194/lpcxpresso/tools/bin/../lib/gcc/arm-none-eabi/4.6.2/../../../../arm-none-eabi/lib/armv7-m\libcr_newlib_semihost.a(syscalls.o)
 .debug_info    0x00008a28       0xb5 c:/nxp/lpcxpresso_6.1.4_194/lpcxpresso/tools/bin/../lib/gcc/arm-none-eabi/4.6.2/../../../../arm-none-eabi/lib/armv7-m\libcr_newlib_semihost.a(_cr_check_heap.o)

.debug_abbrev   0x00000000     0x1be2
 .debug_abbrev  0x00000000      0x2a8 ./src/I-WATCH.o
 .debug_abbrev  0x000002a8       0xb4 ./src/cr_startup_lpc17.o
 .debug_abbrev  0x0000035c       0xce C:\Users\Wong Kok Woo\Downloads\EE2024Workspace\Lib_CMSISv1p30_LPC17xx\Debug\libCMSISv1p30_LPC17xx.a(system_LPC17xx.o)
 .debug_abbrev  0x0000042a      0x15c C:\Users\Wong Kok Woo\Downloads\EE2024Workspace\Lib_EaBaseBoard\Debug\libLib_EaBaseBoard.a(acc.o)
 .debug_abbrev  0x00000586       0x90 C:\Users\Wong Kok Woo\Downloads\EE2024Workspace\Lib_EaBaseBoard\Debug\libLib_EaBaseBoard.a(joystick.o)
 .debug_abbrev  0x00000616      0x155 C:\Users\Wong Kok Woo\Downloads\EE2024Workspace\Lib_EaBaseBoard\Debug\libLib_EaBaseBoard.a(led7seg.o)
 .debug_abbrev  0x0000076b      0x1bd C:\Users\Wong Kok Woo\Downloads\EE2024Workspace\Lib_EaBaseBoard\Debug\libLib_EaBaseBoard.a(light.o)
 .debug_abbrev  0x00000928      0x1f1 C:\Users\Wong Kok Woo\Downloads\EE2024Workspace\Lib_EaBaseBoard\Debug\libLib_EaBaseBoard.a(oled.o)
 .debug_abbrev  0x00000b19      0x1aa C:\Users\Wong Kok Woo\Downloads\EE2024Workspace\Lib_EaBaseBoard\Debug\libLib_EaBaseBoard.a(pca9532.o)
 .debug_abbrev  0x00000cc3       0xc2 C:\Users\Wong Kok Woo\Downloads\EE2024Workspace\Lib_EaBaseBoard\Debug\libLib_EaBaseBoard.a(temp.o)
 .debug_abbrev  0x00000d85       0x4b C:\Users\Wong Kok Woo\Downloads\EE2024Workspace\Lib_EaBaseBoard\Debug\libLib_EaBaseBoard.a(font5x7.o)
 .debug_abbrev  0x00000dd0      0x185 C:\Users\Wong Kok Woo\Downloads\EE2024Workspace\Lib_MCU\Debug\libLib_MCU.a(lpc17xx_gpio.o)
 .debug_abbrev  0x00000f55      0x24a C:\Users\Wong Kok Woo\Downloads\EE2024Workspace\Lib_MCU\Debug\libLib_MCU.a(lpc17xx_i2c.o)
 .debug_abbrev  0x0000119f      0x10a C:\Users\Wong Kok Woo\Downloads\EE2024Workspace\Lib_MCU\Debug\libLib_MCU.a(lpc17xx_pinsel.o)
 .debug_abbrev  0x000012a9      0x1d3 C:\Users\Wong Kok Woo\Downloads\EE2024Workspace\Lib_MCU\Debug\libLib_MCU.a(lpc17xx_ssp.o)
 .debug_abbrev  0x0000147c      0x259 C:\Users\Wong Kok Woo\Downloads\EE2024Workspace\Lib_MCU\Debug\libLib_MCU.a(lpc17xx_uart.o)
 .debug_abbrev  0x000016d5      0x174 C:\Users\Wong Kok Woo\Downloads\EE2024Workspace\Lib_MCU\Debug\libLib_MCU.a(lpc17xx_clkpwr.o)
 .debug_abbrev  0x00001849       0xa8 c:/nxp/lpcxpresso_6.1.4_194/lpcxpresso/tools/bin/../lib/gcc/arm-none-eabi/4.6.2/../../../../arm-none-eabi/lib/armv7-m\libcr_newlib_semihost.a(_cr_sbrk.o)
 .debug_abbrev  0x000018f1      0x27f c:/nxp/lpcxpresso_6.1.4_194/lpcxpresso/tools/bin/../lib/gcc/arm-none-eabi/4.6.2/../../../../arm-none-eabi/lib/armv7-m\libcr_newlib_semihost.a(syscalls.o)
 .debug_abbrev  0x00001b70       0x72 c:/nxp/lpcxpresso_6.1.4_194/lpcxpresso/tools/bin/../lib/gcc/arm-none-eabi/4.6.2/../../../../arm-none-eabi/lib/armv7-m\libcr_newlib_semihost.a(_cr_check_heap.o)

.debug_loc      0x00000000     0x37ba
 .debug_loc     0x00000000      0x560 ./src/I-WATCH.o
 .debug_loc     0x00000560      0x1f0 ./src/cr_startup_lpc17.o
 .debug_loc     0x00000750       0x58 C:\Users\Wong Kok Woo\Downloads\EE2024Workspace\Lib_CMSISv1p30_LPC17xx\Debug\libCMSISv1p30_LPC17xx.a(system_LPC17xx.o)
 .debug_loc     0x000007a8      0x1f0 C:\Users\Wong Kok Woo\Downloads\EE2024Workspace\Lib_EaBaseBoard\Debug\libLib_EaBaseBoard.a(acc.o)
 .debug_loc     0x00000998       0x64 C:\Users\Wong Kok Woo\Downloads\EE2024Workspace\Lib_EaBaseBoard\Debug\libLib_EaBaseBoard.a(joystick.o)
 .debug_loc     0x000009fc       0x64 C:\Users\Wong Kok Woo\Downloads\EE2024Workspace\Lib_EaBaseBoard\Debug\libLib_EaBaseBoard.a(led7seg.o)
 .debug_loc     0x00000a60      0x378 C:\Users\Wong Kok Woo\Downloads\EE2024Workspace\Lib_EaBaseBoard\Debug\libLib_EaBaseBoard.a(light.o)
 .debug_loc     0x00000dd8      0x33e C:\Users\Wong Kok Woo\Downloads\EE2024Workspace\Lib_EaBaseBoard\Debug\libLib_EaBaseBoard.a(oled.o)
 .debug_loc     0x00001116      0x2d0 C:\Users\Wong Kok Woo\Downloads\EE2024Workspace\Lib_EaBaseBoard\Debug\libLib_EaBaseBoard.a(pca9532.o)
 .debug_loc     0x000013e6       0x70 C:\Users\Wong Kok Woo\Downloads\EE2024Workspace\Lib_EaBaseBoard\Debug\libLib_EaBaseBoard.a(temp.o)
 .debug_loc     0x00001456      0x4d0 C:\Users\Wong Kok Woo\Downloads\EE2024Workspace\Lib_MCU\Debug\libLib_MCU.a(lpc17xx_gpio.o)
 .debug_loc     0x00001926      0x4e4 C:\Users\Wong Kok Woo\Downloads\EE2024Workspace\Lib_MCU\Debug\libLib_MCU.a(lpc17xx_i2c.o)
 .debug_loc     0x00001e0a      0x150 C:\Users\Wong Kok Woo\Downloads\EE2024Workspace\Lib_MCU\Debug\libLib_MCU.a(lpc17xx_pinsel.o)
 .debug_loc     0x00001f5a      0x448 C:\Users\Wong Kok Woo\Downloads\EE2024Workspace\Lib_MCU\Debug\libLib_MCU.a(lpc17xx_ssp.o)
 .debug_loc     0x000023a2      0x77a C:\Users\Wong Kok Woo\Downloads\EE2024Workspace\Lib_MCU\Debug\libLib_MCU.a(lpc17xx_uart.o)
 .debug_loc     0x00002b1c      0x1bc C:\Users\Wong Kok Woo\Downloads\EE2024Workspace\Lib_MCU\Debug\libLib_MCU.a(lpc17xx_clkpwr.o)
 .debug_loc     0x00002cd8       0x55 c:/nxp/lpcxpresso_6.1.4_194/lpcxpresso/tools/bin/../lib/gcc/arm-none-eabi/4.6.2/../../../../arm-none-eabi/lib/armv7-m\libcr_newlib_semihost.a(_cr_sbrk.o)
 .debug_loc     0x00002d2d      0xa64 c:/nxp/lpcxpresso_6.1.4_194/lpcxpresso/tools/bin/../lib/gcc/arm-none-eabi/4.6.2/../../../../arm-none-eabi/lib/armv7-m\libcr_newlib_semihost.a(syscalls.o)
 .debug_loc     0x00003791       0x29 c:/nxp/lpcxpresso_6.1.4_194/lpcxpresso/tools/bin/../lib/gcc/arm-none-eabi/4.6.2/../../../../arm-none-eabi/lib/armv7-m\libcr_newlib_semihost.a(_cr_check_heap.o)

.debug_aranges  0x00000000      0x958
 .debug_aranges
                0x00000000       0xe8 ./src/I-WATCH.o
 .debug_aranges
                0x000000e8       0x70 ./src/cr_startup_lpc17.o
 .debug_aranges
                0x00000158       0x28 C:\Users\Wong Kok Woo\Downloads\EE2024Workspace\Lib_CMSISv1p30_LPC17xx\Debug\libCMSISv1p30_LPC17xx.a(system_LPC17xx.o)
 .debug_aranges
                0x00000180       0x60 C:\Users\Wong Kok Woo\Downloads\EE2024Workspace\Lib_EaBaseBoard\Debug\libLib_EaBaseBoard.a(acc.o)
 .debug_aranges
                0x000001e0       0x28 C:\Users\Wong Kok Woo\Downloads\EE2024Workspace\Lib_EaBaseBoard\Debug\libLib_EaBaseBoard.a(joystick.o)
 .debug_aranges
                0x00000208       0x28 C:\Users\Wong Kok Woo\Downloads\EE2024Workspace\Lib_EaBaseBoard\Debug\libLib_EaBaseBoard.a(led7seg.o)
 .debug_aranges
                0x00000230       0x98 C:\Users\Wong Kok Woo\Downloads\EE2024Workspace\Lib_EaBaseBoard\Debug\libLib_EaBaseBoard.a(light.o)
 .debug_aranges
                0x000002c8       0x90 C:\Users\Wong Kok Woo\Downloads\EE2024Workspace\Lib_EaBaseBoard\Debug\libLib_EaBaseBoard.a(oled.o)
 .debug_aranges
                0x00000358       0x80 C:\Users\Wong Kok Woo\Downloads\EE2024Workspace\Lib_EaBaseBoard\Debug\libLib_EaBaseBoard.a(pca9532.o)
 .debug_aranges
                0x000003d8       0x28 C:\Users\Wong Kok Woo\Downloads\EE2024Workspace\Lib_EaBaseBoard\Debug\libLib_EaBaseBoard.a(temp.o)
 .debug_aranges
                0x00000400       0xc8 C:\Users\Wong Kok Woo\Downloads\EE2024Workspace\Lib_MCU\Debug\libLib_MCU.a(lpc17xx_gpio.o)
 .debug_aranges
                0x000004c8       0xd0 C:\Users\Wong Kok Woo\Downloads\EE2024Workspace\Lib_MCU\Debug\libLib_MCU.a(lpc17xx_i2c.o)
 .debug_aranges
                0x00000598       0x48 C:\Users\Wong Kok Woo\Downloads\EE2024Workspace\Lib_MCU\Debug\libLib_MCU.a(lpc17xx_pinsel.o)
 .debug_aranges
                0x000005e0       0xb8 C:\Users\Wong Kok Woo\Downloads\EE2024Workspace\Lib_MCU\Debug\libLib_MCU.a(lpc17xx_ssp.o)
 .debug_aranges
                0x00000698      0x130 C:\Users\Wong Kok Woo\Downloads\EE2024Workspace\Lib_MCU\Debug\libLib_MCU.a(lpc17xx_uart.o)
 .debug_aranges
                0x000007c8       0x60 C:\Users\Wong Kok Woo\Downloads\EE2024Workspace\Lib_MCU\Debug\libLib_MCU.a(lpc17xx_clkpwr.o)
 .debug_aranges
                0x00000828       0x20 c:/nxp/lpcxpresso_6.1.4_194/lpcxpresso/tools/bin/../lib/gcc/arm-none-eabi/4.6.2/../../../../arm-none-eabi/lib/armv7-m\libcr_newlib_semihost.a(_cr_sbrk.o)
 .debug_aranges
                0x00000848       0xf0 c:/nxp/lpcxpresso_6.1.4_194/lpcxpresso/tools/bin/../lib/gcc/arm-none-eabi/4.6.2/../../../../arm-none-eabi/lib/armv7-m\libcr_newlib_semihost.a(syscalls.o)
 .debug_aranges
                0x00000938       0x20 c:/nxp/lpcxpresso_6.1.4_194/lpcxpresso/tools/bin/../lib/gcc/arm-none-eabi/4.6.2/../../../../arm-none-eabi/lib/armv7-m\libcr_newlib_semihost.a(_cr_check_heap.o)

.debug_ranges   0x00000000      0x888
 .debug_ranges  0x00000000       0xd8 ./src/I-WATCH.o
 .debug_ranges  0x000000d8       0x60 ./src/cr_startup_lpc17.o
 .debug_ranges  0x00000138       0x18 C:\Users\Wong Kok Woo\Downloads\EE2024Workspace\Lib_CMSISv1p30_LPC17xx\Debug\libCMSISv1p30_LPC17xx.a(system_LPC17xx.o)
 .debug_ranges  0x00000150       0x50 C:\Users\Wong Kok Woo\Downloads\EE2024Workspace\Lib_EaBaseBoard\Debug\libLib_EaBaseBoard.a(acc.o)
 .debug_ranges  0x000001a0       0x18 C:\Users\Wong Kok Woo\Downloads\EE2024Workspace\Lib_EaBaseBoard\Debug\libLib_EaBaseBoard.a(joystick.o)
 .debug_ranges  0x000001b8       0x18 C:\Users\Wong Kok Woo\Downloads\EE2024Workspace\Lib_EaBaseBoard\Debug\libLib_EaBaseBoard.a(led7seg.o)
 .debug_ranges  0x000001d0       0x88 C:\Users\Wong Kok Woo\Downloads\EE2024Workspace\Lib_EaBaseBoard\Debug\libLib_EaBaseBoard.a(light.o)
 .debug_ranges  0x00000258       0x80 C:\Users\Wong Kok Woo\Downloads\EE2024Workspace\Lib_EaBaseBoard\Debug\libLib_EaBaseBoard.a(oled.o)
 .debug_ranges  0x000002d8       0x70 C:\Users\Wong Kok Woo\Downloads\EE2024Workspace\Lib_EaBaseBoard\Debug\libLib_EaBaseBoard.a(pca9532.o)
 .debug_ranges  0x00000348       0x18 C:\Users\Wong Kok Woo\Downloads\EE2024Workspace\Lib_EaBaseBoard\Debug\libLib_EaBaseBoard.a(temp.o)
 .debug_ranges  0x00000360       0xb8 C:\Users\Wong Kok Woo\Downloads\EE2024Workspace\Lib_MCU\Debug\libLib_MCU.a(lpc17xx_gpio.o)
 .debug_ranges  0x00000418       0xc0 C:\Users\Wong Kok Woo\Downloads\EE2024Workspace\Lib_MCU\Debug\libLib_MCU.a(lpc17xx_i2c.o)
 .debug_ranges  0x000004d8       0x38 C:\Users\Wong Kok Woo\Downloads\EE2024Workspace\Lib_MCU\Debug\libLib_MCU.a(lpc17xx_pinsel.o)
 .debug_ranges  0x00000510       0xa8 C:\Users\Wong Kok Woo\Downloads\EE2024Workspace\Lib_MCU\Debug\libLib_MCU.a(lpc17xx_ssp.o)
 .debug_ranges  0x000005b8      0x120 C:\Users\Wong Kok Woo\Downloads\EE2024Workspace\Lib_MCU\Debug\libLib_MCU.a(lpc17xx_uart.o)
 .debug_ranges  0x000006d8       0x50 C:\Users\Wong Kok Woo\Downloads\EE2024Workspace\Lib_MCU\Debug\libLib_MCU.a(lpc17xx_clkpwr.o)
 .debug_ranges  0x00000728       0x10 c:/nxp/lpcxpresso_6.1.4_194/lpcxpresso/tools/bin/../lib/gcc/arm-none-eabi/4.6.2/../../../../arm-none-eabi/lib/armv7-m\libcr_newlib_semihost.a(_cr_sbrk.o)
 .debug_ranges  0x00000738      0x140 c:/nxp/lpcxpresso_6.1.4_194/lpcxpresso/tools/bin/../lib/gcc/arm-none-eabi/4.6.2/../../../../arm-none-eabi/lib/armv7-m\libcr_newlib_semihost.a(syscalls.o)
 .debug_ranges  0x00000878       0x10 c:/nxp/lpcxpresso_6.1.4_194/lpcxpresso/tools/bin/../lib/gcc/arm-none-eabi/4.6.2/../../../../arm-none-eabi/lib/armv7-m\libcr_newlib_semihost.a(_cr_check_heap.o)

.debug_line     0x00000000     0x6983
 .debug_line    0x00000000      0xbc2 ./src/I-WATCH.o
 .debug_line    0x00000bc2      0x36b ./src/cr_startup_lpc17.o
 .debug_line    0x00000f2d      0x40a C:\Users\Wong Kok Woo\Downloads\EE2024Workspace\Lib_CMSISv1p30_LPC17xx\Debug\libCMSISv1p30_LPC17xx.a(system_LPC17xx.o)
 .debug_line    0x00001337      0x4eb C:\Users\Wong Kok Woo\Downloads\EE2024Workspace\Lib_EaBaseBoard\Debug\libLib_EaBaseBoard.a(acc.o)
 .debug_line    0x00001822      0x456 C:\Users\Wong Kok Woo\Downloads\EE2024Workspace\Lib_EaBaseBoard\Debug\libLib_EaBaseBoard.a(joystick.o)
 .debug_line    0x00001c78      0x466 C:\Users\Wong Kok Woo\Downloads\EE2024Workspace\Lib_EaBaseBoard\Debug\libLib_EaBaseBoard.a(led7seg.o)
 .debug_line    0x000020de      0x5ad C:\Users\Wong Kok Woo\Downloads\EE2024Workspace\Lib_EaBaseBoard\Debug\libLib_EaBaseBoard.a(light.o)
 .debug_line    0x0000268b      0x770 C:\Users\Wong Kok Woo\Downloads\EE2024Workspace\Lib_EaBaseBoard\Debug\libLib_EaBaseBoard.a(oled.o)
 .debug_line    0x00002dfb      0x582 C:\Users\Wong Kok Woo\Downloads\EE2024Workspace\Lib_EaBaseBoard\Debug\libLib_EaBaseBoard.a(pca9532.o)
 .debug_line    0x0000337d      0x464 C:\Users\Wong Kok Woo\Downloads\EE2024Workspace\Lib_EaBaseBoard\Debug\libLib_EaBaseBoard.a(temp.o)
 .debug_line    0x000037e1       0x85 C:\Users\Wong Kok Woo\Downloads\EE2024Workspace\Lib_EaBaseBoard\Debug\libLib_EaBaseBoard.a(font5x7.o)
 .debug_line    0x00003866      0x5e4 C:\Users\Wong Kok Woo\Downloads\EE2024Workspace\Lib_MCU\Debug\libLib_MCU.a(lpc17xx_gpio.o)
 .debug_line    0x00003e4a      0x8ff C:\Users\Wong Kok Woo\Downloads\EE2024Workspace\Lib_MCU\Debug\libLib_MCU.a(lpc17xx_i2c.o)
 .debug_line    0x00004749      0x463 C:\Users\Wong Kok Woo\Downloads\EE2024Workspace\Lib_MCU\Debug\libLib_MCU.a(lpc17xx_pinsel.o)
 .debug_line    0x00004bac      0x832 C:\Users\Wong Kok Woo\Downloads\EE2024Workspace\Lib_MCU\Debug\libLib_MCU.a(lpc17xx_ssp.o)
 .debug_line    0x000053de      0xb7e C:\Users\Wong Kok Woo\Downloads\EE2024Workspace\Lib_MCU\Debug\libLib_MCU.a(lpc17xx_uart.o)
 .debug_line    0x00005f5c      0x4c4 C:\Users\Wong Kok Woo\Downloads\EE2024Workspace\Lib_MCU\Debug\libLib_MCU.a(lpc17xx_clkpwr.o)
 .debug_line    0x00006420       0xc0 c:/nxp/lpcxpresso_6.1.4_194/lpcxpresso/tools/bin/../lib/gcc/arm-none-eabi/4.6.2/../../../../arm-none-eabi/lib/armv7-m\libcr_newlib_semihost.a(_cr_sbrk.o)
 .debug_line    0x000064e0      0x44f c:/nxp/lpcxpresso_6.1.4_194/lpcxpresso/tools/bin/../lib/gcc/arm-none-eabi/4.6.2/../../../../arm-none-eabi/lib/armv7-m\libcr_newlib_semihost.a(syscalls.o)
 .debug_line    0x0000692f       0x54 c:/nxp/lpcxpresso_6.1.4_194/lpcxpresso/tools/bin/../lib/gcc/arm-none-eabi/4.6.2/../../../../arm-none-eabi/lib/armv7-m\libcr_newlib_semihost.a(_cr_check_heap.o)

.debug_macinfo  0x00000000    0x95d06
 .debug_macinfo
                0x00000000     0xe4e6 ./src/I-WATCH.o
 .debug_macinfo
                0x0000e4e6     0x2c15 ./src/cr_startup_lpc17.o
 .debug_macinfo
                0x000110fb     0x83f8 C:\Users\Wong Kok Woo\Downloads\EE2024Workspace\Lib_CMSISv1p30_LPC17xx\Debug\libCMSISv1p30_LPC17xx.a(system_LPC17xx.o)
 .debug_macinfo
                0x000194f3     0x8f1b C:\Users\Wong Kok Woo\Downloads\EE2024Workspace\Lib_EaBaseBoard\Debug\libLib_EaBaseBoard.a(acc.o)
 .debug_macinfo
                0x0002240e     0x858b C:\Users\Wong Kok Woo\Downloads\EE2024Workspace\Lib_EaBaseBoard\Debug\libLib_EaBaseBoard.a(joystick.o)
 .debug_macinfo
                0x0002a999     0x96a3 C:\Users\Wong Kok Woo\Downloads\EE2024Workspace\Lib_EaBaseBoard\Debug\libLib_EaBaseBoard.a(led7seg.o)
 .debug_macinfo
                0x0003403c     0x90b3 C:\Users\Wong Kok Woo\Downloads\EE2024Workspace\Lib_EaBaseBoard\Debug\libLib_EaBaseBoard.a(light.o)
 .debug_macinfo
                0x0003d0ef     0xa143 C:\Users\Wong Kok Woo\Downloads\EE2024Workspace\Lib_EaBaseBoard\Debug\libLib_EaBaseBoard.a(oled.o)
 .debug_macinfo
                0x00047232     0x8e59 C:\Users\Wong Kok Woo\Downloads\EE2024Workspace\Lib_EaBaseBoard\Debug\libLib_EaBaseBoard.a(pca9532.o)
 .debug_macinfo
                0x0005008b     0x85e6 C:\Users\Wong Kok Woo\Downloads\EE2024Workspace\Lib_EaBaseBoard\Debug\libLib_EaBaseBoard.a(temp.o)
 .debug_macinfo
                0x00058671     0x332a C:\Users\Wong Kok Woo\Downloads\EE2024Workspace\Lib_EaBaseBoard\Debug\libLib_EaBaseBoard.a(font5x7.o)
 .debug_macinfo
                0x0005b99b     0x86b8 C:\Users\Wong Kok Woo\Downloads\EE2024Workspace\Lib_MCU\Debug\libLib_MCU.a(lpc17xx_gpio.o)
 .debug_macinfo
                0x00064053     0xa5d8 C:\Users\Wong Kok Woo\Downloads\EE2024Workspace\Lib_MCU\Debug\libLib_MCU.a(lpc17xx_i2c.o)
 .debug_macinfo
                0x0006e62b     0x87d3 C:\Users\Wong Kok Woo\Downloads\EE2024Workspace\Lib_MCU\Debug\libLib_MCU.a(lpc17xx_pinsel.o)
 .debug_macinfo
                0x00076dfe     0xa8d0 C:\Users\Wong Kok Woo\Downloads\EE2024Workspace\Lib_MCU\Debug\libLib_MCU.a(lpc17xx_ssp.o)
 .debug_macinfo
                0x000816ce     0xb03f C:\Users\Wong Kok Woo\Downloads\EE2024Workspace\Lib_MCU\Debug\libLib_MCU.a(lpc17xx_uart.o)
 .debug_macinfo
                0x0008c70d     0x95f9 C:\Users\Wong Kok Woo\Downloads\EE2024Workspace\Lib_MCU\Debug\libLib_MCU.a(lpc17xx_clkpwr.o)

.debug_str      0x00000000     0x2d0a
 .debug_str     0x00000000      0xb7e ./src/I-WATCH.o
                                0xbfa (size before relaxing)
 .debug_str     0x00000b7e      0x11d ./src/cr_startup_lpc17.o
                                0x200 (size before relaxing)
 .debug_str     0x00000c9b       0x8d C:\Users\Wong Kok Woo\Downloads\EE2024Workspace\Lib_CMSISv1p30_LPC17xx\Debug\libCMSISv1p30_LPC17xx.a(system_LPC17xx.o)
                                0x29f (size before relaxing)
 .debug_str     0x00000d28      0x21c C:\Users\Wong Kok Woo\Downloads\EE2024Workspace\Lib_EaBaseBoard\Debug\libLib_EaBaseBoard.a(acc.o)
                                0x39b (size before relaxing)
 .debug_str     0x00000f44       0x3a C:\Users\Wong Kok Woo\Downloads\EE2024Workspace\Lib_EaBaseBoard\Debug\libLib_EaBaseBoard.a(joystick.o)
                                0x16c (size before relaxing)
 .debug_str     0x00000f7e       0x95 C:\Users\Wong Kok Woo\Downloads\EE2024Workspace\Lib_EaBaseBoard\Debug\libLib_EaBaseBoard.a(led7seg.o)
                                0x207 (size before relaxing)
 .debug_str     0x00001013      0x17f C:\Users\Wong Kok Woo\Downloads\EE2024Workspace\Lib_EaBaseBoard\Debug\libLib_EaBaseBoard.a(light.o)
                                0x512 (size before relaxing)
 .debug_str     0x00001192      0x1a9 C:\Users\Wong Kok Woo\Downloads\EE2024Workspace\Lib_EaBaseBoard\Debug\libLib_EaBaseBoard.a(oled.o)
                                0x3b8 (size before relaxing)
 .debug_str     0x0000133b      0x121 C:\Users\Wong Kok Woo\Downloads\EE2024Workspace\Lib_EaBaseBoard\Debug\libLib_EaBaseBoard.a(pca9532.o)
                                0x3f2 (size before relaxing)
 .debug_str     0x0000145c       0x3c C:\Users\Wong Kok Woo\Downloads\EE2024Workspace\Lib_EaBaseBoard\Debug\libLib_EaBaseBoard.a(temp.o)
                                0x16f (size before relaxing)
 .debug_str     0x00001498       0x11 C:\Users\Wong Kok Woo\Downloads\EE2024Workspace\Lib_EaBaseBoard\Debug\libLib_EaBaseBoard.a(font5x7.o)
                                 0xc3 (size before relaxing)
 .debug_str     0x000014a9      0x37c C:\Users\Wong Kok Woo\Downloads\EE2024Workspace\Lib_MCU\Debug\libLib_MCU.a(lpc17xx_gpio.o)
                                0x474 (size before relaxing)
 .debug_str     0x00001825      0x309 C:\Users\Wong Kok Woo\Downloads\EE2024Workspace\Lib_MCU\Debug\libLib_MCU.a(lpc17xx_i2c.o)
                                0x80a (size before relaxing)
 .debug_str     0x00001b2e      0x214 C:\Users\Wong Kok Woo\Downloads\EE2024Workspace\Lib_MCU\Debug\libLib_MCU.a(lpc17xx_pinsel.o)
                                0x3a9 (size before relaxing)
 .debug_str     0x00001d42      0x204 C:\Users\Wong Kok Woo\Downloads\EE2024Workspace\Lib_MCU\Debug\libLib_MCU.a(lpc17xx_ssp.o)
                                0x487 (size before relaxing)
 .debug_str     0x00001f46      0x926 C:\Users\Wong Kok Woo\Downloads\EE2024Workspace\Lib_MCU\Debug\libLib_MCU.a(lpc17xx_uart.o)
                                0xc5d (size before relaxing)
 .debug_str     0x0000286c       0xcb C:\Users\Wong Kok Woo\Downloads\EE2024Workspace\Lib_MCU\Debug\libLib_MCU.a(lpc17xx_clkpwr.o)
                                0x3a5 (size before relaxing)
 .debug_str     0x00002937       0xbc c:/nxp/lpcxpresso_6.1.4_194/lpcxpresso/tools/bin/../lib/gcc/arm-none-eabi/4.6.2/../../../../arm-none-eabi/lib/armv7-m\libcr_newlib_semihost.a(_cr_sbrk.o)
                                0x145 (size before relaxing)
 .debug_str     0x000029f3      0x2dc c:/nxp/lpcxpresso_6.1.4_194/lpcxpresso/tools/bin/../lib/gcc/arm-none-eabi/4.6.2/../../../../arm-none-eabi/lib/armv7-m\libcr_newlib_semihost.a(syscalls.o)
                                0x40b (size before relaxing)
 .debug_str     0x00002ccf       0x3b c:/nxp/lpcxpresso_6.1.4_194/lpcxpresso/tools/bin/../lib/gcc/arm-none-eabi/4.6.2/../../../../arm-none-eabi/lib/armv7-m\libcr_newlib_semihost.a(_cr_check_heap.o)
                                 0xd1 (size before relaxing)

.comment        0x00000000       0x9a
 .comment       0x00000000       0x70 ./src/I-WATCH.o
                                 0x71 (size before relaxing)
 .comment       0x00000000       0x71 ./src/cr_startup_lpc17.o
 .comment       0x00000000       0x71 C:\Users\Wong Kok Woo\Downloads\EE2024Workspace\Lib_CMSISv1p30_LPC17xx\Debug\libCMSISv1p30_LPC17xx.a(system_LPC17xx.o)
 .comment       0x00000000       0x71 C:\Users\Wong Kok Woo\Downloads\EE2024Workspace\Lib_EaBaseBoard\Debug\libLib_EaBaseBoard.a(acc.o)
 .comment       0x00000000       0x71 C:\Users\Wong Kok Woo\Downloads\EE2024Workspace\Lib_EaBaseBoard\Debug\libLib_EaBaseBoard.a(joystick.o)
 .comment       0x00000000       0x71 C:\Users\Wong Kok Woo\Downloads\EE2024Workspace\Lib_EaBaseBoard\Debug\libLib_EaBaseBoard.a(led7seg.o)
 .comment       0x00000000       0x71 C:\Users\Wong Kok Woo\Downloads\EE2024Workspace\Lib_EaBaseBoard\Debug\libLib_EaBaseBoard.a(light.o)
 .comment       0x00000000       0x71 C:\Users\Wong Kok Woo\Downloads\EE2024Workspace\Lib_EaBaseBoard\Debug\libLib_EaBaseBoard.a(oled.o)
 .comment       0x00000000       0x71 C:\Users\Wong Kok Woo\Downloads\EE2024Workspace\Lib_EaBaseBoard\Debug\libLib_EaBaseBoard.a(pca9532.o)
 .comment       0x00000000       0x71 C:\Users\Wong Kok Woo\Downloads\EE2024Workspace\Lib_EaBaseBoard\Debug\libLib_EaBaseBoard.a(temp.o)
 .comment       0x00000000       0x71 C:\Users\Wong Kok Woo\Downloads\EE2024Workspace\Lib_EaBaseBoard\Debug\libLib_EaBaseBoard.a(font5x7.o)
 .comment       0x00000000       0x71 C:\Users\Wong Kok Woo\Downloads\EE2024Workspace\Lib_MCU\Debug\libLib_MCU.a(lpc17xx_gpio.o)
 .comment       0x00000000       0x71 C:\Users\Wong Kok Woo\Downloads\EE2024Workspace\Lib_MCU\Debug\libLib_MCU.a(lpc17xx_i2c.o)
 .comment       0x00000000       0x71 C:\Users\Wong Kok Woo\Downloads\EE2024Workspace\Lib_MCU\Debug\libLib_MCU.a(lpc17xx_pinsel.o)
 .comment       0x00000000       0x71 C:\Users\Wong Kok Woo\Downloads\EE2024Workspace\Lib_MCU\Debug\libLib_MCU.a(lpc17xx_ssp.o)
 .comment       0x00000000       0x71 C:\Users\Wong Kok Woo\Downloads\EE2024Workspace\Lib_MCU\Debug\libLib_MCU.a(lpc17xx_uart.o)
 .comment       0x00000000       0x71 C:\Users\Wong Kok Woo\Downloads\EE2024Workspace\Lib_MCU\Debug\libLib_MCU.a(lpc17xx_clkpwr.o)
 .comment       0x00000070       0x2a c:/nxp/lpcxpresso_6.1.4_194/lpcxpresso/tools/bin/../lib/gcc/arm-none-eabi/4.6.2/../../../../arm-none-eabi/lib/armv7-m\libcr_newlib_semihost.a(_cr_sbrk.o)
                                 0x2b (size before relaxing)
 .comment       0x00000000       0x2b c:/nxp/lpcxpresso_6.1.4_194/lpcxpresso/tools/bin/../lib/gcc/arm-none-eabi/4.6.2/../../../../arm-none-eabi/lib/armv7-m\libcr_newlib_semihost.a(syscalls.o)
 .comment       0x00000000       0x2b c:/nxp/lpcxpresso_6.1.4_194/lpcxpresso/tools/bin/../lib/gcc/arm-none-eabi/4.6.2/../../../../arm-none-eabi/lib/armv7-m\libcr_newlib_semihost.a(_cr_check_heap.o)

.ARM.attributes
                0x00000000       0x33
 .ARM.attributes
                0x00000000       0x33 ./src/I-WATCH.o
 .ARM.attributes
                0x00000033       0x33 ./src/cr_startup_lpc17.o
 .ARM.attributes
                0x00000066       0x33 C:\Users\Wong Kok Woo\Downloads\EE2024Workspace\Lib_CMSISv1p30_LPC17xx\Debug\libCMSISv1p30_LPC17xx.a(system_LPC17xx.o)
 .ARM.attributes
                0x00000099       0x33 C:\Users\Wong Kok Woo\Downloads\EE2024Workspace\Lib_EaBaseBoard\Debug\libLib_EaBaseBoard.a(acc.o)
 .ARM.attributes
                0x000000cc       0x33 C:\Users\Wong Kok Woo\Downloads\EE2024Workspace\Lib_EaBaseBoard\Debug\libLib_EaBaseBoard.a(joystick.o)
 .ARM.attributes
                0x000000ff       0x33 C:\Users\Wong Kok Woo\Downloads\EE2024Workspace\Lib_EaBaseBoard\Debug\libLib_EaBaseBoard.a(led7seg.o)
 .ARM.attributes
                0x00000132       0x33 C:\Users\Wong Kok Woo\Downloads\EE2024Workspace\Lib_EaBaseBoard\Debug\libLib_EaBaseBoard.a(light.o)
 .ARM.attributes
                0x00000165       0x33 C:\Users\Wong Kok Woo\Downloads\EE2024Workspace\Lib_EaBaseBoard\Debug\libLib_EaBaseBoard.a(oled.o)
 .ARM.attributes
                0x00000198       0x33 C:\Users\Wong Kok Woo\Downloads\EE2024Workspace\Lib_EaBaseBoard\Debug\libLib_EaBaseBoard.a(pca9532.o)
 .ARM.attributes
                0x000001cb       0x33 C:\Users\Wong Kok Woo\Downloads\EE2024Workspace\Lib_EaBaseBoard\Debug\libLib_EaBaseBoard.a(temp.o)
 .ARM.attributes
                0x000001fe       0x33 C:\Users\Wong Kok Woo\Downloads\EE2024Workspace\Lib_EaBaseBoard\Debug\libLib_EaBaseBoard.a(font5x7.o)
 .ARM.attributes
                0x00000231       0x33 C:\Users\Wong Kok Woo\Downloads\EE2024Workspace\Lib_MCU\Debug\libLib_MCU.a(lpc17xx_gpio.o)
 .ARM.attributes
                0x00000264       0x33 C:\Users\Wong Kok Woo\Downloads\EE2024Workspace\Lib_MCU\Debug\libLib_MCU.a(lpc17xx_i2c.o)
 .ARM.attributes
                0x00000297       0x33 C:\Users\Wong Kok Woo\Downloads\EE2024Workspace\Lib_MCU\Debug\libLib_MCU.a(lpc17xx_pinsel.o)
 .ARM.attributes
                0x000002ca       0x33 C:\Users\Wong Kok Woo\Downloads\EE2024Workspace\Lib_MCU\Debug\libLib_MCU.a(lpc17xx_ssp.o)
 .ARM.attributes
                0x000002fd       0x33 C:\Users\Wong Kok Woo\Downloads\EE2024Workspace\Lib_MCU\Debug\libLib_MCU.a(lpc17xx_uart.o)
 .ARM.attributes
                0x00000330       0x33 C:\Users\Wong Kok Woo\Downloads\EE2024Workspace\Lib_MCU\Debug\libLib_MCU.a(lpc17xx_clkpwr.o)
 .ARM.attributes
                0x00000363       0x1d c:/nxp/lpcxpresso_6.1.4_194/lpcxpresso/tools/bin/../lib/gcc/arm-none-eabi/4.6.2/armv7-m\libgcc.a(_arm_addsubdf3.o)
 .ARM.attributes
                0x00000380       0x1d c:/nxp/lpcxpresso_6.1.4_194/lpcxpresso/tools/bin/../lib/gcc/arm-none-eabi/4.6.2/armv7-m\libgcc.a(_arm_muldivdf3.o)
 .ARM.attributes
                0x0000039d       0x1d c:/nxp/lpcxpresso_6.1.4_194/lpcxpresso/tools/bin/../lib/gcc/arm-none-eabi/4.6.2/armv7-m\libgcc.a(_arm_addsubsf3.o)
 .ARM.attributes
                0x000003ba       0x1d c:/nxp/lpcxpresso_6.1.4_194/lpcxpresso/tools/bin/../lib/gcc/arm-none-eabi/4.6.2/armv7-m\libgcc.a(_aeabi_uldivmod.o)
 .ARM.attributes
                0x000003d7       0x2d c:/nxp/lpcxpresso_6.1.4_194/lpcxpresso/tools/bin/../lib/gcc/arm-none-eabi/4.6.2/armv7-m\libgcc.a(bpabi.o)
 .ARM.attributes
                0x00000404       0x1d c:/nxp/lpcxpresso_6.1.4_194/lpcxpresso/tools/bin/../lib/gcc/arm-none-eabi/4.6.2/armv7-m\libgcc.a(_dvmd_tls.o)
 .ARM.attributes
                0x00000421       0x2d c:/nxp/lpcxpresso_6.1.4_194/lpcxpresso/tools/bin/../lib/gcc/arm-none-eabi/4.6.2/armv7-m\libgcc.a(_divdi3.o)
 .ARM.attributes
                0x0000044e       0x2d c:/nxp/lpcxpresso_6.1.4_194/lpcxpresso/tools/bin/../lib/gcc/arm-none-eabi/4.6.2/armv7-m\libgcc.a(_udivdi3.o)
 .ARM.attributes
                0x0000047b       0x2d c:/nxp/lpcxpresso_6.1.4_194/lpcxpresso/tools/bin/../lib/gcc/arm-none-eabi/4.6.2/../../../../arm-none-eabi/lib/armv7-m\libc.a(lib_a-memset.o)
 .ARM.attributes
                0x000004a8       0x2d c:/nxp/lpcxpresso_6.1.4_194/lpcxpresso/tools/bin/../lib/gcc/arm-none-eabi/4.6.2/../../../../arm-none-eabi/lib/armv7-m\libc.a(lib_a-printf.o)
 .ARM.attributes
                0x000004d5       0x2d c:/nxp/lpcxpresso_6.1.4_194/lpcxpresso/tools/bin/../lib/gcc/arm-none-eabi/4.6.2/../../../../arm-none-eabi/lib/armv7-m\libc.a(lib_a-sprintf.o)
 .ARM.attributes
                0x00000502       0x2d c:/nxp/lpcxpresso_6.1.4_194/lpcxpresso/tools/bin/../lib/gcc/arm-none-eabi/4.6.2/../../../../arm-none-eabi/lib/armv7-m\libc.a(lib_a-strlen.o)
 .ARM.attributes
                0x0000052f       0x2d c:/nxp/lpcxpresso_6.1.4_194/lpcxpresso/tools/bin/../lib/gcc/arm-none-eabi/4.6.2/../../../../arm-none-eabi/lib/armv7-m\libc.a(lib_a-svfprintf.o)
 .ARM.attributes
                0x0000055c       0x2d c:/nxp/lpcxpresso_6.1.4_194/lpcxpresso/tools/bin/../lib/gcc/arm-none-eabi/4.6.2/../../../../arm-none-eabi/lib/armv7-m\libc.a(lib_a-vfprintf.o)
 .ARM.attributes
                0x00000589       0x2d c:/nxp/lpcxpresso_6.1.4_194/lpcxpresso/tools/bin/../lib/gcc/arm-none-eabi/4.6.2/../../../../arm-none-eabi/lib/armv7-m\libc.a(lib_a-wsetup.o)
 .ARM.attributes
                0x000005b6       0x2d c:/nxp/lpcxpresso_6.1.4_194/lpcxpresso/tools/bin/../lib/gcc/arm-none-eabi/4.6.2/../../../../arm-none-eabi/lib/armv7-m\libc.a(lib_a-dtoa.o)
 .ARM.attributes
                0x000005e3       0x2d c:/nxp/lpcxpresso_6.1.4_194/lpcxpresso/tools/bin/../lib/gcc/arm-none-eabi/4.6.2/../../../../arm-none-eabi/lib/armv7-m\libc.a(lib_a-fflush.o)
 .ARM.attributes